Microchip MPLAB XC8 Compiler V1.12 ()

Linker command line:

--edf=C:\Program Files (x86)\Microchip\xc8\v1.12\dat\en_msgs.txt -cs \
  -h+dist/UseC18/debug\Framework.X.debug.sym -z -Q18F2680 -ol.obj \
  -Mdist/UseC18/debug/Framework.X.debug.map -E1 -ver=XC8 -ACODE=00h-0FCFFh \
  -ACONST=00h-0FCFFh -ASMALLCONST=0D00h-0DFFhx240 \
  -AMEDIUMCONST=0D00h-0FCFFh -ACOMRAM=01h-05Fh -AABS1=00h-0CEEh \
  -ABIGRAM=01h-0CEEh -ARAM=060h-0FFh,0100h-01FFhx11,0C00h-0CEEh \
  -ABANK0=060h-0FFh -ABANK1=0100h-01FFh -ABANK2=0200h-02FFh \
  -ABANK3=0300h-03FFh -ABANK4=0400h-04FFh -ABANK5=0500h-05FFh \
  -ABANK6=0600h-06FFh -ABANK7=0700h-07FFh -ABANK8=0800h-08FFh \
  -ABANK9=0900h-09FFh -ABANK10=0A00h-0AFFh -ABANK11=0B00h-0BFFh \
  -ABANK12=0C00h-0CEEh \
  -ASFR=0D00h-0DFFhx2,0F00h-0F5Fh,0F60h-0F9Bh,0F9Dh-0FD3h,0FD5h-0FDAh,0FE0h-0FE2h,0FE8h-0FEAh,0FF0h-0FFBh \
  -preset_vec=00h,intcode=08h,intcodelo=018h,powerup,init,end_init \
  -pramtop=0D00h -psmallconst=SMALLCONST -pmediumconst=MEDIUMCONST \
  -pconst=CONST -AFARRAM=00h-00h -ACONFIG=0300000h-030000Dh -pconfig=CONFIG \
  -AIDLOC=0200000h-0200007h -pidloc=IDLOC -AEEDATA=0F00000h-0F003FFh \
  -peeprom_data=EEDATA \
  -prdata=COMRAM,nvrram=COMRAM,nvbit=COMRAM,rbss=COMRAM,rbit=COMRAM \
  -pfarbss=FARRAM,fardata=FARRAM \
  -pintsave_regs=BIGRAM,bigbss=BIGRAM,bigdata=BIGRAM -pbss=RAM \
  -pidata=CODE,irdata=CODE,ibigdata=CODE,ifardata=CODE \
  C:\Users\Rick\AppData\Local\Temp\s228.obj \
  dist/UseC18/debug\Framework.X.debug.obj 

Object code version is 3.10

Machine type is 18F2680

Call graph: (short form)




                Name                               Link     Load   Length Selector   Space Scale
C:\Users\Rick\AppData\Local\Temp\s228.obj
                end_init                             C2       C2        4        C       0
                reset_vec                             0        0        6        0       0
                idloc                            200000   200000        8   200000       0
                config                           300000   300000        E   300000       0
dist/UseC18/debug\Framework.X.debug.obj
                intcodelo                            18       18       AA        C       0
                intcode                               8        8       10        4       0
                text50                              FB2      FB2       56        C       0
                text49                              612      612      106        C       0
                text48                             1464     1464       14        C       0
                text47                              EA6      EA6       5E        C       0
                text46                             12B6     12B6       38        C       0
                text45                             14AE     14AE       12        C       0
                text44                             14EA     14EA        6        C       0
                text43                             137A     137A       2C        C       0
                text42                              BC0      BC0       9A        C       0
                text41                              DE2      DE2       66        C       0
                text40                              4DA      4DA      138        C       0
                intcode_body                        C5A      C5A       90        C       0
                text38                             1140     1140       48        C       0
                text37                             149C     149C       12        C       0
                text36                             148A     148A       12        C       0
                text35                             127E     127E       38        C       0
                text34                              B0E      B0E       B2        C       0
                text33                             13F8     13F8       24        C       0
                text32                              9A4      9A4       B6        C       0
                text31                             105A     105A       50        C       0
                text29                              A5A      A5A       B4        C       0
                text28                             1450     1450       14        C       0
                text27                             1246     1246       38        C       0
                text26                              F5C      F5C       56        C       0
                text25                              39A      39A      140        C       0
                text24                              CEA      CEA       86        C       0
                text23                             143C     143C       14        C       0
                text22                              E48      E48       5E        C       0
                text21                              F04      F04       58        C       0
                text20                              718      718       E0        C       0
                text19                             10AA     10AA       4E        C       0
                text18                             131E     131E       30        C       0
                text17                             12EE     12EE       30        C       0
                text16                             14C0     14C0       10        C       0
                text15                             14DA     14DA        A        C       0
                text14                             1008     1008       52        C       0
                text13                             141C     141C       20        C       0
                text12                             1478     1478       12        C       0
                text11                             1208     1208       3E        C       0
                text10                             11C8     11C8       40        C       0
                text9                              13A6     13A6       2A        C       0
                text8                               D70      D70       72        C       0
                text7                              14E4     14E4        6        C       0
                text6                              1188     1188       40        C       0
                text5                              14D0     14D0        A        C       0
                text4                              134E     134E       2C        C       0
                text3                               8CE      8CE       D6        C       0
                text2                               7F8      7F8       D6        C       0
                text1                              13D0     13D0       28        C       0
                text0                                C6       C6      2D4        C       0
                cstackCOMRAM                          1        1       2F        1       1
                cstackBANK0                          60       60       4A       60       1
                cstackBANK2                         236      236       27      200       1
                bssBANK2                            200      200       36      200       1
                bssBANK1                            100      100       E8      100       1
                dataBANK0                            C6       C6        2       60       1
                bssBANK0                             AA       AA       1C       60       1
                bssCOMRAM                            30       30        3        1       1
                cinit                              10F8     10F8       48        C       0
                nvCOMRAM                             33       33        2        1       1
                idataBANK0                         14F0     14F0        2        C       0

TOTAL           Name                               Link     Load   Length     Space
        CLASS   CODE           
                end_init                             C2       C2        4         0
                intcodelo                            18       18       AA         0
                intcode                               8        8       10         0
                reset_vec                             0        0        6         0
                text50                              FB2      FB2       56         0
                text49                              612      612      106         0
                text48                             1464     1464       14         0
                text47                              EA6      EA6       5E         0
                text46                             12B6     12B6       38         0
                text45                             14AE     14AE       12         0
                text44                             14EA     14EA        6         0
                text43                             137A     137A       2C         0
                text42                              BC0      BC0       9A         0
                text41                              DE2      DE2       66         0
                text40                              4DA      4DA      138         0
                intcode_body                        C5A      C5A       90         0
                text38                             1140     1140       48         0
                text37                             149C     149C       12         0
                text36                             148A     148A       12         0
                text35                             127E     127E       38         0
                text34                              B0E      B0E       B2         0
                text33                             13F8     13F8       24         0
                text32                              9A4      9A4       B6         0
                text31                             105A     105A       50         0
                text29                              A5A      A5A       B4         0
                text28                             1450     1450       14         0
                text27                             1246     1246       38         0
                text26                              F5C      F5C       56         0
                text25                              39A      39A      140         0
                text24                              CEA      CEA       86         0
                text23                             143C     143C       14         0
                text22                              E48      E48       5E         0
                text21                              F04      F04       58         0
                text20                              718      718       E0         0
                text19                             10AA     10AA       4E         0
                text18                             131E     131E       30         0
                text17                             12EE     12EE       30         0
                text16                             14C0     14C0       10         0
                text15                             14DA     14DA        A         0
                text14                             1008     1008       52         0
                text13                             141C     141C       20         0
                text12                             1478     1478       12         0
                text11                             1208     1208       3E         0
                text10                             11C8     11C8       40         0
                text9                              13A6     13A6       2A         0
                text8                               D70      D70       72         0
                text7                              14E4     14E4        6         0
                text6                              1188     1188       40         0
                text5                              14D0     14D0        A         0
                text4                              134E     134E       2C         0
                text3                               8CE      8CE       D6         0
                text2                               7F8      7F8       D6         0
                text1                              13D0     13D0       28         0
                text0                                C6       C6      2D4         0
                cinit                              10F8     10F8       48         0
                idataBANK0                         14F0     14F0        2         0

        CLASS   CONST          

        CLASS   SMALLCONST     

        CLASS   MEDIUMCONST    

        CLASS   COMRAM         
                cstackCOMRAM                          1        1       2F         1
                bssCOMRAM                            30       30        3         1
                nvCOMRAM                             33       33        2         1

        CLASS   ABS1           

        CLASS   BIGRAM         

        CLASS   RAM            

        CLASS   BANK0          
                cstackBANK0                          60       60       4A         1
                dataBANK0                            C6       C6        2         1
                bssBANK0                             AA       AA       1C         1

        CLASS   BANK1          
                bssBANK1                            100      100       E8         1

        CLASS   BANK2          
                cstackBANK2                         236      236       27         1
                bssBANK2                            200      200       36         1

        CLASS   BANK3          

        CLASS   BANK4          

        CLASS   BANK5          

        CLASS   BANK6          

        CLASS   BANK7          

        CLASS   BANK8          

        CLASS   BANK9          

        CLASS   BANK10         

        CLASS   BANK11         

        CLASS   BANK12         

        CLASS   SFR            

        CLASS   FARRAM         

        CLASS   CONFIG         
                config                           300000   300000        E         0

        CLASS   IDLOC          
                idloc                            200000   200000        8         0

        CLASS   EEDATA         



SEGMENTS        Name                           Load    Length   Top    Selector   Space  Class

                reset_vec                      000000  000006  000006         0       0  CODE    
                cstackCOMRAM                   000001  000034  000035         1       1  COMRAM  
                intcode                        000008  000010  000018         4       0  CODE    
                intcodelo                      000018  0014DA  0014F2         C       0  CODE    
                cstackBANK0                    000060  000068  0000C8        60       1  BANK0   
                bssBANK1                       000100  0000E8  0001E8       100       1  BANK1   
                bssBANK2                       000200  00005D  00025D       200       1  BANK2   
                idloc                          200000  000008  200008    200000       0  IDLOC   
                config                         300000  00000E  30000E    300000       0  CONFIG  


UNUSED ADDRESS RANGES

        Name                Unused          Largest block    Delta
        BANK0            0000C8-0000FF               38
        BANK1            0001E8-0001FF               18
        BANK10           000A00-000AFF              100
        BANK11           000B00-000BFF              100
        BANK12           000C00-000CEE               EF
        BANK2            00025D-0002FF               A3
        BANK3            000300-0003FF              100
        BANK4            000400-0004FF              100
        BANK5            000500-0005FF              100
        BANK6            000600-0006FF              100
        BANK7            000700-0007FF              100
        BANK8            000800-0008FF              100
        BANK9            000900-0009FF              100
        BIGRAM           000035-00005F               2B
                         0000C8-0000FF               38
                         0001E8-0001FF               18
                         00025D-000CEE              A92
        CODE             000006-000007                2
                         0014F2-00FCFF             E80E
        COMRAM           000035-00005F               2B
        CONST            000006-000007                2
                         0014F2-00FCFF             E80E
        EEDATA           F00000-F003FF              400
        MEDIUMCONST      0014F2-00FCFF             E80E
        RAM              0000C8-0000FF               38
                         0001E8-0001FF               18
                         00025D-000CEE              100
        SFR              000D00-000F9B              100
                         000F9D-000FD3               37
                         000FD5-000FDA                6
                         000FE0-000FE2                3
                         000FE8-000FEA                3
                         000FF0-000FFB                C
        SMALLCONST       0014F2-00FCFF              100

                                  Symbol Table

?_DebugPrint                     cstackBANK0  00008A
?_Delay1KTCYx                    cstackBANK0  00008A
?_DriverColorAdd                 cstackBANK0  00008E
?_DriverColorInit                cstackBANK0  00008A
?_DriverIRAdd                    cstackBANK0  00008F
?_DriverIRInit                   cstackBANK0  00008B
?_OpenTimer0                     cstackBANK0  00008A
?_OpenTimer1                     cstackBANK0  00008A
?_OpenUSART                      cstackBANK0  00008A
?_ReadTimer1                     cstackCOMRAM 000001
?_ToMainHigh_recvmsg             cstackBANK0  0000A2
?_ToMainHigh_sendmsg             cstackBANK0  000076
?_ToMainLow_recvmsg              cstackBANK0  0000A2
?_ToMainLow_sendmsg              cstackCOMRAM 000017
?_WriteTimer0                    cstackBANK0  000060
?_WriteTimer1                    cstackCOMRAM 000001
?_check_msg                      cstackBANK0  00008A
?_driverMalloc                   cstackBANK0  00008A
?_i2c_master_recv                cstackBANK0  00008A
?_in_high_int                    cstackBANK0  00008A
?_in_low_int                     cstackBANK0  00008C
?_in_main                        cstackBANK0  00008E
?_init_queue                     cstackBANK0  00008A
?_init_timer1_lthread            cstackBANK0  00008A
?_init_uart_snd_rcv              cstackBANK0  00008D
?_memcpy                         cstackBANK0  00008A
?_recv_msg                       cstackBANK0  000094
?_send_msg                       cstackCOMRAM 00000B
?_timer0_lthread                 cstackBANK0  00008A
?_timer1_lthread                 cstackBANK0  00008A
?_uart_lthread                   cstackBANK0  00008A
?i1_memcpy                       cstackCOMRAM 000001
?i2_check_msg                    cstackBANK0  000060
?i2_in_high_int                  cstackBANK0  000060
?i2_in_low_int                   cstackBANK0  000062
?i2_memcpy                       cstackBANK0  000060
?i2_send_msg                     cstackBANK0  00006A
DebugPrint@out                   cstackBANK0  00008A
Delay1KTCYx@unit                 cstackBANK0  00008A
DriverColorAdd@context           cstackBANK0  00008F
DriverColorAdd@id                cstackBANK0  00008E
DriverColorInit@driver           cstackBANK0  00008A
DriverColorInit@self             cstackBANK0  00008C
DriverIRAdd@context              cstackBANK0  000090
DriverIRAdd@id                   cstackBANK0  00008F
DriverIRInit@driver              cstackBANK0  00008B
DriverIRInit@self                cstackBANK0  00008D
OpenTimer0@config                cstackBANK0  00008A
OpenTimer1@config                cstackBANK0  00008A
OpenUSART@config                 cstackBANK0  00008A
OpenUSART@spbrg                  cstackBANK0  00008B
ReadTimer1@timer                 cstackCOMRAM 000003
ReadUSART@data                   cstackCOMRAM 000001
ToMainHigh_recvmsg@data          cstackBANK0  0000A5
ToMainHigh_recvmsg@maxlength     cstackBANK0  0000A2
ToMainHigh_recvmsg@msgtype       cstackBANK0  0000A3
ToMainHigh_sendmsg@data          cstackBANK0  000078
ToMainHigh_sendmsg@length        cstackBANK0  000076
ToMainHigh_sendmsg@msgtype       cstackBANK0  000077
ToMainLow_recvmsg@data           cstackBANK0  0000A5
ToMainLow_recvmsg@maxlength      cstackBANK0  0000A2
ToMainLow_recvmsg@msgtype        cstackBANK0  0000A3
ToMainLow_sendmsg@data           cstackCOMRAM 000019
ToMainLow_sendmsg@length         cstackCOMRAM 000017
ToMainLow_sendmsg@msgtype        cstackCOMRAM 000018
WriteTimer0@timer                cstackBANK0  000062
WriteTimer0@timer0               cstackBANK0  000060
WriteTimer1@timer                cstackCOMRAM 000003
WriteTimer1@timer1               cstackCOMRAM 000001
_ACKDT                           (abs)        007E2D
_ACKEN                           (abs)        007E2C
_BF                              (abs)        007E38
_DebugPrint                      text7        0014E4
_Delay1KTCYx                     text28       001450
_DriverColorAdd                  text3        0008CE
_DriverColorInit                 text5        0014D0
_DriverColorPoll                 (abs)        000000
_DriverColorRespond              (abs)        000000
_DriverHeap                      bssBANK0     0000BC
_DriverIRAdd                     text2        0007F8
_DriverIRInit                    text6        001188
_DriverIRPoll                    (abs)        000000
_DriverIRRespond                 (abs)        000000
_DriverMotorPoll                 (abs)        000000
_DriverMotorRespond              (abs)        000000
_DriverTable                     bssBANK1     000100
_FromMainHigh_MQ                 bssBANK2     000200
_FromMainLow_MQ                  bssBANK1     000146
_I2CInit                         text13       00141C
_INTCONbits                      (abs)        000FF2
_IPR1bits                        (abs)        000F9F
_InterruptHandlerHigh            intcode      000008
_InterruptHandlerLow             intcodelo    000018
_LATA                            (abs)        000F89
_LATAbits                        (abs)        000F89
_LATBbits                        (abs)        000F8A
_MQ_Main_Willing_to_block        bssBANK0     0000AA
_NumberOfDrivers                 bssBANK0     0000AB
_OSCCON                          (abs)        000FD3
_OSCCONbits                      (abs)        000FD3
_OSCTUNEbits                     (abs)        000F9B
_OpenTimer0                      text9        0013A6
_OpenTimer1                      text11       001208
_OpenUSART                       text29       000A5A
_PEN                             (abs)        007E2A
_PIE1bits                        (abs)        000F9D
_PIR1bits                        (abs)        000F9E
_RCEN                            (abs)        007E2B
_RCONbits                        (abs)        000FD0
_RCREG                           (abs)        000FAE
_RCSTA                           (abs)        000FAB
_RCSTAbits                       (abs)        000FAB
_RSEN                            (abs)        007E29
_ReadTimer1                      text36       00148A
_ReadUSART                       text35       00127E
_SEN                             (abs)        007E28
_SPBRG                           (abs)        000FAF
_SPBRGH                          (abs)        000FB0
_SSPADD                          (abs)        000FC8
_SSPBUF                          (abs)        000FC9
_SSPCON1                         (abs)        000FC6
_SSPCON1bits                     (abs)        000FC6
_SSPCON2                         (abs)        000FC5
_SSPCON2bits                     (abs)        000FC5
_SSPIF                           (abs)        007CF3
_SSPSTAT                         (abs)        000FC7
_SSPSTATbits                     (abs)        000FC7
_SleepIfOkay                     text42       000BC0
_T0CON                           (abs)        000FD5
_T0CONbits                       (abs)        000FD5
_T1CON                           (abs)        000FCD
_T1CONbits                       (abs)        000FCD
_TMR0H                           (abs)        000FD7
_TMR0L                           (abs)        000FD6
_TMR1H                           (abs)        000FCF
_TMR1L                           (abs)        000FCE
_TRISA                           (abs)        000F92
_TRISC3                          (abs)        007CA3
_TRISC4                          (abs)        007CA4
_TRISCbits                       (abs)        000F94
_TXREG                           (abs)        000FAD
_TXSTA                           (abs)        000FAC
_TXSTAbits                       (abs)        000FAC
_ToMainHigh_MQ                   bssBANK1     00017C
_ToMainHigh_recvmsg              text17       0012EE
_ToMainHigh_sendmsg              text43       00137A
_ToMainLow_MQ                    bssBANK1     0001B2
_ToMainLow_recvmsg               text18       00131E
_ToMainLow_sendmsg               text33       0013F8
_USART_Status                    bssCOMRAM    000032
_WriteTimer0                     text45       0014AE
_WriteTimer1                     text37       00149C
__CFG_BBSIZ$1024                 (abs)        000000
__CFG_BOREN$OFF                  (abs)        000000
__CFG_BORV$3                     (abs)        000000
__CFG_FCMEN$OFF                  (abs)        000000
__CFG_IESO$OFF                   (abs)        000000
__CFG_LPT1OSC$OFF                (abs)        000000
__CFG_LVP$OFF                    (abs)        000000
__CFG_MCLRE$ON                   (abs)        000000
__CFG_OSC$IRCIO67                (abs)        000000
__CFG_PBADEN$OFF                 (abs)        000000
__CFG_PWRT$OFF                   (abs)        000000
__CFG_STVREN$OFF                 (abs)        000000
__CFG_WDT$OFF                    (abs)        000000
__CFG_WDTPS$32768                (abs)        000000
__HRAM                           (abs)        000000
__Habs1                          abs1         000000
__Hbank0                         bank0        000000
__Hbank1                         bank1        000000
__Hbank10                        bank10       000000
__Hbank11                        bank11       000000
__Hbank12                        bank12       000000
__Hbank2                         bank2        000000
__Hbank3                         bank3        000000
__Hbank4                         bank4        000000
__Hbank5                         bank5        000000
__Hbank6                         bank6        000000
__Hbank7                         bank7        000000
__Hbank8                         bank8        000000
__Hbank9                         bank9        000000
__Hbigbss                        bigbss       000000
__Hbigdata                       bigdata      000000
__Hbigram                        bigram       000000
__Hbss                           bss          000000
__HbssBANK0                      bssBANK0     000000
__HbssBANK1                      bssBANK1     000000
__HbssBANK2                      bssBANK2     000000
__HbssCOMRAM                     bssCOMRAM    000000
__Hcinit                         cinit        000000
__Hclrtext                       clrtext      000000
__Hcomram                        comram       000000
__Hconfig                        config       30000E
__Hconst                         const        000000
__HcstackBANK0                   cstackBANK0  000000
__HcstackBANK2                   cstackBANK2  000000
__HcstackCOMRAM                  cstackCOMRAM 000000
__Hdata                          data         000000
__HdataBANK0                     dataBANK0    000000
__Heeprom_data                   eeprom_data  000000
__Hend_init                      end_init     0000C6
__Hfarbss                        farbss       000000
__Hfardata                       fardata      000000
__Hibigdata                      ibigdata     000000
__Hidata                         idata        000000
__HidataBANK0                    idataBANK0   000000
__Hidloc                         idloc        200008
__Hifardata                      ifardata     000000
__Hinit                          init         0000C2
__Hintcode                       intcode      000018
__Hintcode_body                  intcode_body 000000
__Hintcodelo                     intcodelo    0000C2
__Hintentry                      intentry     000000
__Hintret                        intret       000000
__Hintsave_regs                  intsave_regs 000000
__Hirdata                        irdata       000000
__Hmediumconst                   mediumconst  000000
__HnvCOMRAM                      nvCOMRAM     000000
__Hnvbit                         nvbit        000000
__Hnvrram                        nvrram       000000
__Hparam                         param0       000000
__Hparam0                        param0       000000
__Hpowerup                       powerup      0000C2
__Hram                           ram          000000
__Hramtop                        ramtop       000D00
__Hrbit                          rbit         000000
__Hrbss                          rbss         000000
__Hrdata                         rdata        000000
__Hreset_vec                     reset_vec    000006
__Hsfr                           sfr          000000
__Hsmallconst                    smallconst   000000
__Hstruct                        struct       000000
__Htemp                          temp         000000
__Htext                          text         000000
__Htext0                         text0        000000
__Htext1                         text1        000000
__Htext10                        text10       000000
__Htext11                        text11       000000
__Htext12                        text12       000000
__Htext13                        text13       000000
__Htext14                        text14       000000
__Htext15                        text15       000000
__Htext16                        text16       000000
__Htext17                        text17       000000
__Htext18                        text18       000000
__Htext19                        text19       000000
__Htext2                         text2        000000
__Htext20                        text20       000000
__Htext21                        text21       000000
__Htext22                        text22       000000
__Htext23                        text23       000000
__Htext24                        text24       000000
__Htext25                        text25       000000
__Htext26                        text26       000000
__Htext27                        text27       000000
__Htext28                        text28       000000
__Htext29                        text29       000000
__Htext3                         text3        000000
__Htext31                        text31       000000
__Htext32                        text32       000000
__Htext33                        text33       000000
__Htext34                        text34       000000
__Htext35                        text35       000000
__Htext36                        text36       000000
__Htext37                        text37       000000
__Htext38                        text38       000000
__Htext4                         text4        000000
__Htext40                        text40       000000
__Htext41                        text41       000000
__Htext42                        text42       000000
__Htext43                        text43       000000
__Htext44                        text44       000000
__Htext45                        text45       000000
__Htext46                        text46       000000
__Htext47                        text47       000000
__Htext48                        text48       000000
__Htext49                        text49       000000
__Htext5                         text5        000000
__Htext50                        text50       000000
__Htext51                        text51       000000
__Htext6                         text6        000000
__Htext7                         text7        000000
__Htext8                         text8        000000
__Htext9                         text9        000000
__LRAM                           (abs)        000001
__Labs1                          abs1         000000
__Lbank0                         bank0        000000
__Lbank1                         bank1        000000
__Lbank10                        bank10       000000
__Lbank11                        bank11       000000
__Lbank12                        bank12       000000
__Lbank2                         bank2        000000
__Lbank3                         bank3        000000
__Lbank4                         bank4        000000
__Lbank5                         bank5        000000
__Lbank6                         bank6        000000
__Lbank7                         bank7        000000
__Lbank8                         bank8        000000
__Lbank9                         bank9        000000
__Lbigbss                        bigbss       000000
__Lbigdata                       bigdata      000000
__Lbigram                        bigram       000000
__Lbss                           bss          000000
__LbssBANK0                      bssBANK0     000000
__LbssBANK1                      bssBANK1     000000
__LbssBANK2                      bssBANK2     000000
__LbssCOMRAM                     bssCOMRAM    000000
__Lcinit                         cinit        000000
__Lclrtext                       clrtext      000000
__Lcomram                        comram       000000
__Lconfig                        config       300000
__Lconst                         const        000000
__LcstackBANK0                   cstackBANK0  000000
__LcstackBANK2                   cstackBANK2  000000
__LcstackCOMRAM                  cstackCOMRAM 000000
__Ldata                          data         000000
__LdataBANK0                     dataBANK0    000000
__Leeprom_data                   eeprom_data  000000
__Lend_init                      end_init     0000C2
__Lfarbss                        farbss       000000
__Lfardata                       fardata      000000
__Libigdata                      ibigdata     000000
__Lidata                         idata        000000
__LidataBANK0                    idataBANK0   000000
__Lidloc                         idloc        200000
__Lifardata                      ifardata     000000
__Linit                          init         0000C2
__Lintcode                       intcode      000008
__Lintcode_body                  intcode_body 000000
__Lintcodelo                     intcodelo    000018
__Lintentry                      intentry     000000
__Lintret                        intret       000000
__Lintsave_regs                  intsave_regs 000000
__Lirdata                        irdata       000000
__Lmediumconst                   mediumconst  000000
__LnvCOMRAM                      nvCOMRAM     000000
__Lnvbit                         nvbit        000000
__Lnvrram                        nvrram       000000
__Lparam                         param0       000000
__Lparam0                        param0       000000
__Lpowerup                       powerup      0000C2
__Lram                           ram          000000
__Lramtop                        ramtop       000D00
__Lrbit                          rbit         000000
__Lrbss                          rbss         000000
__Lrdata                         rdata        000000
__Lreset_vec                     reset_vec    000000
__Lsfr                           sfr          000000
__Lsmallconst                    smallconst   000000
__Lstruct                        struct       000000
__Ltemp                          temp         000000
__Ltext                          text         000000
__Ltext0                         text0        000000
__Ltext1                         text1        000000
__Ltext10                        text10       000000
__Ltext11                        text11       000000
__Ltext12                        text12       000000
__Ltext13                        text13       000000
__Ltext14                        text14       000000
__Ltext15                        text15       000000
__Ltext16                        text16       000000
__Ltext17                        text17       000000
__Ltext18                        text18       000000
__Ltext19                        text19       000000
__Ltext2                         text2        000000
__Ltext20                        text20       000000
__Ltext21                        text21       000000
__Ltext22                        text22       000000
__Ltext23                        text23       000000
__Ltext24                        text24       000000
__Ltext25                        text25       000000
__Ltext26                        text26       000000
__Ltext27                        text27       000000
__Ltext28                        text28       000000
__Ltext29                        text29       000000
__Ltext3                         text3        000000
__Ltext31                        text31       000000
__Ltext32                        text32       000000
__Ltext33                        text33       000000
__Ltext34                        text34       000000
__Ltext35                        text35       000000
__Ltext36                        text36       000000
__Ltext37                        text37       000000
__Ltext38                        text38       000000
__Ltext4                         text4        000000
__Ltext40                        text40       000000
__Ltext41                        text41       000000
__Ltext42                        text42       000000
__Ltext43                        text43       000000
__Ltext44                        text44       000000
__Ltext45                        text45       000000
__Ltext46                        text46       000000
__Ltext47                        text47       000000
__Ltext48                        text48       000000
__Ltext49                        text49       000000
__Ltext5                         text5        000000
__Ltext50                        text50       000000
__Ltext51                        text51       000000
__Ltext6                         text6        000000
__Ltext7                         text7        000000
__Ltext8                         text8        000000
__Ltext9                         text9        000000
__S0                             (abs)        30000E
__S1                             (abs)        00025D
__accesstop                      (abs)        000060
__activetblptr                   (abs)        000000
__end_of_DebugPrint              text7        0014EA
__end_of_Delay1KTCYx             text28       001464
__end_of_DriverColorAdd          text3        0009A4
__end_of_DriverColorInit         text5        0014DA
__end_of_DriverIRAdd             text2        0008CE
__end_of_DriverIRInit            text6        0011C8
__end_of_I2CInit                 text13       00143C
__end_of_InterruptHandlerHigh    intcode_body 000CEA
__end_of_InterruptHandlerLow     intcodelo    0000C2
__end_of_OpenTimer0              text9        0013D0
__end_of_OpenTimer1              text11       001246
__end_of_OpenUSART               text29       000B0E
__end_of_ReadTimer1              text36       00149C
__end_of_ReadUSART               text35       0012B6
__end_of_SleepIfOkay             text42       000C5A
__end_of_ToMainHigh_recvmsg      text17       00131E
__end_of_ToMainHigh_sendmsg      text43       0013A6
__end_of_ToMainLow_recvmsg       text18       00134E
__end_of_ToMainLow_sendmsg       text33       00141C
__end_of_WriteTimer0             text45       0014C0
__end_of_WriteTimer1             text37       0014AE
__end_of__initialization         cinit        00113A
__end_of_block_on_To_msgqueues   text20       0007F8
__end_of_check_msg               text27       00127E
__end_of_driverMalloc            text4        00137A
__end_of_enable_interrupts       text1        0013F8
__end_of_enter_sleep_mode        text44       0014F0
__end_of_i2c_master_int_handler  text40       000612
__end_of_i2c_master_recv         text14       00105A
__end_of_in_high_int             text23       001450
__end_of_in_low_int              text22       000EA6
__end_of_in_main                 text21       000F5C
__end_of_init_queue              text24       000D70
__end_of_init_queues             text8        000DE2
__end_of_init_timer1_lthread     text12       00148A
__end_of_init_uart_snd_rcv       text10       001208
__end_of_main                    text0        00039A
__end_of_memcpy                  text26       000FB2
__end_of_recv_msg                text25       0004DA
__end_of_send_msg                text34       000BC0
__end_of_timer0_int_handler      text41       000E48
__end_of_timer0_lthread          text15       0014E4
__end_of_timer1_int_handler      text31       0010AA
__end_of_timer1_lthread          text16       0014D0
__end_of_uart_lthread            text19       0010F8
__end_of_uart_recv_int_handler   text32       000A5A
__end_ofi1_memcpy                text38       001188
__end_ofi2_check_msg             text46       0012EE
__end_ofi2_in_high_int           text48       001478
__end_ofi2_in_low_int            text47       000F04
__end_ofi2_memcpy                text50       001008
__end_ofi2_send_msg              text49       000718
__initialization                 cinit        0010F8
__mediumconst                    mediumconst  000000
__pbssBANK0                      bssBANK0     0000AA
__pbssBANK1                      bssBANK1     000100
__pbssBANK2                      bssBANK2     000200
__pbssCOMRAM                     bssCOMRAM    000030
__pcinit                         cinit        0010F8
__pcstackBANK0                   cstackBANK0  000060
__pcstackBANK2                   cstackBANK2  000236
__pcstackCOMRAM                  cstackCOMRAM 000001
__pdataBANK0                     dataBANK0    0000C6
__pidataBANK0                    idataBANK0   0014F0
__pintcode                       intcode      000008
__pintcode_body                  intcode_body 000C5A
__pintcodelo                     intcodelo    000018
__pnvCOMRAM                      nvCOMRAM     000033
__ptext0                         text0        0000C6
__ptext1                         text1        0013D0
__ptext10                        text10       0011C8
__ptext11                        text11       001208
__ptext12                        text12       001478
__ptext13                        text13       00141C
__ptext14                        text14       001008
__ptext15                        text15       0014DA
__ptext16                        text16       0014C0
__ptext17                        text17       0012EE
__ptext18                        text18       00131E
__ptext19                        text19       0010AA
__ptext2                         text2        0007F8
__ptext20                        text20       000718
__ptext21                        text21       000F04
__ptext22                        text22       000E48
__ptext23                        text23       00143C
__ptext24                        text24       000CEA
__ptext25                        text25       00039A
__ptext26                        text26       000F5C
__ptext27                        text27       001246
__ptext28                        text28       001450
__ptext29                        text29       000A5A
__ptext3                         text3        0008CE
__ptext31                        text31       00105A
__ptext32                        text32       0009A4
__ptext33                        text33       0013F8
__ptext34                        text34       000B0E
__ptext35                        text35       00127E
__ptext36                        text36       00148A
__ptext37                        text37       00149C
__ptext38                        text38       001140
__ptext4                         text4        00134E
__ptext40                        text40       0004DA
__ptext41                        text41       000DE2
__ptext42                        text42       000BC0
__ptext43                        text43       00137A
__ptext44                        text44       0014EA
__ptext45                        text45       0014AE
__ptext46                        text46       0012B6
__ptext47                        text47       000EA6
__ptext48                        text48       001464
__ptext49                        text49       000612
__ptext5                         text5        0014D0
__ptext50                        text50       000FB2
__ptext51                        text51       000000
__ptext6                         text6        001188
__ptext7                         text7        0014E4
__ptext8                         text8        000D70
__ptext9                         text9        0013A6
__ramtop                         ramtop       000D00
__size_of_DebugPrint             (abs)        000000
__size_of_Delay1KTCYx            (abs)        000000
__size_of_DriverColorAdd         (abs)        000000
__size_of_DriverColorInit        (abs)        000000
__size_of_DriverIRAdd            (abs)        000000
__size_of_DriverIRInit           (abs)        000000
__size_of_I2CInit                (abs)        000000
__size_of_InterruptHandlerHigh   (abs)        000000
__size_of_InterruptHandlerLow    (abs)        000000
__size_of_OpenTimer0             (abs)        000000
__size_of_OpenTimer1             (abs)        000000
__size_of_OpenUSART              (abs)        000000
__size_of_ReadTimer1             (abs)        000000
__size_of_ReadUSART              (abs)        000000
__size_of_SleepIfOkay            (abs)        000000
__size_of_ToMainHigh_recvmsg     (abs)        000000
__size_of_ToMainHigh_sendmsg     (abs)        000000
__size_of_ToMainLow_recvmsg      (abs)        000000
__size_of_ToMainLow_sendmsg      (abs)        000000
__size_of_WriteTimer0            (abs)        000000
__size_of_WriteTimer1            (abs)        000000
__size_of_block_on_To_msgqueues  (abs)        000000
__size_of_check_msg              (abs)        000000
__size_of_driverMalloc           (abs)        000000
__size_of_enable_interrupts      (abs)        000000
__size_of_enter_sleep_mode       (abs)        000000
__size_of_i2c_master_int_handler (abs)        000000
__size_of_i2c_master_recv        (abs)        000000
__size_of_in_high_int            (abs)        000000
__size_of_in_low_int             (abs)        000000
__size_of_in_main                (abs)        000000
__size_of_init_queue             (abs)        000000
__size_of_init_queues            (abs)        000000
__size_of_init_timer1_lthread    (abs)        000000
__size_of_init_uart_snd_rcv      (abs)        000000
__size_of_main                   (abs)        000000
__size_of_memcpy                 (abs)        000000
__size_of_recv_msg               (abs)        000000
__size_of_send_msg               (abs)        000000
__size_of_timer0_int_handler     (abs)        000000
__size_of_timer0_lthread         (abs)        000000
__size_of_timer1_int_handler     (abs)        000000
__size_of_timer1_lthread         (abs)        000000
__size_of_uart_lthread           (abs)        000000
__size_of_uart_recv_int_handler  (abs)        000000
__size_ofi1_memcpy               (abs)        000000
__size_ofi2_check_msg            (abs)        000000
__size_ofi2_in_high_int          (abs)        000000
__size_ofi2_in_low_int           (abs)        000000
__size_ofi2_memcpy               (abs)        000000
__size_ofi2_send_msg             (abs)        000000
__smallconst                     smallconst   000000
_block_on_To_msgqueues           text20       000718
_check_msg                       text27       001246
_driverMalloc                    text4        00134E
_enable_interrupts               text1        0013D0
_enter_sleep_mode                text44       0014EA
_heapPointer                     dataBANK0    0000C6
_i2c_master_int_handler          text40       0004DA
_i2c_master_recv                 text14       001008
_i2c_p                           bssBANK0     0000AC
_ic_ptr                          bssCOMRAM    000030
_in_high_int                     text23       00143C
_in_low_int                      text22       000E48
_in_main                         text21       000F04
_init_queue                      text24       000CEA
_init_queues                     text8        000D70
_init_timer1_lthread             text12       001478
_init_uart_snd_rcv               text10       0011C8
_main                            text0        0000C6
_memcpy                          text26       000F5C
_recv_msg                        text25       00039A
_send_msg                        text34       000B0E
_timer0_int_handler              text41       000DE2
_timer0_lthread                  text15       0014DA
_timer1_int_handler              text31       00105A
_timer1_lthread                  text16       0014C0
_uart_lthread                    text19       0010AA
_uart_recv_int_handler           text32       0009A4
_uc_ptr                          nvCOMRAM     000033
check_msg@qptr                   cstackBANK0  00008A
driverMalloc@size                cstackBANK0  00008A
driverMalloc@temp                cstackBANK0  00008C
end_of_initialization            cinit        00113A
i1_memcpy                        text38       001140
i1memcpy@d                       cstackCOMRAM 000007
i1memcpy@d1                      cstackCOMRAM 000001
i1memcpy@n                       cstackCOMRAM 000005
i1memcpy@s                       cstackCOMRAM 000009
i1memcpy@s1                      cstackCOMRAM 000003
i2_check_msg                     text46       0012B6
i2_in_high_int                   text48       001464
i2_in_low_int                    text47       000EA6
i2_memcpy                        text50       000FB2
i2_send_msg                      text49       000612
i2c_master_recv@ID               cstackBANK0  00008A
i2c_master_recv@adr              cstackBANK0  00008B
i2c_master_recv@length           cstackBANK0  00008C
i2check_msg@qptr                 cstackBANK0  000060
i2memcpy@d                       cstackBANK0  000066
i2memcpy@d1                      cstackBANK0  000060
i2memcpy@n                       cstackBANK0  000064
i2memcpy@s                       cstackBANK0  000068
i2memcpy@s1                      cstackBANK0  000062
i2send_msg@data                  cstackBANK0  00006E
i2send_msg@length                cstackBANK0  00006C
i2send_msg@msgtype               cstackBANK0  00006D
i2send_msg@qmsg                  cstackBANK0  000074
i2send_msg@qptr                  cstackBANK0  00006A
i2send_msg@slot                  cstackBANK0  000073
i2send_msg@tlength               cstackBANK0  000071
init_queue@i                     cstackBANK0  00008D
init_queue@qptr                  cstackBANK0  00008A
init_timer1_lthread@tptr         cstackBANK0  00008A
init_uart_snd_rcv@uc             cstackBANK0  00008D
int_func                         intcode_body 000C5A
intlevel0                        text         000000
intlevel1                        text         000000
intlevel2                        text         000000
intlevel3                        text         000000
main@last_reg_recvd              cstackBANK2  000236
main@length                      cstackBANK2  000248
main@msgbuffer                   cstackBANK2  000237
main@msgtype                     cstackBANK2  000249
main@t0thread_data               cstackBANK2  000244
main@t1thread_data               cstackBANK2  000246
main@uc                          cstackBANK2  00024A
main@uthread_data                cstackBANK2  000242
memcpy@d                         cstackBANK0  000090
memcpy@d1                        cstackBANK0  00008A
memcpy@n                         cstackBANK0  00008E
memcpy@s                         cstackBANK0  000092
memcpy@s1                        cstackBANK0  00008C
recv_msg@data                    cstackBANK0  000099
recv_msg@maxlength               cstackBANK0  000096
recv_msg@msgtype                 cstackBANK0  000097
recv_msg@qmsg                    cstackBANK0  0000A0
recv_msg@qptr                    cstackBANK0  000094
recv_msg@slot                    cstackBANK0  00009D
recv_msg@tlength                 cstackBANK0  00009E
send_msg@data                    cstackCOMRAM 00000F
send_msg@length                  cstackCOMRAM 00000D
send_msg@msgtype                 cstackCOMRAM 00000E
send_msg@qmsg                    cstackCOMRAM 000015
send_msg@qptr                    cstackCOMRAM 00000B
send_msg@slot                    cstackCOMRAM 000014
send_msg@tlength                 cstackCOMRAM 000012
start                            init         0000C2
start_initialization             cinit        0010F8
timer0_lthread@msgbuffer         cstackBANK0  000090
timer0_lthread@msgval            cstackBANK0  000092
timer1_int_handler@result        cstackCOMRAM 00001D
timer1_lthread@tptr              cstackBANK0  00008A
uart_lthread@length              cstackBANK0  00008E
uart_lthread@msgbuffer           cstackBANK0  000090
uart_lthread@msgtype             cstackBANK0  00008C


FUNCTION INFORMATION:

 *************** function _main *****************
 Defined at:
		line 125 in file "../src/main.c"
 Parameters:    Size  Location     Type
		None
 Auto vars:     Size  Location     Type
  uc             19   20[BANK2 ] struct __uart_comm
  msgbuffer      11    1[BANK2 ] unsigned char [11]
  ADCbufferI2C    8    0        unsigned char [8]
  t1thread_dat    2   16[BANK2 ] struct __timer1_thread_s
  t0thread_dat    2   14[BANK2 ] struct __timer0_thread_s
  uthread_data    2   12[BANK2 ] struct __uart_thread_str
  msgtype         1   19[BANK2 ] unsigned char 
  length          1   18[BANK2 ] char 
  last_reg_rec    1    0[BANK2 ] unsigned char 
  i               1    0        unsigned char 
  c               1    0        unsigned char 
  ADCBufferLen    1    0        unsigned char 
 Return value:  Size  Location     Type
		None               void
 Registers used:
		wreg, fsr1l, fsr1h, fsr2l, fsr2h, status,2, status,0, prodl, prodh, cstack
 Tracked objects:
		On entry : 
		On exit  : 
		Unchanged: 
 Data sizes:     COMRAM   BANK0   BANK1   BANK2   BANK3   BANK4   BANK5   BANK6   BANK7   BANK8   BANK9  BANK10  BANK11  BANK12
      Params:         0       0       0       0       0       0       0       0       0       0       0       0       0       0
      Locals:         0       0       0      39       0       0       0       0       0       0       0       0       0       0
      Temps:          0       3       0       0       0       0       0       0       0       0       0       0       0       0
      Totals:         0       3       0      39       0       0       0       0       0       0       0       0       0       0
Total ram usage:       42 bytes
 Hardware stack levels required when called:   14
 This function calls:
		_init_uart_snd_rcv
		_init_timer1_lthread
		_init_queues
		_OpenTimer0
		_OpenTimer1
		_enable_interrupts
		_I2CInit
		_DriverColorAdd
		_DriverIRAdd
		_block_on_To_msgqueues
		_ToMainHigh_recvmsg
		_timer0_lthread
		_ToMainLow_recvmsg
		_i2c_master_recv
		_timer1_lthread
		_uart_lthread
 This function is called by:
		Startup code after reset
 This function uses a non-reentrant model


 *************** function _enable_interrupts *****************
 Defined at:
		line 15 in file "../src/interrupts.c"
 Parameters:    Size  Location     Type
		None
 Auto vars:     Size  Location     Type
		None
 Return value:  Size  Location     Type
		None               void
 Registers used:
		wreg, status,2, status,0
 Tracked objects:
		On entry : 
		On exit  : 
		Unchanged: 
 Data sizes:     COMRAM   BANK0   BANK1   BANK2   BANK3   BANK4   BANK5   BANK6   BANK7   BANK8   BANK9  BANK10  BANK11  BANK12
      Params:         0       0       0       0       0       0       0       0       0       0       0       0       0       0
      Locals:         0       0       0       0       0       0       0       0       0       0       0       0       0       0
      Temps:          0       1       0       0       0       0       0       0       0       0       0       0       0       0
      Totals:         0       1       0       0       0       0       0       0       0       0       0       0       0       0
Total ram usage:        1 bytes
 Hardware stack levels used:    1
 Hardware stack levels required when called:   10
 This function calls:
		Nothing
 This function is called by:
		_main
 This function uses a non-reentrant model


 *************** function _DriverIRAdd *****************
 Defined at:
		line 31 in file "../src/IR.h"
 Parameters:    Size  Location     Type
  id              1   47[BANK0 ] unsigned char 
 Auto vars:     Size  Location     Type
  context         2   48[BANK0 ] PTR struct DRIVER_T
		 -> DriverHeap(10), 
 Return value:  Size  Location     Type
		None               void
 Registers used:
		wreg, fsr2l, fsr2h, status,2, status,0, prodl, prodh, cstack
 Tracked objects:
		On entry : 
		On exit  : 
		Unchanged: 
 Data sizes:     COMRAM   BANK0   BANK1   BANK2   BANK3   BANK4   BANK5   BANK6   BANK7   BANK8   BANK9  BANK10  BANK11  BANK12
      Params:         0       1       0       0       0       0       0       0       0       0       0       0       0       0
      Locals:         0       2       0       0       0       0       0       0       0       0       0       0       0       0
      Temps:          0       0       0       0       0       0       0       0       0       0       0       0       0       0
      Totals:         0       3       0       0       0       0       0       0       0       0       0       0       0       0
Total ram usage:        3 bytes
 Hardware stack levels used:    1
 Hardware stack levels required when called:   12
 This function calls:
		_driverMalloc
		_DriverIRInit
 This function is called by:
		_main
 This function uses a non-reentrant model


 *************** function _DriverColorAdd *****************
 Defined at:
		line 32 in file "../src/Color.h"
 Parameters:    Size  Location     Type
  id              1   46[BANK0 ] unsigned char 
 Auto vars:     Size  Location     Type
  context         2   47[BANK0 ] PTR struct DRIVER_T
		 -> DriverHeap(10), 
 Return value:  Size  Location     Type
		None               void
 Registers used:
		wreg, fsr2l, fsr2h, status,2, status,0, prodl, prodh, cstack
 Tracked objects:
		On entry : 
		On exit  : 
		Unchanged: 
 Data sizes:     COMRAM   BANK0   BANK1   BANK2   BANK3   BANK4   BANK5   BANK6   BANK7   BANK8   BANK9  BANK10  BANK11  BANK12
      Params:         0       1       0       0       0       0       0       0       0       0       0       0       0       0
      Locals:         0       2       0       0       0       0       0       0       0       0       0       0       0       0
      Temps:          0       0       0       0       0       0       0       0       0       0       0       0       0       0
      Totals:         0       3       0       0       0       0       0       0       0       0       0       0       0       0
Total ram usage:        3 bytes
 Hardware stack levels used:    1
 Hardware stack levels required when called:   11
 This function calls:
		_driverMalloc
		_DriverColorInit
 This function is called by:
		_main
 This function uses a non-reentrant model


 *************** function _driverMalloc *****************
 Defined at:
		line 10 in file "../src/drivers.h"
 Parameters:    Size  Location     Type
  size            2   42[BANK0 ] int 
 Auto vars:     Size  Location     Type
  temp            2   44[BANK0 ] PTR unsigned char 
		 -> DriverHeap(10), 
 Return value:  Size  Location     Type
                  2   42[BANK0 ] PTR unsigned char 
 Registers used:
		wreg, status,2, status,0
 Tracked objects:
		On entry : 
		On exit  : 
		Unchanged: 
 Data sizes:     COMRAM   BANK0   BANK1   BANK2   BANK3   BANK4   BANK5   BANK6   BANK7   BANK8   BANK9  BANK10  BANK11  BANK12
      Params:         0       2       0       0       0       0       0       0       0       0       0       0       0       0
      Locals:         0       2       0       0       0       0       0       0       0       0       0       0       0       0
      Temps:          0       0       0       0       0       0       0       0       0       0       0       0       0       0
      Totals:         0       4       0       0       0       0       0       0       0       0       0       0       0       0
Total ram usage:        4 bytes
 Hardware stack levels used:    1
 Hardware stack levels required when called:   10
 This function calls:
		Nothing
 This function is called by:
		_DriverColorAdd
		_DriverIRAdd
		_DriverMotorAdd
 This function uses a non-reentrant model


 *************** function _DriverColorInit *****************
 Defined at:
		line 12 in file "../src/Color.h"
 Parameters:    Size  Location     Type
  driver          2   42[BANK0 ] PTR struct DRIVER_T
		 -> DriverHeap(10), 
 Auto vars:     Size  Location     Type
  self            2   44[BANK0 ] PTR struct DRIVERColorME
		 -> DriverHeap(10), 
 Return value:  Size  Location     Type
		None               void
 Registers used:
		None
 Tracked objects:
		On entry : 
		On exit  : 
		Unchanged: 
 Data sizes:     COMRAM   BANK0   BANK1   BANK2   BANK3   BANK4   BANK5   BANK6   BANK7   BANK8   BANK9  BANK10  BANK11  BANK12
      Params:         0       2       0       0       0       0       0       0       0       0       0       0       0       0
      Locals:         0       2       0       0       0       0       0       0       0       0       0       0       0       0
      Temps:          0       0       0       0       0       0       0       0       0       0       0       0       0       0
      Totals:         0       4       0       0       0       0       0       0       0       0       0       0       0       0
Total ram usage:        4 bytes
 Hardware stack levels used:    1
 Hardware stack levels required when called:   10
 This function calls:
		Nothing
 This function is called by:
		_DriverColorAdd
 This function uses a non-reentrant model


 *************** function _DriverIRInit *****************
 Defined at:
		line 12 in file "../src/IR.h"
 Parameters:    Size  Location     Type
  driver          2   43[BANK0 ] PTR struct DRIVER_T
		 -> DriverHeap(10), 
 Auto vars:     Size  Location     Type
  self            2   45[BANK0 ] PTR struct DRIVERIRMEMBE
		 -> DriverHeap(10), 
 Return value:  Size  Location     Type
		None               void
 Registers used:
		wreg, fsr2l, fsr2h, status,2, status,0, cstack
 Tracked objects:
		On entry : 
		On exit  : 
		Unchanged: 
 Data sizes:     COMRAM   BANK0   BANK1   BANK2   BANK3   BANK4   BANK5   BANK6   BANK7   BANK8   BANK9  BANK10  BANK11  BANK12
      Params:         0       2       0       0       0       0       0       0       0       0       0       0       0       0
      Locals:         0       2       0       0       0       0       0       0       0       0       0       0       0       0
      Temps:          0       0       0       0       0       0       0       0       0       0       0       0       0       0
      Totals:         0       4       0       0       0       0       0       0       0       0       0       0       0       0
Total ram usage:        4 bytes
 Hardware stack levels used:    1
 Hardware stack levels required when called:   11
 This function calls:
		_DebugPrint
 This function is called by:
		_DriverIRAdd
 This function uses a non-reentrant model


 *************** function _DebugPrint *****************
 Defined at:
		line 3 in file "../src/debug.c"
 Parameters:    Size  Location     Type
  out             1   42[BANK0 ] unsigned char 
 Auto vars:     Size  Location     Type
		None
 Return value:  Size  Location     Type
		None               void
 Registers used:
		None
 Tracked objects:
		On entry : 
		On exit  : 
		Unchanged: 
 Data sizes:     COMRAM   BANK0   BANK1   BANK2   BANK3   BANK4   BANK5   BANK6   BANK7   BANK8   BANK9  BANK10  BANK11  BANK12
      Params:         0       1       0       0       0       0       0       0       0       0       0       0       0       0
      Locals:         0       0       0       0       0       0       0       0       0       0       0       0       0       0
      Temps:          0       0       0       0       0       0       0       0       0       0       0       0       0       0
      Totals:         0       1       0       0       0       0       0       0       0       0       0       0       0       0
Total ram usage:        1 bytes
 Hardware stack levels used:    1
 Hardware stack levels required when called:   10
 This function calls:
		Nothing
 This function is called by:
		_DriverIRInit
		_DriverMotorInit
 This function uses a non-reentrant model


 *************** function _init_queues *****************
 Defined at:
		line 194 in file "../src/messages.c"
 Parameters:    Size  Location     Type
		None
 Auto vars:     Size  Location     Type
		None
 Return value:  Size  Location     Type
		None               void
 Registers used:
		wreg, fsr2l, fsr2h, status,2, status,0, prodl, prodh, cstack
 Tracked objects:
		On entry : 
		On exit  : 
		Unchanged: 
 Data sizes:     COMRAM   BANK0   BANK1   BANK2   BANK3   BANK4   BANK5   BANK6   BANK7   BANK8   BANK9  BANK10  BANK11  BANK12
      Params:         0       0       0       0       0       0       0       0       0       0       0       0       0       0
      Locals:         0       0       0       0       0       0       0       0       0       0       0       0       0       0
      Temps:          0       1       0       0       0       0       0       0       0       0       0       0       0       0
      Totals:         0       1       0       0       0       0       0       0       0       0       0       0       0       0
Total ram usage:        1 bytes
 Hardware stack levels used:    1
 Hardware stack levels required when called:   11
 This function calls:
		_init_queue
 This function is called by:
		_main
 This function uses a non-reentrant model


 *************** function _OpenTimer0 *****************
 Defined at:
		line 19 in file "plib/Timers/t0open.c"
 Parameters:    Size  Location     Type
  config          1   42[BANK0 ] unsigned char 
 Auto vars:     Size  Location     Type
		None
 Return value:  Size  Location     Type
		None               void
 Registers used:
		wreg, status,2, status,0
 Tracked objects:
		On entry : 
		On exit  : 
		Unchanged: 
 Data sizes:     COMRAM   BANK0   BANK1   BANK2   BANK3   BANK4   BANK5   BANK6   BANK7   BANK8   BANK9  BANK10  BANK11  BANK12
      Params:         0       1       0       0       0       0       0       0       0       0       0       0       0       0
      Locals:         0       0       0       0       0       0       0       0       0       0       0       0       0       0
      Temps:          0       0       0       0       0       0       0       0       0       0       0       0       0       0
      Totals:         0       1       0       0       0       0       0       0       0       0       0       0       0       0
Total ram usage:        1 bytes
 Hardware stack levels used:    1
 Hardware stack levels required when called:   10
 This function calls:
		Nothing
 This function is called by:
		_main
 This function uses a non-reentrant model


 *************** function _init_uart_snd_rcv *****************
 Defined at:
		line 62 in file "../src/my_uart.c"
 Parameters:    Size  Location     Type
  uc              2   45[BANK0 ] PTR struct __uart_comm
		 -> main@uc(19), 
 Auto vars:     Size  Location     Type
		None
 Return value:  Size  Location     Type
		None               void
 Registers used:
		wreg, fsr2l, fsr2h, status,2, status,0, cstack
 Tracked objects:
		On entry : 
		On exit  : 
		Unchanged: 
 Data sizes:     COMRAM   BANK0   BANK1   BANK2   BANK3   BANK4   BANK5   BANK6   BANK7   BANK8   BANK9  BANK10  BANK11  BANK12
      Params:         0       2       0       0       0       0       0       0       0       0       0       0       0       0
      Locals:         0       0       0       0       0       0       0       0       0       0       0       0       0       0
      Temps:          0       1       0       0       0       0       0       0       0       0       0       0       0       0
      Totals:         0       3       0       0       0       0       0       0       0       0       0       0       0       0
Total ram usage:        3 bytes
 Hardware stack levels used:    1
 Hardware stack levels required when called:   11
 This function calls:
		_OpenUSART
 This function is called by:
		_main
 This function uses a non-reentrant model


 *************** function _OpenTimer1 *****************
 Defined at:
		line 17 in file "plib/Timers/t1open.c"
 Parameters:    Size  Location     Type
  config          1   42[BANK0 ] unsigned char 
 Auto vars:     Size  Location     Type
		None
 Return value:  Size  Location     Type
		None               void
 Registers used:
		wreg, status,2, status,0
 Tracked objects:
		On entry : 
		On exit  : 
		Unchanged: 
 Data sizes:     COMRAM   BANK0   BANK1   BANK2   BANK3   BANK4   BANK5   BANK6   BANK7   BANK8   BANK9  BANK10  BANK11  BANK12
      Params:         0       1       0       0       0       0       0       0       0       0       0       0       0       0
      Locals:         0       0       0       0       0       0       0       0       0       0       0       0       0       0
      Temps:          0       0       0       0       0       0       0       0       0       0       0       0       0       0
      Totals:         0       1       0       0       0       0       0       0       0       0       0       0       0       0
Total ram usage:        1 bytes
 Hardware stack levels used:    1
 Hardware stack levels required when called:   10
 This function calls:
		Nothing
 This function is called by:
		_main
 This function uses a non-reentrant model


 *************** function _init_timer1_lthread *****************
 Defined at:
		line 6 in file "../src/timer1_thread.c"
 Parameters:    Size  Location     Type
  tptr            2   42[BANK0 ] PTR struct __timer1_thre
		 -> main@t1thread_data(2), 
 Auto vars:     Size  Location     Type
		None
 Return value:  Size  Location     Type
		None               void
 Registers used:
		wreg, fsr2l, fsr2h
 Tracked objects:
		On entry : 
		On exit  : 
		Unchanged: 
 Data sizes:     COMRAM   BANK0   BANK1   BANK2   BANK3   BANK4   BANK5   BANK6   BANK7   BANK8   BANK9  BANK10  BANK11  BANK12
      Params:         0       2       0       0       0       0       0       0       0       0       0       0       0       0
      Locals:         0       0       0       0       0       0       0       0       0       0       0       0       0       0
      Temps:          0       0       0       0       0       0       0       0       0       0       0       0       0       0
      Totals:         0       2       0       0       0       0       0       0       0       0       0       0       0       0
Total ram usage:        2 bytes
 Hardware stack levels used:    1
 Hardware stack levels required when called:   10
 This function calls:
		Nothing
 This function is called by:
		_main
 This function uses a non-reentrant model


 *************** function _I2CInit *****************
 Defined at:
		line 142 in file "../src/i2cMaster.c"
 Parameters:    Size  Location     Type
		None
 Auto vars:     Size  Location     Type
		None
 Return value:  Size  Location     Type
		None               void
 Registers used:
		wreg, status,2, status,0
 Tracked objects:
		On entry : 
		On exit  : 
		Unchanged: 
 Data sizes:     COMRAM   BANK0   BANK1   BANK2   BANK3   BANK4   BANK5   BANK6   BANK7   BANK8   BANK9  BANK10  BANK11  BANK12
      Params:         0       0       0       0       0       0       0       0       0       0       0       0       0       0
      Locals:         0       0       0       0       0       0       0       0       0       0       0       0       0       0
      Temps:          0       1       0       0       0       0       0       0       0       0       0       0       0       0
      Totals:         0       1       0       0       0       0       0       0       0       0       0       0       0       0
Total ram usage:        1 bytes
 Hardware stack levels used:    1
 Hardware stack levels required when called:   10
 This function calls:
		Nothing
 This function is called by:
		_main
 This function uses a non-reentrant model


 *************** function _i2c_master_recv *****************
 Defined at:
		line 64 in file "../src/i2cMaster.c"
 Parameters:    Size  Location     Type
  ID              1   42[BANK0 ] unsigned char 
  adr             1   43[BANK0 ] unsigned char 
  length          1   44[BANK0 ] unsigned char 
 Auto vars:     Size  Location     Type
		None
 Return value:  Size  Location     Type
                  1    wreg      unsigned char 
 Registers used:
		wreg, status,2, status,0
 Tracked objects:
		On entry : 
		On exit  : 
		Unchanged: 
 Data sizes:     COMRAM   BANK0   BANK1   BANK2   BANK3   BANK4   BANK5   BANK6   BANK7   BANK8   BANK9  BANK10  BANK11  BANK12
      Params:         0       3       0       0       0       0       0       0       0       0       0       0       0       0
      Locals:         0       0       0       0       0       0       0       0       0       0       0       0       0       0
      Temps:          0       1       0       0       0       0       0       0       0       0       0       0       0       0
      Totals:         0       4       0       0       0       0       0       0       0       0       0       0       0       0
Total ram usage:        4 bytes
 Hardware stack levels used:    1
 Hardware stack levels required when called:   10
 This function calls:
		Nothing
 This function is called by:
		_main
 This function uses a non-reentrant model


 *************** function _timer0_lthread *****************
 Defined at:
		line 9 in file "../src/timer0_thread.c"
 Parameters:    Size  Location     Type
  tptr            2   42[BANK0 ] PTR struct __timer0_thre
		 -> main@t0thread_data(2), 
  msgtype         2   44[BANK0 ] int 
  length          2   46[BANK0 ] int 
  msgbuffer       2   48[BANK0 ] PTR unsigned char 
		 -> main@msgbuffer(11), 
 Auto vars:     Size  Location     Type
  msgval          2   50[BANK0 ] PTR unsigned int 
		 -> main@msgbuffer(11), 
 Return value:  Size  Location     Type
                  2   42[BANK0 ] int 
 Registers used:
		None
 Tracked objects:
		On entry : 
		On exit  : 
		Unchanged: 
 Data sizes:     COMRAM   BANK0   BANK1   BANK2   BANK3   BANK4   BANK5   BANK6   BANK7   BANK8   BANK9  BANK10  BANK11  BANK12
      Params:         0       8       0       0       0       0       0       0       0       0       0       0       0       0
      Locals:         0       2       0       0       0       0       0       0       0       0       0       0       0       0
      Temps:          0       0       0       0       0       0       0       0       0       0       0       0       0       0
      Totals:         0      10       0       0       0       0       0       0       0       0       0       0       0       0
Total ram usage:       10 bytes
 Hardware stack levels used:    1
 Hardware stack levels required when called:   10
 This function calls:
		Nothing
 This function is called by:
		_main
 This function uses a non-reentrant model


 *************** function _timer1_lthread *****************
 Defined at:
		line 14 in file "../src/timer1_thread.c"
 Parameters:    Size  Location     Type
  tptr            2   42[BANK0 ] PTR struct __timer1_thre
		 -> main@t1thread_data(2), 
  msgtype         2   44[BANK0 ] int 
  length          2   46[BANK0 ] int 
  msgbuffer       2   48[BANK0 ] PTR unsigned char 
		 -> main@msgbuffer(11), 
 Auto vars:     Size  Location     Type
  retval          1    0        char 
 Return value:  Size  Location     Type
                  2   42[BANK0 ] int 
 Registers used:
		wreg, fsr2l, fsr2h, status,2, status,0
 Tracked objects:
		On entry : 
		On exit  : 
		Unchanged: 
 Data sizes:     COMRAM   BANK0   BANK1   BANK2   BANK3   BANK4   BANK5   BANK6   BANK7   BANK8   BANK9  BANK10  BANK11  BANK12
      Params:         0       8       0       0       0       0       0       0       0       0       0       0       0       0
      Locals:         0       0       0       0       0       0       0       0       0       0       0       0       0       0
      Temps:          0       0       0       0       0       0       0       0       0       0       0       0       0       0
      Totals:         0       8       0       0       0       0       0       0       0       0       0       0       0       0
Total ram usage:        8 bytes
 Hardware stack levels used:    1
 Hardware stack levels required when called:   10
 This function calls:
		Nothing
 This function is called by:
		_main
 This function uses a non-reentrant model


 *************** function _ToMainHigh_recvmsg *****************
 Defined at:
		line 135 in file "../src/messages.c"
 Parameters:    Size  Location     Type
  maxlength       1   66[BANK0 ] unsigned char 
  msgtype         2   67[BANK0 ] PTR unsigned char 
		 -> main@msgtype(1), 
  data            2   69[BANK0 ] PTR void 
		 -> main@msgbuffer(11), 
 Auto vars:     Size  Location     Type
		None
 Return value:  Size  Location     Type
                  1    wreg      char 
 Registers used:
		wreg, fsr1l, fsr1h, fsr2l, fsr2h, status,2, status,0, prodl, prodh, cstack
 Tracked objects:
		On entry : 
		On exit  : 
		Unchanged: 
 Data sizes:     COMRAM   BANK0   BANK1   BANK2   BANK3   BANK4   BANK5   BANK6   BANK7   BANK8   BANK9  BANK10  BANK11  BANK12
      Params:         0       5       0       0       0       0       0       0       0       0       0       0       0       0
      Locals:         0       0       0       0       0       0       0       0       0       0       0       0       0       0
      Temps:          0       0       0       0       0       0       0       0       0       0       0       0       0       0
      Totals:         0       5       0       0       0       0       0       0       0       0       0       0       0       0
Total ram usage:        5 bytes
 Hardware stack levels used:    1
 Hardware stack levels required when called:   12
 This function calls:
		_recv_msg
 This function is called by:
		_main
 This function uses a non-reentrant model


 *************** function _ToMainLow_recvmsg *****************
 Defined at:
		line 112 in file "../src/messages.c"
 Parameters:    Size  Location     Type
  maxlength       1   66[BANK0 ] unsigned char 
  msgtype         2   67[BANK0 ] PTR unsigned char 
		 -> main@msgtype(1), 
  data            2   69[BANK0 ] PTR void 
		 -> main@msgbuffer(11), 
 Auto vars:     Size  Location     Type
		None
 Return value:  Size  Location     Type
                  1    wreg      char 
 Registers used:
		wreg, fsr1l, fsr1h, fsr2l, fsr2h, status,2, status,0, prodl, prodh, cstack
 Tracked objects:
		On entry : 
		On exit  : 
		Unchanged: 
 Data sizes:     COMRAM   BANK0   BANK1   BANK2   BANK3   BANK4   BANK5   BANK6   BANK7   BANK8   BANK9  BANK10  BANK11  BANK12
      Params:         0       5       0       0       0       0       0       0       0       0       0       0       0       0
[...]
 This function calls:
		_i2c_master_int_handler
		_timer0_int_handler
		_SleepIfOkay
 This function is called by:
		Interrupt level 2
 This function uses a non-reentrant model


 *************** function _i2c_master_int_handler *****************
 Defined at:
		line 82 in file "../src/i2cMaster.c"
 Parameters:    Size  Location     Type
		None
 Auto vars:     Size  Location     Type
		None
 Return value:  Size  Location     Type
		None               void
 Registers used:
		wreg, fsr2l, fsr2h, status,2, status,0, prodl, prodh
 Tracked objects:
		On entry : 
		On exit  : 
		Unchanged: 
 Data sizes:     COMRAM   BANK0   BANK1   BANK2   BANK3   BANK4   BANK5   BANK6   BANK7   BANK8   BANK9  BANK10  BANK11  BANK12
      Params:         0       0       0       0       0       0       0       0       0       0       0       0       0       0
      Locals:         0       0       0       0       0       0       0       0       0       0       0       0       0       0
      Temps:          0       1       0       0       0       0       0       0       0       0       0       0       0       0
      Totals:         0       1       0       0       0       0       0       0       0       0       0       0       0       0
Total ram usage:        1 bytes
 Hardware stack levels used:    1
 This function calls:
		Nothing
 This function is called by:
		_InterruptHandlerHigh
 This function uses a non-reentrant model


 *************** function _timer0_int_handler *****************
 Defined at:
		line 16 in file "../src/user_interrupts.c"
 Parameters:    Size  Location     Type
		None
 Auto vars:     Size  Location     Type
  msgtype         2    0        int 
  length          2    0        int 
  val             2    0        unsigned int 
 Return value:  Size  Location     Type
		None               void
 Registers used:
		wreg, fsr1l, fsr1h, fsr2l, fsr2h, status,2, status,0, prodl, prodh, cstack
 Tracked objects:
		On entry : 
		On exit  : 
		Unchanged: 
 Data sizes:     COMRAM   BANK0   BANK1   BANK2   BANK3   BANK4   BANK5   BANK6   BANK7   BANK8   BANK9  BANK10  BANK11  BANK12
      Params:         0       0       0       0       0       0       0       0       0       0       0       0       0       0
      Locals:         0       0       0       0       0       0       0       0       0       0       0       0       0       0
      Temps:          0       2       0       0       0       0       0       0       0       0       0       0       0       0
      Totals:         0       2       0       0       0       0       0       0       0       0       0       0       0       0
Total ram usage:        2 bytes
 Hardware stack levels used:    1
 Hardware stack levels required when called:    3
 This function calls:
		_ToMainHigh_sendmsg
		_WriteTimer0
 This function is called by:
		_InterruptHandlerHigh
 This function uses a non-reentrant model


 *************** function _SleepIfOkay *****************
 Defined at:
		line 228 in file "../src/messages.c"
 Parameters:    Size  Location     Type
		None
 Auto vars:     Size  Location     Type
		None
 Return value:  Size  Location     Type
		None               void
 Registers used:
		wreg, fsr2l, fsr2h, status,2, status,0, prodl, prodh, cstack
 Tracked objects:
		On entry : 
		On exit  : 
		Unchanged: 
 Data sizes:     COMRAM   BANK0   BANK1   BANK2   BANK3   BANK4   BANK5   BANK6   BANK7   BANK8   BANK9  BANK10  BANK11  BANK12
      Params:         0       0       0       0       0       0       0       0       0       0       0       0       0       0
      Locals:         0       0       0       0       0       0       0       0       0       0       0       0       0       0
      Temps:          0       0       0       0       0       0       0       0       0       0       0       0       0       0
      Totals:         0       0       0       0       0       0       0       0       0       0       0       0       0       0
Total ram usage:        0 bytes
 Hardware stack levels used:    1
 Hardware stack levels required when called:    2
 This function calls:
		i2_in_low_int
		i2_in_high_int
		i2_check_msg
		_enter_sleep_mode
 This function is called by:
		_InterruptHandlerHigh
 This function uses a non-reentrant model


 *************** function _ToMainHigh_sendmsg *****************
 Defined at:
		line 126 in file "../src/messages.c"
 Parameters:    Size  Location     Type
  length          1   22[BANK0 ] unsigned char 
  msgtype         1   23[BANK0 ] unsigned char 
  data            2   24[BANK0 ] PTR void 
		 -> NULL(0), i2c_int_handler@error_buf(3), 
 Auto vars:     Size  Location     Type
		None
 Return value:  Size  Location     Type
                  1    wreg      char 
 Registers used:
		wreg, fsr1l, fsr1h, fsr2l, fsr2h, status,2, status,0, prodl, prodh, cstack
 Tracked objects:
		On entry : 
		On exit  : 
		Unchanged: 
 Data sizes:     COMRAM   BANK0   BANK1   BANK2   BANK3   BANK4   BANK5   BANK6   BANK7   BANK8   BANK9  BANK10  BANK11  BANK12
      Params:         0       4       0       0       0       0       0       0       0       0       0       0       0       0
      Locals:         0       0       0       0       0       0       0       0       0       0       0       0       0       0
      Temps:          0       0       0       0       0       0       0       0       0       0       0       0       0       0
      Totals:         0       4       0       0       0       0       0       0       0       0       0       0       0       0
Total ram usage:        4 bytes
 Hardware stack levels used:    1
 Hardware stack levels required when called:    2
 This function calls:
		i2_send_msg
 This function is called by:
		_timer0_int_handler
		_i2c_int_handler
 This function uses a non-reentrant model


 *************** function _enter_sleep_mode *****************
 Defined at:
		line 202 in file "../src/messages.c"
 Parameters:    Size  Location     Type
		None
 Auto vars:     Size  Location     Type
		None
 Return value:  Size  Location     Type
		None               void
 Registers used:
		None
 Tracked objects:
		On entry : 
		On exit  : 
		Unchanged: 
 Data sizes:     COMRAM   BANK0   BANK1   BANK2   BANK3   BANK4   BANK5   BANK6   BANK7   BANK8   BANK9  BANK10  BANK11  BANK12
      Params:         0       0       0       0       0       0       0       0       0       0       0       0       0       0
      Locals:         0       0       0       0       0       0       0       0       0       0       0       0       0       0
      Temps:          0       0       0       0       0       0       0       0       0       0       0       0       0       0
      Totals:         0       0       0       0       0       0       0       0       0       0       0       0       0       0
Total ram usage:        0 bytes
 Hardware stack levels used:    1
 This function calls:
		Nothing
 This function is called by:
		_SleepIfOkay
 This function uses a non-reentrant model


 *************** function _WriteTimer0 *****************
 Defined at:
		line 17 in file "plib/Timers/t0write.c"
 Parameters:    Size  Location     Type
  timer0          2    0[BANK0 ] unsigned int 
 Auto vars:     Size  Location     Type
  timer           2    2[BANK0 ] struct Timers
 Return value:  Size  Location     Type
		None               void
 Registers used:
		None
 Tracked objects:
		On entry : 
		On exit  : 
		Unchanged: 
 Data sizes:     COMRAM   BANK0   BANK1   BANK2   BANK3   BANK4   BANK5   BANK6   BANK7   BANK8   BANK9  BANK10  BANK11  BANK12
      Params:         0       2       0       0       0       0       0       0       0       0       0       0       0       0
      Locals:         0       2       0       0       0       0       0       0       0       0       0       0       0       0
      Temps:          0       0       0       0       0       0       0       0       0       0       0       0       0       0
      Totals:         0       4       0       0       0       0       0       0       0       0       0       0       0       0
Total ram usage:        4 bytes
 Hardware stack levels used:    1
 This function calls:
		Nothing
 This function is called by:
		_timer0_int_handler
 This function uses a non-reentrant model


 *************** function i2_check_msg *****************
 Defined at:
		line 222 in file "../src/messages.c"
 Parameters:    Size  Location     Type
  check_msg       2    0[BANK0 ] PTR struct __msg_queue
		 -> ToMainHigh_MQ(54), ToMainLow_MQ(54), 
 Auto vars:     Size  Location     Type
		None
 Return value:  Size  Location     Type
                  1    wreg      unsigned char 
 Registers used:
		wreg, fsr2l, fsr2h, status,2, status,0, prodl, prodh
 Tracked objects:
		On entry : 
		On exit  : 
		Unchanged: 
 Data sizes:     COMRAM   BANK0   BANK1   BANK2   BANK3   BANK4   BANK5   BANK6   BANK7   BANK8   BANK9  BANK10  BANK11  BANK12
      Params:         0       2       0       0       0       0       0       0       0       0       0       0       0       0
      Locals:         0       0       0       0       0       0       0       0       0       0       0       0       0       0
      Temps:          0       1       0       0       0       0       0       0       0       0       0       0       0       0
      Totals:         0       3       0       0       0       0       0       0       0       0       0       0       0       0
Total ram usage:        3 bytes
 Hardware stack levels used:    1
 This function calls:
		Nothing
 This function is called by:
		_SleepIfOkay
 This function uses a non-reentrant model


 *************** function i2_in_low_int *****************
 Defined at:
		line 32 in file "../src/interrupts.c"
 Parameters:    Size  Location     Type
		None
 Auto vars:     Size  Location     Type
		None
 Return value:  Size  Location     Type
                  2    2[BANK0 ] int 
 Registers used:
		wreg, status,2, status,0, cstack
 Tracked objects:
		On entry : 
		On exit  : 
		Unchanged: 
 Data sizes:     COMRAM   BANK0   BANK1   BANK2   BANK3   BANK4   BANK5   BANK6   BANK7   BANK8   BANK9  BANK10  BANK11  BANK12
      Params:         0       2       0       0       0       0       0       0       0       0       0       0       0       0
      Locals:         0       0       0       0       0       0       0       0       0       0       0       0       0       0
      Temps:          0       0       0       0       0       0       0       0       0       0       0       0       0       0
      Totals:         0       2       0       0       0       0       0       0       0       0       0       0       0       0
Total ram usage:        2 bytes
 Hardware stack levels used:    1
 Hardware stack levels required when called:    1
 This function calls:
		i2_in_high_int
 This function is called by:
		_SleepIfOkay
 This function uses a non-reentrant model


 *************** function i2_in_high_int *****************
 Defined at:
		line 24 in file "../src/interrupts.c"
 Parameters:    Size  Location     Type
		None
 Auto vars:     Size  Location     Type
		None
 Return value:  Size  Location     Type
                  2    0[BANK0 ] int 
 Registers used:
		wreg, status,2
 Tracked objects:
		On entry : 
		On exit  : 
		Unchanged: 
 Data sizes:     COMRAM   BANK0   BANK1   BANK2   BANK3   BANK4   BANK5   BANK6   BANK7   BANK8   BANK9  BANK10  BANK11  BANK12
      Params:         0       2       0       0       0       0       0       0       0       0       0       0       0       0
      Locals:         0       0       0       0       0       0       0       0       0       0       0       0       0       0
      Temps:          0       0       0       0       0       0       0       0       0       0       0       0       0       0
      Totals:         0       2       0       0       0       0       0       0       0       0       0       0       0       0
Total ram usage:        2 bytes
 Hardware stack levels used:    1
 This function calls:
		Nothing
 This function is called by:
		_SleepIfOkay
		i2_in_low_int
 This function uses a non-reentrant model


 *************** function i2_send_msg *****************
 Defined at:
		line 24 in file "../src/messages.c"
 Parameters:    Size  Location     Type
  send_msg        2   10[BANK0 ] PTR struct __msg_queue
		 -> FromMainHigh_MQ(54), FromMainLow_MQ(54), ToMainHigh_MQ(54), ToMainLow_MQ(54), 
  send_msg        1   12[BANK0 ] unsigned char 
  send_msg        1   13[BANK0 ] unsigned char 
  send_msg        2   14[BANK0 ] PTR void 
		 -> NULL(0), i2c_int_handler@error_buf(3), main@uc(19), 
 Auto vars:     Size  Location     Type
  send_msg        2   20[BANK0 ] PTR struct __msg
		 -> FromMainHigh_MQ(54), FromMainLow_MQ(54), ToMainHigh_MQ(54), ToMainLow_MQ(54), 
  send_msg        2   17[BANK0 ] unsigned int 
  send_msg        1   19[BANK0 ] unsigned char 
 Return value:  Size  Location     Type
                  1    wreg      char 
 Registers used:
		wreg, fsr1l, fsr1h, fsr2l, fsr2h, status,2, status,0, prodl, prodh, cstack
 Tracked objects:
		On entry : 
		On exit  : 
		Unchanged: 
 Data sizes:     COMRAM   BANK0   BANK1   BANK2   BANK3   BANK4   BANK5   BANK6   BANK7   BANK8   BANK9  BANK10  BANK11  BANK12
      Params:         0       6       0       0       0       0       0       0       0       0       0       0       0       0
      Locals:         0       5       0       0       0       0       0       0       0       0       0       0       0       0
      Temps:          0       1       0       0       0       0       0       0       0       0       0       0       0       0
      Totals:         0      12       0       0       0       0       0       0       0       0       0       0       0       0
Total ram usage:       12 bytes
 Hardware stack levels used:    1
 Hardware stack levels required when called:    1
 This function calls:
		i2_memcpy
 This function is called by:
		_ToMainHigh_sendmsg
 This function uses a non-reentrant model


 *************** function i2_memcpy *****************
 Defined at:
		line 13 in file "C:\Program Files (x86)\Microchip\xc8\v1.12\sources\memcpy.c"
 Parameters:    Size  Location     Type
  memcpy          2    0[BANK0 ] PTR void 
		 -> FromMainHigh_MQ(54), FromMainLow_MQ(54), ToMainHigh_MQ(54), ToMainLow_MQ(54), 
		 -> main@msgbuffer(11), 
  memcpy          2    2[BANK0 ] PTR const void 
		 -> NULL(0), i2c_int_handler@error_buf(3), FromMainHigh_MQ(54), FromMainLow_MQ(54), 
		 -> ToMainHigh_MQ(54), ToMainLow_MQ(54), main@uc(19), 
  memcpy          2    4[BANK0 ] unsigned int 
 Auto vars:     Size  Location     Type
  memcpy          2    8[BANK0 ] PTR const unsigned char 
		 -> NULL(0), i2c_int_handler@error_buf(3), FromMainHigh_MQ(54), FromMainLow_MQ(54), 
		 -> ToMainHigh_MQ(54), ToMainLow_MQ(54), main@uc(19), 
  memcpy          2    6[BANK0 ] PTR unsigned char 
		 -> FromMainHigh_MQ(54), FromMainLow_MQ(54), ToMainHigh_MQ(54), ToMainLow_MQ(54), 
		 -> main@msgbuffer(11), 
 Return value:  Size  Location     Type
                  2    0[BANK0 ] PTR void 
 Registers used:
		wreg, fsr1l, fsr1h, fsr2l, fsr2h, status,2, status,0
 Tracked objects:
		On entry : 
		On exit  : 
		Unchanged: 
 Data sizes:     COMRAM   BANK0   BANK1   BANK2   BANK3   BANK4   BANK5   BANK6   BANK7   BANK8   BANK9  BANK10  BANK11  BANK12
      Params:         0       6       0       0       0       0       0       0       0       0       0       0       0       0
      Locals:         0       4       0       0       0       0       0       0       0       0       0       0       0       0
      Temps:          0       0       0       0       0       0       0       0       0       0       0       0       0       0
      Totals:         0      10       0       0       0       0       0       0       0       0       0       0       0       0
Total ram usage:       10 bytes
 Hardware stack levels used:    1
 This function calls:
		Nothing
 This function is called by:
		i2_send_msg
 This function uses a non-reentrant model



MODULE INFORMATION

Module		Function		Class		Link	Load	Size
../src/drivers.h
		_driverMalloc  		CODE           	134E	0000	44

../src/drivers.h estimated size: 44

../src/IR.h
		_DriverIRAdd   		CODE           	07F8	0000	214
		_DriverIRInit  		CODE           	1188	0000	64

../src/IR.h estimated size: 278

plib/Timers/t0open.c
		_OpenTimer0    		CODE           	13A6	0000	42

plib/Timers/t0open.c estimated size: 42

plib/Timers/t1open.c
		_OpenTimer1    		CODE           	1208	0000	62

plib/Timers/t1open.c estimated size: 62

../src/i2cMaster.c
		_i2c_master_rec		CODE           	1008	0000	82
		_i2c_master_int		CODE           	04DA	0000	312
		_I2CInit       		CODE           	141C	0000	32

../src/i2cMaster.c estimated size: 426

../src/user_interrupts.c
		_timer0_int_han		CODE           	0DE2	0000	102
		_timer1_int_han		CODE           	105A	0000	80

../src/user_interrupts.c estimated size: 182

../src/timer0_thread.c
		_timer0_lthread		CODE           	14DA	0000	10

../src/timer0_thread.c estimated size: 10

shared
		i2_send_msg    		CODE           	0612	0000	262
		i2_in_high_int 		CODE           	1464	0000	20
		__initializatio		CODE           	10F8	0000	66
		i2_in_low_int  		CODE           	0EA6	0000	94
		i1_memcpy      		CODE           	1140	0000	72
		i2_memcpy      		CODE           	0FB2	0000	86
		i2_check_msg   		CODE           	12B6	0000	56

shared estimated size: 656

C:\Program Files (x86)\Microchip\xc8\v1.12\sources\memcpy.c
		_memcpy        		CODE           	0F5C	0000	86

C:\Program Files (x86)\Microchip\xc8\v1.12\sources\memcpy.c estimated size: 86

plib/USART/uopen.c
		_OpenUSART     		CODE           	0A5A	0000	180

plib/USART/uopen.c estimated size: 180

../src/timer1_thread.c
		_timer1_lthread		CODE           	14C0	0000	16
		_init_timer1_lt		CODE           	1478	0000	18

../src/timer1_thread.c estimated size: 34

../src/debug.c
		_DebugPrint    		CODE           	14E4	0000	6

../src/debug.c estimated size: 6

plib/Timers/t0write.c
		_WriteTimer0   		CODE           	14AE	0000	18

plib/Timers/t0write.c estimated size: 18

plib/Timers/t1write.c
		_WriteTimer1   		CODE           	149C	0000	18

plib/Timers/t1write.c estimated size: 18

../src/uart_thread.c
		_uart_lthread  		CODE           	10AA	0000	78

../src/uart_thread.c estimated size: 78

../common/d1ktcyx.c
		_Delay1KTCYx   		CODE           	1450	0000	20

../common/d1ktcyx.c estimated size: 20

../src/interrupts.c
		_enable_interru		CODE           	13D0	0000	40
		_in_low_int    		CODE           	0E48	0000	94
		_in_main       		CODE           	0F04	0000	88
		_in_high_int   		CODE           	143C	0000	20
		_InterruptHandl		CODE           	0018	0000	170
		_InterruptHandl		CODE           	0008	0000	3298

../src/interrupts.c estimated size: 3710

plib/Timers/t1read.c
		_ReadTimer1    		CODE           	148A	0000	18

plib/Timers/t1read.c estimated size: 18

../src/my_uart.c
		_uart_recv_int_		CODE           	09A4	0000	182
		_init_uart_snd_		CODE           	11C8	0000	64

../src/my_uart.c estimated size: 246

../src/Color.h
		_DriverColorIni		CODE           	14D0	0000	10
		_DriverColorAdd		CODE           	08CE	0000	214

../src/Color.h estimated size: 224

../src/messages.c
		_ToMainHigh_sen		CODE           	137A	0000	44
		_ToMainHigh_rec		CODE           	12EE	0000	48
		_block_on_To_ms		CODE           	0718	0000	224
		_check_msg     		CODE           	1246	0000	56
		_ToMainLow_send		CODE           	13F8	0000	36
		_ToMainLow_recv		CODE           	131E	0000	48
		_enter_sleep_mo		CODE           	14EA	0000	6
		_send_msg      		CODE           	0B0E	0000	178
		_init_queue    		CODE           	0CEA	0000	134
		_init_queues   		CODE           	0D70	0000	114
		_recv_msg      		CODE           	039A	0000	320
		_SleepIfOkay   		CODE           	0BC0	0000	154

../src/messages.c estimated size: 1362

plib/USART/uread.c
		_ReadUSART     		CODE           	127E	0000	56

plib/USART/uread.c estimated size: 56

../src/main.c
		_main          		CODE           	00C6	0000	724

../src/main.c estimated size: 724

