Microchip MPLAB XC8 Compiler V1.12 ()

Linker command line:

--edf=/Applications/microchip/xc8/v1.12/dat/en_msgs.txt -cs \
  -h+dist/UseC18/debug/Framework.X.debug.sym -z -Q18F26J50 -ol.obj \
  -Mdist/UseC18/debug/Framework.X.debug.map -E1 -ver=XC8 -ACODE=00h-0FFF7h \
  -ACONST=00h-0FFF7h -ASMALLCONST=0F00h-0FFFhx240,0FF00h-0FFF7h \
  -AMEDIUMCONST=0F00h-0FFF7h -ACOMRAM=01h-05Fh -AABS1=00h-0EBFh \
  -ABIGRAM=01h-0EBFh -ARAM=060h-0FFh,0100h-01FFhx13,0E00h-0EBFh \
  -ABANK0=060h-0FFh -ABANK1=0100h-01FFh -ABANK2=0200h-02FFh \
  -ABANK3=0300h-03FFh -ABANK4=0400h-04FFh -ABANK5=0500h-05FFh \
  -ABANK6=0600h-06FFh -ABANK7=0700h-07FFh -ABANK8=0800h-08FFh \
  -ABANK9=0900h-09FFh -ABANK10=0A00h-0AFFh -ABANK11=0B00h-0BFFh \
  -ABANK12=0C00h-0CFFh -ABANK13=0D00h-0DFFh -ABANK14=0E00h-0EBFh \
  -ASFR=0EC0h-0EFFh,0F00h-0F5Fh,0F60h-0FFCh \
  -preset_vec=00h,intcode=08h,intcodelo=018h,powerup,init,end_init \
  -pramtop=0F00h -psmallconst=SMALLCONST -pmediumconst=MEDIUMCONST \
  -pconst=CONST -AFARRAM=00h-00h -ACONFIG=0FFF8h-0FFFFh -pconfig=CONFIG \
  -pjflash_buffer=0F800h \
  -prdata=COMRAM,nvrram=COMRAM,nvbit=COMRAM,rbss=COMRAM,rbit=COMRAM \
  -pfarbss=FARRAM,fardata=FARRAM \
  -pintsave_regs=BIGRAM,bigbss=BIGRAM,bigdata=BIGRAM -pbss=RAM \
  -pidata=CODE,irdata=CODE,ibigdata=CODE,ifardata=CODE /tmp/cgte0VoR0.obj \
  dist/UseC18/debug/Framework.X.debug.obj 

Object code version is 3.10

Machine type is 18F26J50

Call graph: (short form)




                Name                               Link     Load   Length Selector   Space Scale
/tmp/cgte0VoR0.obj
                end_init                             C2       C2        4        C       0
                reset_vec                             0        0        6        0       0
                config                             FFF8     FFF8        8     FFF8       0
dist/UseC18/debug/Framework.X.debug.obj
                intcodelo                            18       18       AA        C       0
                intcode                               8        8       10        4       0
                text63                             17D4     17D4       56        C       0
                text62                             1ACC     1ACC       38        C       0
                text61                              C0E      C0E      106        C       0
                text60                             1D28     1D28       14        C       0
                text59                             16C8     16C8       5E        C       0
                text58                             1D96     1D96       12        C       0
                text57                             12A0     12A0       AA        C       0
                text56                             1E00     1E00        6        C       0
                text55                             1BF2     1BF2       2C        C       0
                text54                             134A     134A       9A        C       0
                text53                             18C4     18C4       4A        C       0
                text52                               C6       C6      68A        C       0
                intcode_body                       147C     147C       8A        C       0
                text50                             190E     190E       48        C       0
                text49                             1D84     1D84       12        C       0
                text48                             1D72     1D72       12        C       0
                text47                             1A94     1A94       38        C       0
                text46                             11EE     11EE       B2        C       0
                text45                             1C72     1C72       24        C       0
                text44                             1138     1138       B6        C       0
                text43                             1B04     1B04       36        C       0
                text41                             1CB4     1CB4       1C        C       0
                text40                             1D60     1D60       12        C       0
                text39                             1D4E     1D4E       12        C       0
                text38                             1DD8     1DD8       10        C       0
                text37                             1DC8     1DC8       10        C       0
                text36                             1CEA     1CEA       16        C       0
                text35                             1C96     1C96       1E        C       0
                text34                             1A5C     1A5C       38        C       0
                text33                             177E     177E       56        C       0
                text32                              ACE      ACE      140        C       0
                text31                             1506     1506       86        C       0
                text30                             182A     182A       4E        C       0
                text29                             1DB8     1DB8       10        C       0
                text28                             1B6A     1B6A       30        C       0
                text27                             1DE8     1DE8        A        C       0
                text26                             1B3A     1B3A       30        C       0
                text25                             1D14     1D14       14        C       0
                text24                             1D00     1D00       14        C       0
                text23                             166A     166A       5E        C       0
                text22                             1726     1726       58        C       0
                text21                             1082     1082       B6        C       0
                text20                             13E4     13E4       98        C       0
                text19                             1956     1956       46        C       0
                text18                             1C48     1C48       2A        C       0
                text17                             158C     158C       72        C       0
                text16                             1D3C     1D3C       12        C       0
                text15                             1DA8     1DA8       10        C       0
                text14                             1CD0     1CD0       1A        C       0
                text13                             1DFA     1DFA        6        C       0
                text12                             1A1C     1A1C       40        C       0
                text11                             1BC6     1BC6       2C        C       0
                text10                              FAC      FAC       D6        C       0
                text9                              19DC     19DC       40        C       0
                text8                               ED6      ED6       D6        C       0
                text7                              1DF2     1DF2        8        C       0
                text6                              199C     199C       40        C       0
                text5                               D14      D14       EC        C       0
                text4                              15FE     15FE       6C        C       0
                text3                              1C1E     1C1E       2A        C       0
                text2                              1B9A     1B9A       2C        C       0
                text1                               E00      E00       D6        C       0
                text0                               750      750      37E        C       0
                cstackCOMRAM                          1        1       2F        1       1
                cstackBANK0                          60       60       52       60       1
                cstackBANK2                         236      236       1A      200       1
                bssBANK2                            200      200       36      200       1
                bssBANK1                            100      100       E8      100       1
                dataBANK0                            BE       BE        2       60       1
                bssBANK0                             B2       B2        C       60       1
                bssCOMRAM                            30       30        3        1       1
                cinit                              1878     1878       4C        C       0
                nvCOMRAM                             33       33        2        1       1
                idataBANK0                         1E06     1E06        2        C       0

TOTAL           Name                               Link     Load   Length     Space
        CLASS   CODE           
                end_init                             C2       C2        4         0
                intcodelo                            18       18       AA         0
                intcode                               8        8       10         0
                reset_vec                             0        0        6         0
                text63                             17D4     17D4       56         0
                text62                             1ACC     1ACC       38         0
                text61                              C0E      C0E      106         0
                text60                             1D28     1D28       14         0
                text59                             16C8     16C8       5E         0
                text58                             1D96     1D96       12         0
                text57                             12A0     12A0       AA         0
                text56                             1E00     1E00        6         0
                text55                             1BF2     1BF2       2C         0
                text54                             134A     134A       9A         0
                text53                             18C4     18C4       4A         0
                text52                               C6       C6      68A         0
                intcode_body                       147C     147C       8A         0
                text50                             190E     190E       48         0
                text49                             1D84     1D84       12         0
                text48                             1D72     1D72       12         0
                text47                             1A94     1A94       38         0
                text46                             11EE     11EE       B2         0
                text45                             1C72     1C72       24         0
                text44                             1138     1138       B6         0
                text43                             1B04     1B04       36         0
                text41                             1CB4     1CB4       1C         0
                text40                             1D60     1D60       12         0
                text39                             1D4E     1D4E       12         0
                text38                             1DD8     1DD8       10         0
                text37                             1DC8     1DC8       10         0
                text36                             1CEA     1CEA       16         0
                text35                             1C96     1C96       1E         0
                text34                             1A5C     1A5C       38         0
                text33                             177E     177E       56         0
                text32                              ACE      ACE      140         0
                text31                             1506     1506       86         0
                text30                             182A     182A       4E         0
                text29                             1DB8     1DB8       10         0
                text28                             1B6A     1B6A       30         0
                text27                             1DE8     1DE8        A         0
                text26                             1B3A     1B3A       30         0
                text25                             1D14     1D14       14         0
                text24                             1D00     1D00       14         0
                text23                             166A     166A       5E         0
                text22                             1726     1726       58         0
                text21                             1082     1082       B6         0
                text20                             13E4     13E4       98         0
                text19                             1956     1956       46         0
                text18                             1C48     1C48       2A         0
                text17                             158C     158C       72         0
                text16                             1D3C     1D3C       12         0
                text15                             1DA8     1DA8       10         0
                text14                             1CD0     1CD0       1A         0
                text13                             1DFA     1DFA        6         0
                text12                             1A1C     1A1C       40         0
                text11                             1BC6     1BC6       2C         0
                text10                              FAC      FAC       D6         0
                text9                              19DC     19DC       40         0
                text8                               ED6      ED6       D6         0
                text7                              1DF2     1DF2        8         0
                text6                              199C     199C       40         0
                text5                               D14      D14       EC         0
                text4                              15FE     15FE       6C         0
                text3                              1C1E     1C1E       2A         0
                text2                              1B9A     1B9A       2C         0
                text1                               E00      E00       D6         0
                text0                               750      750      37E         0
                cinit                              1878     1878       4C         0
                idataBANK0                         1E06     1E06        2         0

        CLASS   CONST          

        CLASS   SMALLCONST     

        CLASS   MEDIUMCONST    

        CLASS   COMRAM         
                cstackCOMRAM                          1        1       2F         1
                bssCOMRAM                            30       30        3         1
                nvCOMRAM                             33       33        2         1

        CLASS   ABS1           

        CLASS   BIGRAM         

        CLASS   RAM            

        CLASS   BANK0          
                cstackBANK0                          60       60       52         1
                dataBANK0                            BE       BE        2         1
                bssBANK0                             B2       B2        C         1

        CLASS   BANK1          
                bssBANK1                            100      100       E8         1

        CLASS   BANK2          
                cstackBANK2                         236      236       1A         1
                bssBANK2                            200      200       36         1

        CLASS   BANK3          

        CLASS   BANK4          

        CLASS   BANK5          

        CLASS   BANK6          

        CLASS   BANK7          

        CLASS   BANK8          

        CLASS   BANK9          

        CLASS   BANK10         

        CLASS   BANK11         

        CLASS   BANK12         

        CLASS   BANK13         

        CLASS   BANK14         

        CLASS   SFR            

        CLASS   FARRAM         

        CLASS   CONFIG         
                config                             FFF8     FFF8        8         0

        CLASS   IDLOC          



SEGMENTS        Name                           Load    Length   Top    Selector   Space  Class

                reset_vec                      000000  000006  000006         0       0  CODE    
                cstackCOMRAM                   000001  000034  000035         1       1  COMRAM  
                intcode                        000008  000010  000018         4       0  CODE    
                intcodelo                      000018  001DF0  001E08         C       0  CODE    
                cstackBANK0                    000060  000060  0000C0        60       1  BANK0   
                bssBANK1                       000100  0000E8  0001E8       100       1  BANK1   
                bssBANK2                       000200  000050  000250       200       1  BANK2   
                config                         00FFF8  000008  010000      FFF8       0  CONFIG  


UNUSED ADDRESS RANGES

        Name                Unused          Largest block    Delta
        BANK0            000C0-000FF              40
        BANK1            001E8-001FF              18
        BANK10           00A00-00AFF             100
        BANK11           00B00-00BFF             100
        BANK12           00C00-00CFF             100
        BANK13           00D00-00DFF             100
        BANK14           00E00-00EBF              C0
        BANK2            00250-002FF              B0
        BANK3            00300-003FF             100
        BANK4            00400-004FF             100
        BANK5            00500-005FF             100
        BANK6            00600-006FF             100
        BANK7            00700-007FF             100
        BANK8            00800-008FF             100
        BANK9            00900-009FF             100
        BIGRAM           00035-0005F              2B
                         000C0-000FF              40
                         001E8-001FF              18
                         00250-00EBF             C70
        CODE             00006-00007               2
                         01E08-0FFF7            E1F0
        COMRAM           00035-0005F              2B
        CONST            00006-00007               2
                         01E08-0FFF7            E1F0
        MEDIUMCONST      01E08-0FFF7            E1F0
        RAM              000C0-000FF              40
                         001E8-001FF              18
                         00250-00EBF             100
        SFR              00EC0-00FFC              60
        SMALLCONST       01E08-0FFF7             100

                                  Symbol Table

?_DebugPrint                    cstackBANK0   00093
?_Delay1KTCYx                   cstackBANK0   00093
?_DriverColorAdd                cstackBANK0   00098
?_DriverColorInit               cstackBANK0   00094
?_DriverIRAdd                   cstackBANK0   00098
?_DriverIRInit                  cstackBANK0   00094
?_DriverMotorAdd                cstackBANK0   00098
?_DriverMotorInit               cstackBANK0   00094
?_DriverMotorPoll               cstackBANK0   0009E
?_I2CReadRequest                cstackBANK0   00094
?_I2CSend                       cstackBANK0   00093
?_Open1USART                    cstackBANK0   00093
?_OpenTimer0                    cstackBANK0   00093
?_OpenTimer1                    cstackBANK0   00093
?_ReadTimer1                    cstackCOMRAM  00001
?_ToMainHigh_recvmsg            cstackBANK0   000AB
?_ToMainHigh_sendmsg            cstackBANK0   00076
?_ToMainLow_recvmsg             cstackBANK0   000AB
?_ToMainLow_sendmsg             cstackCOMRAM  00017
?_WriteTimer0                   cstackBANK0   00060
?_WriteTimer1                   cstackCOMRAM  00001
?_check_msg                     cstackBANK0   00093
?_driverMalloc                  cstackBANK0   00093
?_handle_start                  cstackBANK0   00060
?_in_high_int                   cstackBANK0   00093
?_in_low_int                    cstackBANK0   00095
?_in_main                       cstackBANK0   00097
?_init_queue                    cstackBANK0   00093
?_init_timer1_lthread           cstackBANK0   00093
?_init_uart_recv                cstackBANK0   00093
?_memcpy                        cstackBANK0   00093
?_recv_msg                      cstackBANK0   0009D
?_send_msg                      cstackCOMRAM  0000B
?_timer0_lthread                cstackBANK0   00093
?_timer1_lthread                cstackBANK0   00093
?_uart_lthread                  cstackBANK0   00093
?i1_memcpy                      cstackCOMRAM  00001
?i2_check_msg                   cstackBANK0   00060
?i2_in_high_int                 cstackBANK0   00060
?i2_in_low_int                  cstackBANK0   00062
?i2_memcpy                      cstackBANK0   00060
?i2_send_msg                    cstackBANK0   0006A
DebugPrint@out                  cstackBANK0   00093
Delay1KTCYx@unit                cstackBANK0   00093
DriverColorAdd@context          cstackBANK0   00099
DriverColorAdd@id               cstackBANK0   00098
DriverColorInit@driver          cstackBANK0   00094
DriverColorInit@self            cstackBANK0   00096
DriverColorPoll@data            cstackBANK0   000A3
DriverColorPoll@driver          cstackBANK0   0009E
DriverColorPoll@self            cstackBANK0   000A1
DriverIRAdd@context             cstackBANK0   00099
DriverIRAdd@id                  cstackBANK0   00098
DriverIRInit@driver             cstackBANK0   00094
DriverIRInit@self               cstackBANK0   00096
DriverIRPoll@driver             cstackBANK0   0009E
DriverIRPoll@self               cstackBANK0   000A1
DriverMotorAdd@context          cstackBANK0   00099
DriverMotorAdd@id               cstackBANK0   00098
DriverMotorInit@driver          cstackBANK0   00094
DriverMotorInit@self            cstackBANK0   00096
DriverMotorPoll@driver          cstackBANK0   0009E
DriverMotorPoll@self            cstackBANK0   000A1
I2CRead@temp                    cstackBANK0   00093
I2CReadRequest@N                cstackBANK0   00096
I2CReadRequest@address          cstackBANK0   00095
I2CReadRequest@data             cstackBANK0   00098
I2CReadRequest@deviceId         cstackBANK0   00094
I2CReadRequest@i                cstackBANK0   0009C
I2CSend@dat                     cstackBANK0   00093
Open1USART@config               cstackBANK0   00093
Open1USART@spbrg                cstackBANK0   00094
OpenTimer0@config               cstackBANK0   00093
OpenTimer1@config               cstackBANK0   00093
OpenTimer1@config1              cstackBANK0   00094
Read1USART@data                 cstackCOMRAM  00001
ReadTimer1@timer                cstackCOMRAM  00003
ToMainHigh_recvmsg@data         cstackBANK0   000AE
ToMainHigh_recvmsg@maxlength    cstackBANK0   000AB
ToMainHigh_recvmsg@msgtype      cstackBANK0   000AC
ToMainHigh_sendmsg@data         cstackBANK0   00078
ToMainHigh_sendmsg@length       cstackBANK0   00076
ToMainHigh_sendmsg@msgtype      cstackBANK0   00077
ToMainLow_recvmsg@data          cstackBANK0   000AE
ToMainLow_recvmsg@maxlength     cstackBANK0   000AB
ToMainLow_recvmsg@msgtype       cstackBANK0   000AC
ToMainLow_sendmsg@data          cstackCOMRAM  00019
ToMainLow_sendmsg@length        cstackCOMRAM  00017
ToMainLow_sendmsg@msgtype       cstackCOMRAM  00018
WriteTimer0@timer               cstackBANK0   00062
WriteTimer0@timer0              cstackBANK0   00060
WriteTimer1@timer               cstackCOMRAM  00003
WriteTimer1@timer1              cstackCOMRAM  00001
_ACKDT                          (abs)         07E2D
_ACKEN                          (abs)         07E2C
_BF                             (abs)         07E38
_DebugPrint                     text13        01DFA
_Delay1KTCYx                    text25        01D14
_DriverColorAdd                 text1         00E00
_DriverColorInit                text6         0199C
_DriverColorPoll                text4         015FE
_DriverColorRespond             (abs)         00000
_DriverHeap                     bssBANK0      000B4
_DriverIRAdd                    text8         00ED6
_DriverIRInit                   text9         019DC
_DriverIRPoll                   text3         01C1E
_DriverIRRespond                (abs)         00000
_DriverMotorAdd                 text10        00FAC
_DriverMotorInit                text12        01A1C
_DriverMotorPoll                text2         01B9A
_DriverMotorRespond             (abs)         00000
_DriverTable                    bssBANK1      00100
_FromMainHigh_MQ                bssBANK2      00200
_FromMainLow_MQ                 bssBANK1      00146
_I2CAck                         text39        01D4E
_I2CInit                        text15        01DA8
_I2CNak                         text40        01D60
_I2CRead                        text35        01C96
_I2CReadRequest                 text5         00D14
_I2CSend                        text36        01CEA
_I2CStart                       text37        01DC8
_I2CStop                        text38        01DD8
_I2CWait                        text41        01CB4
_INTCONbits                     (abs)         00FF2
_IPR1bits                       (abs)         00F9F
_InterruptHandlerHigh           intcode       00008
_InterruptHandlerLow            intcodelo     00018
_LATA                           (abs)         00F89
_LATAbits                       (abs)         00F89
_LATB                           (abs)         00F8A
_MQ_Main_Willing_to_block       bssBANK0      000B2
_NumberOfDrivers                bssBANK0      000B3
_OSCCON                         (abs)         00FD3
_OSCCONbits                     (abs)         00FD3
_OSCTUNEbits                    (abs)         00F9B
_Open1USART                     text20        013E4
_OpenTimer0                     text18        01C48
_OpenTimer1                     text19        01956
_PEN                            (abs)         07E2A
_PIE1bits                       (abs)         00F9D
_PIR1bits                       (abs)         00F9E
_PORTBbits                      (abs)         00F81
_RCEN                           (abs)         07E2B
_RCONbits                       (abs)         00FD0
_RCREG1                         (abs)         00FAF
_RCSTA1                         (abs)         00FAC
_RCSTA1bits                     (abs)         00FAC
_RCSTAbits                      (abs)         00FAC
_RSEN                           (abs)         07E29
_Read1USART                     text47        01A94
_ReadTimer1                     text48        01D72
_SEN                            (abs)         07E28
_SPBRG1                         (abs)         00FB0
_SPBRGH1                        (abs)         00F7F
_SSPADD                         (abs)         00FC8
_SSPBUF                         (abs)         00FC9
_SSPCON1                        (abs)         00FC6
_SSPCON1bits                    (abs)         00FC6
_SSPCON2                        (abs)         00FC5
_SSPCON2bits                    (abs)         00FC5
_SSPSTAT                        (abs)         00FC7
_SSPSTATbits                    (abs)         00FC7
_SleepIfOkay                    text54        0134A
_T0CON                          (abs)         00FD5
_T0CONbits                      (abs)         00FD5
_T1CON                          (abs)         00FCD
_T1CONbits                      (abs)         00FCD
_T1GCON                         (abs)         00F9A
_T1GCONbits                     (abs)         00F9A
_TMR0H                          (abs)         00FD7
_TMR0L                          (abs)         00FD6
_TMR1H                          (abs)         00FCF
_TMR1L                          (abs)         00FCE
_TRISA                          (abs)         00F92
_TRISB                          (abs)         00F93
_TRISC3                         (abs)         07CA3
_TRISC4                         (abs)         07CA4
_TXSTA1                         (abs)         00FAD
_TXSTA1bits                     (abs)         00FAD
_ToMainHigh_MQ                  bssBANK1      0017C
_ToMainHigh_recvmsg             text26        01B3A
_ToMainHigh_sendmsg             text55        01BF2
_ToMainLow_MQ                   bssBANK1      001B2
_ToMainLow_recvmsg              text28        01B6A
_ToMainLow_sendmsg              text45        01C72
_USART1_Status                  bssCOMRAM     00032
_WriteTimer0                    text58        01D96
_WriteTimer1                    text49        01D84
__CFG_CP0$OFF                   (abs)         00000
__CFG_CPUDIV$OSC1               (abs)         00000
__CFG_DSBOREN$OFF               (abs)         00000
__CFG_DSWDTEN$OFF               (abs)         00000
__CFG_DSWDTOSC$T1OSCREF         (abs)         00000
__CFG_DSWDTPS$G2                (abs)         00000
__CFG_FCMEN$OFF                 (abs)         00000
__CFG_IESO$ON                   (abs)         00000
__CFG_IOL1WAY$ON                (abs)         00000
__CFG_LPT1OSC$OFF               (abs)         00000
__CFG_MSSP7B_EN$MSK7            (abs)         00000
__CFG_OSC$HSPLL                 (abs)         00000
__CFG_PLLDIV$3                  (abs)         00000
__CFG_RTCOSC$T1OSCREF           (abs)         00000
__CFG_STVREN$OFF                (abs)         00000
__CFG_T1DIG$OFF                 (abs)         00000
__CFG_WDTEN$OFF                 (abs)         00000
__CFG_WDTPS$32768               (abs)         00000
__CFG_WPCFG$OFF                 (abs)         00000
__CFG_WPDIS$OFF                 (abs)         00000
__CFG_WPEND$PAGE_WPFP           (abs)         00000
__CFG_WPFP$PAGE_63              (abs)         00000
__CFG_XINST$OFF                 (abs)         00000
__HRAM                          (abs)         00000
__Habs1                         abs1          00000
__Hbank0                        bank0         00000
__Hbank1                        bank1         00000
__Hbank10                       bank10        00000
__Hbank11                       bank11        00000
__Hbank12                       bank12        00000
__Hbank13                       bank13        00000
__Hbank14                       bank14        00000
__Hbank2                        bank2         00000
__Hbank3                        bank3         00000
__Hbank4                        bank4         00000
__Hbank5                        bank5         00000
__Hbank6                        bank6         00000
__Hbank7                        bank7         00000
__Hbank8                        bank8         00000
__Hbank9                        bank9         00000
__Hbigbss                       bigbss        00000
__Hbigdata                      bigdata       00000
__Hbigram                       bigram        00000
__Hbss                          bss           00000
__HbssBANK0                     bssBANK0      00000
__HbssBANK1                     bssBANK1      00000
__HbssBANK2                     bssBANK2      00000
__HbssCOMRAM                    bssCOMRAM     00000
__Hcinit                        cinit         00000
__Hclrtext                      clrtext       00000
__Hcomram                       comram        00000
__Hconfig                       config        10000
__Hconst                        const         00000
__HcstackBANK0                  cstackBANK0   00000
__HcstackBANK2                  cstackBANK2   00000
__HcstackCOMRAM                 cstackCOMRAM  00000
__Hdata                         data          00000
__HdataBANK0                    dataBANK0     00000
__Hend_init                     end_init      000C6
__Hfarbss                       farbss        00000
__Hfardata                      fardata       00000
__Hibigdata                     ibigdata      00000
__Hidata                        idata         00000
__HidataBANK0                   idataBANK0    00000
__Hidloc                        idloc         00000
__Hifardata                     ifardata      00000
__Hinit                         init          000C2
__Hintcode                      intcode       00018
__Hintcode_body                 intcode_body  00000
__Hintcodelo                    intcodelo     000C2
__Hintentry                     intentry      00000
__Hintret                       intret        00000
__Hintsave_regs                 intsave_regs  00000
__Hirdata                       irdata        00000
__Hjflash_buffer                jflash_buffer 0F800
__Hmediumconst                  mediumconst   00000
__HnvCOMRAM                     nvCOMRAM      00000
__Hnvbit                        nvbit         00000
__Hnvrram                       nvrram        00000
__Hparam                        param0        00000
__Hparam0                       param0        00000
__Hpowerup                      powerup       000C2
__Hram                          ram           00000
__Hramtop                       ramtop        00F00
__Hrbit                         rbit          00000
__Hrbss                         rbss          00000
__Hrdata                        rdata         00000
__Hreset_vec                    reset_vec     00006
__Hsfr                          sfr           00000
__Hsmallconst                   smallconst    00000
__Hstruct                       struct        00000
__Htemp                         temp          00000
__Htext                         text          00000
__Htext0                        text0         00000
__Htext1                        text1         00000
__Htext10                       text10        00000
__Htext11                       text11        00000
__Htext12                       text12        00000
__Htext13                       text13        00000
__Htext14                       text14        00000
__Htext15                       text15        00000
__Htext16                       text16        00000
__Htext17                       text17        00000
__Htext18                       text18        00000
__Htext19                       text19        00000
__Htext2                        text2         00000
__Htext20                       text20        00000
__Htext21                       text21        00000
__Htext22                       text22        00000
__Htext23                       text23        00000
__Htext24                       text24        00000
__Htext25                       text25        00000
__Htext26                       text26        00000
__Htext27                       text27        00000
__Htext28                       text28        00000
__Htext29                       text29        00000
__Htext3                        text3         00000
__Htext30                       text30        00000
__Htext31                       text31        00000
__Htext32                       text32        00000
__Htext33                       text33        00000
__Htext34                       text34        00000
__Htext35                       text35        00000
__Htext36                       text36        00000
__Htext37                       text37        00000
__Htext38                       text38        00000
__Htext39                       text39        00000
__Htext4                        text4         00000
__Htext40                       text40        00000
__Htext41                       text41        00000
__Htext43                       text43        00000
__Htext44                       text44        00000
__Htext45                       text45        00000
__Htext46                       text46        00000
__Htext47                       text47        00000
__Htext48                       text48        00000
__Htext49                       text49        00000
__Htext5                        text5         00000
__Htext50                       text50        00000
__Htext52                       text52        00000
__Htext53                       text53        00000
__Htext54                       text54        00000
__Htext55                       text55        00000
__Htext56                       text56        00000
__Htext57                       text57        00000
__Htext58                       text58        00000
__Htext59                       text59        00000
__Htext6                        text6         00000
__Htext60                       text60        00000
__Htext61                       text61        00000
__Htext62                       text62        00000
__Htext63                       text63        00000
__Htext64                       text64        00000
__Htext7                        text7         00000
__Htext8                        text8         00000
__Htext9                        text9         00000
__LRAM                          (abs)         00001
__Labs1                         abs1          00000
__Lbank0                        bank0         00000
__Lbank1                        bank1         00000
__Lbank10                       bank10        00000
__Lbank11                       bank11        00000
__Lbank12                       bank12        00000
__Lbank13                       bank13        00000
__Lbank14                       bank14        00000
__Lbank2                        bank2         00000
__Lbank3                        bank3         00000
__Lbank4                        bank4         00000
__Lbank5                        bank5         00000
__Lbank6                        bank6         00000
__Lbank7                        bank7         00000
__Lbank8                        bank8         00000
__Lbank9                        bank9         00000
__Lbigbss                       bigbss        00000
__Lbigdata                      bigdata       00000
__Lbigram                       bigram        00000
__Lbss                          bss           00000
__LbssBANK0                     bssBANK0      00000
__LbssBANK1                     bssBANK1      00000
__LbssBANK2                     bssBANK2      00000
__LbssCOMRAM                    bssCOMRAM     00000
__Lcinit                        cinit         00000
__Lclrtext                      clrtext       00000
__Lcomram                       comram        00000
__Lconfig                       config        0FFF8
__Lconst                        const         00000
__LcstackBANK0                  cstackBANK0   00000
__LcstackBANK2                  cstackBANK2   00000
__LcstackCOMRAM                 cstackCOMRAM  00000
__Ldata                         data          00000
__LdataBANK0                    dataBANK0     00000
__Lend_init                     end_init      000C2
__Lfarbss                       farbss        00000
__Lfardata                      fardata       00000
__Libigdata                     ibigdata      00000
__Lidata                        idata         00000
__LidataBANK0                   idataBANK0    00000
__Lidloc                        idloc         00000
__Lifardata                     ifardata      00000
__Linit                         init          000C2
__Lintcode                      intcode       00008
__Lintcode_body                 intcode_body  00000
__Lintcodelo                    intcodelo     00018
__Lintentry                     intentry      00000
__Lintret                       intret        00000
__Lintsave_regs                 intsave_regs  00000
__Lirdata                       irdata        00000
__Ljflash_buffer                jflash_buffer 0F800
__Lmediumconst                  mediumconst   00000
__LnvCOMRAM                     nvCOMRAM      00000
__Lnvbit                        nvbit         00000
__Lnvrram                       nvrram        00000
__Lparam                        param0        00000
__Lparam0                       param0        00000
__Lpowerup                      powerup       000C2
__Lram                          ram           00000
__Lramtop                       ramtop        00F00
__Lrbit                         rbit          00000
__Lrbss                         rbss          00000
__Lrdata                        rdata         00000
__Lreset_vec                    reset_vec     00000
__Lsfr                          sfr           00000
__Lsmallconst                   smallconst    00000
__Lstruct                       struct        00000
__Ltemp                         temp          00000
__Ltext                         text          00000
__Ltext0                        text0         00000
__Ltext1                        text1         00000
__Ltext10                       text10        00000
__Ltext11                       text11        00000
__Ltext12                       text12        00000
__Ltext13                       text13        00000
__Ltext14                       text14        00000
__Ltext15                       text15        00000
__Ltext16                       text16        00000
__Ltext17                       text17        00000
__Ltext18                       text18        00000
__Ltext19                       text19        00000
__Ltext2                        text2         00000
__Ltext20                       text20        00000
__Ltext21                       text21        00000
__Ltext22                       text22        00000
__Ltext23                       text23        00000
__Ltext24                       text24        00000
__Ltext25                       text25        00000
__Ltext26                       text26        00000
__Ltext27                       text27        00000
__Ltext28                       text28        00000
__Ltext29                       text29        00000
__Ltext3                        text3         00000
__Ltext30                       text30        00000
__Ltext31                       text31        00000
__Ltext32                       text32        00000
__Ltext33                       text33        00000
__Ltext34                       text34        00000
__Ltext35                       text35        00000
__Ltext36                       text36        00000
__Ltext37                       text37        00000
__Ltext38                       text38        00000
__Ltext39                       text39        00000
__Ltext4                        text4         00000
__Ltext40                       text40        00000
__Ltext41                       text41        00000
__Ltext43                       text43        00000
__Ltext44                       text44        00000
__Ltext45                       text45        00000
__Ltext46                       text46        00000
__Ltext47                       text47        00000
__Ltext48                       text48        00000
__Ltext49                       text49        00000
__Ltext5                        text5         00000
__Ltext50                       text50        00000
__Ltext52                       text52        00000
__Ltext53                       text53        00000
__Ltext54                       text54        00000
__Ltext55                       text55        00000
__Ltext56                       text56        00000
__Ltext57                       text57        00000
__Ltext58                       text58        00000
__Ltext59                       text59        00000
__Ltext6                        text6         00000
__Ltext60                       text60        00000
__Ltext61                       text61        00000
__Ltext62                       text62        00000
__Ltext63                       text63        00000
__Ltext64                       text64        00000
__Ltext7                        text7         00000
__Ltext8                        text8         00000
__Ltext9                        text9         00000
__S0                            (abs)         10000
__S1                            (abs)         00250
__accesstop                     (abs)         00060
__activetblptr                  (abs)         00002
__end_of_DebugPrint             text13        01E00
__end_of_Delay1KTCYx            text25        01D28
__end_of_DriverColorAdd         text1         00ED6
__end_of_DriverColorInit        text6         019DC
__end_of_DriverColorPoll        text4         0166A
__end_of_DriverIRAdd            text8         00FAC
__end_of_DriverIRInit           text9         01A1C
__end_of_DriverIRPoll           text3         01C48
__end_of_DriverMotorAdd         text10        01082
__end_of_DriverMotorInit        text12        01A5C
__end_of_DriverMotorPoll        text2         01BC6
__end_of_I2CAck                 text39        01D60
__end_of_I2CInit                text15        01DB8
__end_of_I2CNak                 text40        01D72
__end_of_I2CRead                text35        01CB4
__end_of_I2CReadRequest         text5         00E00
__end_of_I2CSend                text36        01D00
__end_of_I2CStart               text37        01DD8
__end_of_I2CStop                text38        01DE8
__end_of_I2CWait                text41        01CD0
__end_of_InterruptHandlerHigh   intcode_body  01506
__end_of_InterruptHandlerLow    intcodelo     000C2
__end_of_Open1USART             text20        0147C
__end_of_OpenTimer0             text18        01C72
__end_of_OpenTimer1             text19        0199C
__end_of_Read1USART             text47        01ACC
__end_of_ReadTimer1             text48        01D84
__end_of_SleepIfOkay            text54        013E4
__end_of_ToMainHigh_recvmsg     text26        01B6A
__end_of_ToMainHigh_sendmsg     text55        01C1E
__end_of_ToMainLow_recvmsg      text28        01B9A
__end_of_ToMainLow_sendmsg      text45        01C96
__end_of_WriteTimer0            text58        01DA8
__end_of_WriteTimer1            text49        01D96
__end_of__initialization        cinit         018BA
__end_of_block_on_To_msgqueues  text21        01138
__end_of_check_msg              text34        01A94
__end_of_driverMalloc           text11        01BF2
__end_of_enable_interrupts      text7         01DFA
__end_of_enter_sleep_mode       text56        01E06
__end_of_handle_start           text57        0134A
__end_of_i2c_int_handler        text52        00750
__end_of_in_high_int            text24        01D14
__end_of_in_low_int             text23        016C8
__end_of_in_main                text22        0177E
__end_of_init_queue             text31        0158C
__end_of_init_queues            text17        015FE
__end_of_init_timer1_lthread    text16        01D4E
__end_of_init_uart_recv         text14        01CEA
__end_of_main                   text0         00ACE
__end_of_memcpy                 text33        017D4
__end_of_recv_msg               text32        00C0E
__end_of_send_msg               text46        012A0
__end_of_timer0_int_handler     text53        0190E
__end_of_timer0_lthread         text27        01DF2
__end_of_timer1_int_handler     text43        01B3A
__end_of_timer1_lthread         text29        01DC8
__end_of_uart_lthread           text30        01878
__end_of_uart_recv_int_handler  text44        011EE
__end_ofi1_memcpy               text50        01956
__end_ofi2_check_msg            text62        01B04
__end_ofi2_in_high_int          text60        01D3C
__end_ofi2_in_low_int           text59        01726
__end_ofi2_memcpy               text63        0182A
__end_ofi2_send_msg             text61        00D14
__initialization                cinit         01878
__mediumconst                   mediumconst   00000
__pbssBANK0                     bssBANK0      000B2
__pbssBANK1                     bssBANK1      00100
__pbssBANK2                     bssBANK2      00200
__pbssCOMRAM                    bssCOMRAM     00030
__pcinit                        cinit         01878
__pcstackBANK0                  cstackBANK0   00060
__pcstackBANK2                  cstackBANK2   00236
__pcstackCOMRAM                 cstackCOMRAM  00001
__pdataBANK0                    dataBANK0     000BE
__pidataBANK0                   idataBANK0    01E06
__pintcode                      intcode       00008
__pintcode_body                 intcode_body  0147C
__pintcodelo                    intcodelo     00018
__pnvCOMRAM                     nvCOMRAM      00033
__ptext0                        text0         00750
__ptext1                        text1         00E00
__ptext10                       text10        00FAC
__ptext11                       text11        01BC6
__ptext12                       text12        01A1C
__ptext13                       text13        01DFA
__ptext14                       text14        01CD0
__ptext15                       text15        01DA8
__ptext16                       text16        01D3C
__ptext17                       text17        0158C
__ptext18                       text18        01C48
__ptext19                       text19        01956
__ptext2                        text2         01B9A
__ptext20                       text20        013E4
__ptext21                       text21        01082
__ptext22                       text22        01726
__ptext23                       text23        0166A
__ptext24                       text24        01D00
__ptext25                       text25        01D14
__ptext26                       text26        01B3A
__ptext27                       text27        01DE8
__ptext28                       text28        01B6A
__ptext29                       text29        01DB8
__ptext3                        text3         01C1E
__ptext30                       text30        0182A
__ptext31                       text31        01506
__ptext32                       text32        00ACE
__ptext33                       text33        0177E
__ptext34                       text34        01A5C
__ptext35                       text35        01C96
__ptext36                       text36        01CEA
__ptext37                       text37        01DC8
__ptext38                       text38        01DD8
__ptext39                       text39        01D4E
__ptext4                        text4         015FE
__ptext40                       text40        01D60
__ptext41                       text41        01CB4
__ptext43                       text43        01B04
__ptext44                       text44        01138
__ptext45                       text45        01C72
__ptext46                       text46        011EE
__ptext47                       text47        01A94
__ptext48                       text48        01D72
__ptext49                       text49        01D84
__ptext5                        text5         00D14
__ptext50                       text50        0190E
__ptext52                       text52        000C6
__ptext53                       text53        018C4
__ptext54                       text54        0134A
__ptext55                       text55        01BF2
__ptext56                       text56        01E00
__ptext57                       text57        012A0
__ptext58                       text58        01D96
__ptext59                       text59        016C8
__ptext6                        text6         0199C
__ptext60                       text60        01D28
__ptext61                       text61        00C0E
__ptext62                       text62        01ACC
__ptext63                       text63        017D4
__ptext64                       text64        00000
__ptext7                        text7         01DF2
__ptext8                        text8         00ED6
__ptext9                        text9         019DC
__ramtop                        ramtop        00F00
__size_of_DebugPrint            (abs)         00000
__size_of_Delay1KTCYx           (abs)         00000
__size_of_DriverColorAdd        (abs)         00000
__size_of_DriverColorInit       (abs)         00000
__size_of_DriverColorPoll       (abs)         00000
__size_of_DriverIRAdd           (abs)         00000
__size_of_DriverIRInit          (abs)         00000
__size_of_DriverIRPoll          (abs)         00000
__size_of_DriverMotorAdd        (abs)         00000
__size_of_DriverMotorInit       (abs)         00000
__size_of_DriverMotorPoll       (abs)         00000
__size_of_I2CAck                (abs)         00000
__size_of_I2CInit               (abs)         00000
__size_of_I2CNak                (abs)         00000
__size_of_I2CRead               (abs)         00000
__size_of_I2CReadRequest        (abs)         00000
__size_of_I2CSend               (abs)         00000
__size_of_I2CStart              (abs)         00000
__size_of_I2CStop               (abs)         00000
__size_of_I2CWait               (abs)         00000
__size_of_InterruptHandlerHigh  (abs)         00000
__size_of_InterruptHandlerLow   (abs)         00000
__size_of_Open1USART            (abs)         00000
__size_of_OpenTimer0            (abs)         00000
__size_of_OpenTimer1            (abs)         00000
__size_of_Read1USART            (abs)         00000
__size_of_ReadTimer1            (abs)         00000
__size_of_SleepIfOkay           (abs)         00000
__size_of_ToMainHigh_recvmsg    (abs)         00000
__size_of_ToMainHigh_sendmsg    (abs)         00000
__size_of_ToMainLow_recvmsg     (abs)         00000
__size_of_ToMainLow_sendmsg     (abs)         00000
__size_of_WriteTimer0           (abs)         00000
__size_of_WriteTimer1           (abs)         00000
__size_of_block_on_To_msgqueues (abs)         00000
__size_of_check_msg             (abs)         00000
__size_of_driverMalloc          (abs)         00000
__size_of_enable_interrupts     (abs)         00000
__size_of_enter_sleep_mode      (abs)         00000
__size_of_handle_start          (abs)         00000
__size_of_i2c_int_handler       (abs)         00000
__size_of_in_high_int           (abs)         00000
__size_of_in_low_int            (abs)         00000
__size_of_in_main               (abs)         00000
__size_of_init_queue            (abs)         00000
__size_of_init_queues           (abs)         00000
__size_of_init_timer1_lthread   (abs)         00000
__size_of_init_uart_recv        (abs)         00000
__size_of_main                  (abs)         00000
__size_of_memcpy                (abs)         00000
__size_of_recv_msg              (abs)         00000
__size_of_send_msg              (abs)         00000
__size_of_timer0_int_handler    (abs)         00000
__size_of_timer0_lthread        (abs)         00000
__size_of_timer1_int_handler    (abs)         00000
__size_of_timer1_lthread        (abs)         00000
__size_of_uart_lthread          (abs)         00000
__size_of_uart_recv_int_handler (abs)         00000
__size_ofi1_memcpy              (abs)         00000
__size_ofi2_check_msg           (abs)         00000
__size_ofi2_in_high_int         (abs)         00000
__size_ofi2_in_low_int          (abs)         00000
__size_ofi2_memcpy              (abs)         00000
__size_ofi2_send_msg            (abs)         00000
__smallconst                    smallconst    00000
_block_on_To_msgqueues          text21        01082
_check_msg                      text34        01A5C
_driverMalloc                   text11        01BC6
_enable_interrupts              text7         01DF2
_enter_sleep_mode               text56        01E00
_handle_start                   text57        012A0
_heapPointer                    dataBANK0     000BE
_i2c_int_handler                text52        000C6
_ic_ptr                         bssCOMRAM     00030
_in_high_int                    text24        01D00
_in_low_int                     text23        0166A
_in_main                        text22        01726
_init_queue                     text31        01506
_init_queues                    text17        0158C
_init_timer1_lthread            text16        01D3C
_init_uart_recv                 text14        01CD0
_main                           text0         00750
_memcpy                         text33        0177E
_recv_msg                       text32        00ACE
_send_msg                       text46        011EE
_timer0_int_handler             text53        018C4
_timer0_lthread                 text27        01DE8
_timer1_int_handler             text43        01B04
_timer1_lthread                 text29        01DB8
_uart_lthread                   text30        0182A
_uart_recv_int_handler          text44        01138
_uc_ptr                         nvCOMRAM      00033
check_msg@qptr                  cstackBANK0   00093
driverMalloc@size               cstackBANK0   00093
driverMalloc@temp               cstackBANK0   00095
end_of_initialization           cinit         018BA
handle_start@data_read          cstackBANK0   00060
i1_memcpy                       text50        0190E
i1memcpy@d                      cstackCOMRAM  00007
i1memcpy@d1                     cstackCOMRAM  00001
i1memcpy@n                      cstackCOMRAM  00005
i1memcpy@s                      cstackCOMRAM  00009
i1memcpy@s1                     cstackCOMRAM  00003
i2_check_msg                    text62        01ACC
i2_in_high_int                  text60        01D28
i2_in_low_int                   text59        016C8
i2_memcpy                       text63        017D4
i2_send_msg                     text61        00C0E
i2c_int_handler@data_read       cstackBANK0   00084
i2c_int_handler@data_written    cstackBANK0   0007F
i2c_int_handler@error_buf       cstackBANK0   0007C
i2c_int_handler@i2c_data        cstackBANK0   00081
i2c_int_handler@msg_ready       cstackBANK0   00083
i2c_int_handler@msg_to_send     cstackBANK0   00082
i2c_int_handler@overrun_error   cstackBANK0   00080
i2check_msg@qptr                cstackBANK0   00060
i2memcpy@d                      cstackBANK0   00066
i2memcpy@d1                     cstackBANK0   00060
i2memcpy@n                      cstackBANK0   00064
i2memcpy@s                      cstackBANK0   00068
i2memcpy@s1                     cstackBANK0   00062
i2send_msg@data                 cstackBANK0   0006E
i2send_msg@length               cstackBANK0   0006C
i2send_msg@msgtype              cstackBANK0   0006D
i2send_msg@qmsg                 cstackBANK0   00074
i2send_msg@qptr                 cstackBANK0   0006A
i2send_msg@slot                 cstackBANK0   00073
i2send_msg@tlength              cstackBANK0   00071
init_queue@i                    cstackBANK0   00096
init_queue@qptr                 cstackBANK0   00093
init_timer1_lthread@tptr        cstackBANK0   00093
init_uart_recv@uc               cstackBANK0   00093
int_func                        intcode_body  0147C
intlevel0                       text          00000
intlevel1                       text          00000
intlevel2                       text          00000
intlevel3                       text          00000
main@i_676                      cstackBANK2   00248
main@last_reg_recvd             cstackBANK2   00236
main@length                     cstackBANK2   0024E
main@msgbuffer                  cstackBANK2   00237
main@msgtype                    cstackBANK2   0024F
main@t0thread_data              cstackBANK2   00244
main@t1thread_data              cstackBANK2   00246
main@uc                         cstackBANK2   00249
main@uthread_data               cstackBANK2   00242
memcpy@d                        cstackBANK0   00099
memcpy@d1                       cstackBANK0   00093
memcpy@n                        cstackBANK0   00097
memcpy@s                        cstackBANK0   0009B
memcpy@s1                       cstackBANK0   00095
recv_msg@data                   cstackBANK0   000A2
recv_msg@maxlength              cstackBANK0   0009F
recv_msg@msgtype                cstackBANK0   000A0
recv_msg@qmsg                   cstackBANK0   000A9
recv_msg@qptr                   cstackBANK0   0009D
recv_msg@slot                   cstackBANK0   000A6
recv_msg@tlength                cstackBANK0   000A7
send_msg@data                   cstackCOMRAM  0000F
send_msg@length                 cstackCOMRAM  0000D
send_msg@msgtype                cstackCOMRAM  0000E
send_msg@qmsg                   cstackCOMRAM  00015
send_msg@qptr                   cstackCOMRAM  0000B
send_msg@slot                   cstackCOMRAM  00014
send_msg@tlength                cstackCOMRAM  00012
start                           init          000C2
start_initialization            cinit         01878
timer0_lthread@msgbuffer        cstackBANK0   00099
timer0_lthread@msgval           cstackBANK0   0009B
timer1_int_handler@result       cstackCOMRAM  0001D
timer1_lthread@tptr             cstackBANK0   00093
uart_lthread@length             cstackBANK0   00097
uart_lthread@msgbuffer          cstackBANK0   00099
uart_lthread@msgtype            cstackBANK0   00095


FUNCTION INFORMATION:

 *************** function _main *****************
 Defined at:
		line 55 in file "../src/main.c"
 Parameters:    Size  Location     Type
		None
 Auto vars:     Size  Location     Type
  i               1   18[BANK2 ] unsigned char 
  msgbuffer      11    1[BANK2 ] unsigned char [11]
  uc              5   19[BANK2 ] struct __uart_comm
  t1thread_dat    2   16[BANK2 ] struct __timer1_thread_s
  t0thread_dat    2   14[BANK2 ] struct __timer0_thread_s
  uthread_data    2   12[BANK2 ] struct __uart_thread_str
  msgtype         1   25[BANK2 ] unsigned char 
  length          1   24[BANK2 ] char 
  last_reg_rec    1    0[BANK2 ] unsigned char 
  i               1    0        unsigned char 
  c               1    0        unsigned char 
 Return value:  Size  Location     Type
		None               void
 Registers used:
		wreg, fsr1l, fsr1h, fsr2l, fsr2h, status,2, status,0, pclat, tosl, prodl, prodh, cstack
 Tracked objects:
		On entry : 
		On exit  : 
		Unchanged: 
 Data sizes:     COMRAM   BANK0   BANK1   BANK2   BANK3   BANK4   BANK5   BANK6   BANK7   BANK8   BANK9  BANK10  BANK11  BANK12  BANK13  BANK14
      Params:         0       0       0       0       0       0       0       0       0       0       0       0       0       0       0       0
      Locals:         0       0       0      26       0       0       0       0       0       0       0       0       0       0       0       0
      Temps:          0       2       0       0       0       0       0       0       0       0       0       0       0       0       0       0
      Totals:         0       2       0      26       0       0       0       0       0       0       0       0       0       0       0       0
Total ram usage:       28 bytes
 Hardware stack levels required when called:   14
 This function calls:
		_init_uart_recv
		_I2CInit
		_init_timer1_lthread
		_init_queues
		_DriverColorAdd
		_DriverMotorAdd
		_DriverIRAdd
		_OpenTimer0
		_OpenTimer1
		_Open1USART
		_enable_interrupts
		_block_on_To_msgqueues
		_ToMainHigh_recvmsg
		_timer0_lthread
		_ToMainLow_recvmsg
		_DriverMotorPoll
		_DriverIRPoll
		_DriverColorPoll
		_timer1_lthread
		_uart_lthread
 This function is called by:
		Startup code after reset
 This function uses a non-reentrant model


 *************** function _DriverColorAdd *****************
 Defined at:
		line 33 in file "../src/Color.h"
 Parameters:    Size  Location     Type
  id              1   56[BANK0 ] unsigned char 
 Auto vars:     Size  Location     Type
  context         2   57[BANK0 ] PTR struct DRIVER_T
		 -> DriverHeap(10), 
 Return value:  Size  Location     Type
		None               void
 Registers used:
		wreg, fsr2l, fsr2h, status,2, status,0, prodl, prodh, cstack
 Tracked objects:
		On entry : 
		On exit  : 
		Unchanged: 
 Data sizes:     COMRAM   BANK0   BANK1   BANK2   BANK3   BANK4   BANK5   BANK6   BANK7   BANK8   BANK9  BANK10  BANK11  BANK12  BANK13  BANK14
      Params:         0       1       0       0       0       0       0       0       0       0       0       0       0       0       0       0
      Locals:         0       2       0       0       0       0       0       0       0       0       0       0       0       0       0       0
      Temps:          0       0       0       0       0       0       0       0       0       0       0       0       0       0       0       0
      Totals:         0       3       0       0       0       0       0       0       0       0       0       0       0       0       0       0
Total ram usage:        3 bytes
 Hardware stack levels used:    1
 Hardware stack levels required when called:   12
 This function calls:
		_driverMalloc
		_DriverColorInit
 This function is called by:
		_main
 This function uses a non-reentrant model


 *************** function _DriverMotorPoll *****************
 Defined at:
		line 24 in file "../src/Motor.h"
 Parameters:    Size  Location     Type
  driver          2   62[BANK0 ] PTR struct DRIVER_T
		 -> DriverHeap(10), 
 Auto vars:     Size  Location     Type
  self            2   65[BANK0 ] PTR struct DRIVERMotorME
		 -> DriverHeap(10), 
 Return value:  Size  Location     Type
		None               void
 Registers used:
		wreg, status,2, status,0
 Tracked objects:
		On entry : 
		On exit  : 
		Unchanged: 
 Data sizes:     COMRAM   BANK0   BANK1   BANK2   BANK3   BANK4   BANK5   BANK6   BANK7   BANK8   BANK9  BANK10  BANK11  BANK12  BANK13  BANK14
      Params:         0       2       0       0       0       0       0       0       0       0       0       0       0       0       0       0
      Locals:         0       2       0       0       0       0       0       0       0       0       0       0       0       0       0       0
      Temps:          0       1       0       0       0       0       0       0       0       0       0       0       0       0       0       0
      Totals:         0       5       0       0       0       0       0       0       0       0       0       0       0       0       0       0
Total ram usage:        5 bytes
 Hardware stack levels used:    1
 Hardware stack levels required when called:   10
 This function calls:
		Nothing
 This function is called by:
		_DriverMotorAdd
		_main
 This function uses a non-reentrant model


 *************** function _DriverIRPoll *****************
 Defined at:
		line 24 in file "../src/IR.h"
 Parameters:    Size  Location     Type
  driver          2   62[BANK0 ] PTR struct DRIVER_T
		 -> DriverHeap(10), 
 Auto vars:     Size  Location     Type
  self            2   65[BANK0 ] PTR struct DRIVERIRMEMBE
		 -> DriverHeap(10), 
 Return value:  Size  Location     Type
		None               void
 Registers used:
		wreg, status,2, status,0
 Tracked objects:
		On entry : 
		On exit  : 
		Unchanged: 
 Data sizes:     COMRAM   BANK0   BANK1   BANK2   BANK3   BANK4   BANK5   BANK6   BANK7   BANK8   BANK9  BANK10  BANK11  BANK12  BANK13  BANK14
      Params:         0       2       0       0       0       0       0       0       0       0       0       0       0       0       0       0
      Locals:         0       2       0       0       0       0       0       0       0       0       0       0       0       0       0       0
      Temps:          0       1       0       0       0       0       0       0       0       0       0       0       0       0       0       0
      Totals:         0       5       0       0       0       0       0       0       0       0       0       0       0       0       0       0
Total ram usage:        5 bytes
 Hardware stack levels used:    1
 Hardware stack levels required when called:   10
 This function calls:
		Nothing
 This function is called by:
		_DriverIRAdd
		_main
 This function uses a non-reentrant model


 *************** function _DriverColorPoll *****************
 Defined at:
		line 24 in file "../src/Color.h"
 Parameters:    Size  Location     Type
  driver          2   62[BANK0 ] PTR struct DRIVER_T
		 -> DriverHeap(10), 
 Auto vars:     Size  Location     Type
  self            2   65[BANK0 ] PTR struct DRIVERColorME
		 -> DriverHeap(10), 
  data            1   67[BANK0 ] unsigned char [1]
 Return value:  Size  Location     Type
		None               void
 Registers used:
		wreg, fsr2l, fsr2h, status,2, status,0, cstack
 Tracked objects:
		On entry : 
		On exit  : 
		Unchanged: 
 Data sizes:     COMRAM   BANK0   BANK1   BANK2   BANK3   BANK4   BANK5   BANK6   BANK7   BANK8   BANK9  BANK10  BANK11  BANK12  BANK13  BANK14
      Params:         0       2       0       0       0       0       0       0       0       0       0       0       0       0       0       0
      Locals:         0       3       0       0       0       0       0       0       0       0       0       0       0       0       0       0
      Temps:          0       1       0       0       0       0       0       0       0       0       0       0       0       0       0       0
      Totals:         0       6       0       0       0       0       0       0       0       0       0       0       0       0       0       0
Total ram usage:        6 bytes
 Hardware stack levels used:    1
 Hardware stack levels required when called:   13
 This function calls:
		_I2CReadRequest
 This function is called by:
		_DriverColorAdd
		_main
 This function uses a non-reentrant model


 *************** function _I2CReadRequest *****************
 Defined at:
		line 61 in file "../src/i2cMaster.c"
 Parameters:    Size  Location     Type
  deviceId        1   52[BANK0 ] unsigned char 
  address         1   53[BANK0 ] unsigned char 
  N               2   54[BANK0 ] int 
  data            2   56[BANK0 ] PTR unsigned char 
		 -> DriverColorPoll@data(1), 
 Auto vars:     Size  Location     Type
  i               2   60[BANK0 ] int 
 Return value:  Size  Location     Type
                  1    wreg      unsigned char 
 Registers used:
		wreg, fsr2l, fsr2h, status,2, status,0, cstack
 Tracked objects:
		On entry : 
		On exit  : 
		Unchanged: 
 Data sizes:     COMRAM   BANK0   BANK1   BANK2   BANK3   BANK4   BANK5   BANK6   BANK7   BANK8   BANK9  BANK10  BANK11  BANK12  BANK13  BANK14
      Params:         0       6       0       0       0       0       0       0       0       0       0       0       0       0       0       0
      Locals:         0       2       0       0       0       0       0       0       0       0       0       0       0       0       0       0
      Temps:          0       2       0       0       0       0       0       0       0       0       0       0       0       0       0       0
      Totals:         0      10       0       0       0       0       0       0       0       0       0       0       0       0       0       0
Total ram usage:       10 bytes
 Hardware stack levels used:    1
 Hardware stack levels required when called:   12
 This function calls:
		_I2CStart
		_I2CSend
		_I2CRead
		_I2CNak
		_I2CAck
		_I2CStop
 This function is called by:
		_DriverColorPoll
 This function uses a non-reentrant model


 *************** function _DriverColorInit *****************
 Defined at:
		line 12 in file "../src/Color.h"
 Parameters:    Size  Location     Type
  driver          2   52[BANK0 ] PTR struct DRIVER_T
		 -> DriverHeap(10), 
 Auto vars:     Size  Location     Type
  self            2   54[BANK0 ] PTR struct DRIVERColorME
		 -> DriverHeap(10), 
 Return value:  Size  Location     Type
		None               void
 Registers used:
		wreg, fsr2l, fsr2h, status,2, status,0, cstack
 Tracked objects:
		On entry : 
		On exit  : 
		Unchanged: 
 Data sizes:     COMRAM   BANK0   BANK1   BANK2   BANK3   BANK4   BANK5   BANK6   BANK7   BANK8   BANK9  BANK10  BANK11  BANK12  BANK13  BANK14
      Params:         0       2       0       0       0       0       0       0       0       0       0       0       0       0       0       0
      Locals:         0       2       0       0       0       0       0       0       0       0       0       0       0       0       0       0
      Temps:          0       0       0       0       0       0       0       0       0       0       0       0       0       0       0       0
      Totals:         0       4       0       0       0       0       0       0       0       0       0       0       0       0       0       0
Total ram usage:        4 bytes
 Hardware stack levels used:    1
 Hardware stack levels required when called:   11
 This function calls:
		_DebugPrint
 This function is called by:
		_DriverColorAdd
 This function uses a non-reentrant model


 *************** function _enable_interrupts *****************
 Defined at:
		line 14 in file "../src/interrupts.c"
 Parameters:    Size  Location     Type
		None
 Auto vars:     Size  Location     Type
		None
 Return value:  Size  Location     Type
		None               void
 Registers used:
		None
 Tracked objects:
		On entry : 
		On exit  : 
		Unchanged: 
 Data sizes:     COMRAM   BANK0   BANK1   BANK2   BANK3   BANK4   BANK5   BANK6   BANK7   BANK8   BANK9  BANK10  BANK11  BANK12  BANK13  BANK14
      Params:         0       0       0       0       0       0       0       0       0       0       0       0       0       0       0       0
      Locals:         0       0       0       0       0       0       0       0       0       0       0       0       0       0       0       0
      Temps:          0       0       0       0       0       0       0       0       0       0       0       0       0       0       0       0
      Totals:         0       0       0       0       0       0       0       0       0       0       0       0       0       0       0       0
Total ram usage:        0 bytes
 Hardware stack levels used:    1
 Hardware stack levels required when called:   10
 This function calls:
		Nothing
 This function is called by:
		_main
 This function uses a non-reentrant model


 *************** function _DriverIRAdd *****************
 Defined at:
		line 32 in file "../src/IR.h"
 Parameters:    Size  Location     Type
  id              1   56[BANK0 ] unsigned char 
 Auto vars:     Size  Location     Type
  context         2   57[BANK0 ] PTR struct DRIVER_T
		 -> DriverHeap(10), 
 Return value:  Size  Location     Type
		None               void
 Registers used:
		wreg, fsr2l, fsr2h, status,2, status,0, prodl, prodh, cstack
 Tracked objects:
		On entry : 
		On exit  : 
		Unchanged: 
 Data sizes:     COMRAM   BANK0   BANK1   BANK2   BANK3   BANK4   BANK5   BANK6   BANK7   BANK8   BANK9  BANK10  BANK11  BANK12  BANK13  BANK14
      Params:         0       1       0       0       0       0       0       0       0       0       0       0       0       0       0       0
      Locals:         0       2       0       0       0       0       0       0       0       0       0       0       0       0       0       0
      Temps:          0       0       0       0       0       0       0       0       0       0       0       0       0       0       0       0
      Totals:         0       3       0       0       0       0       0       0       0       0       0       0       0       0       0       0
Total ram usage:        3 bytes
 Hardware stack levels used:    1
 Hardware stack levels required when called:   12
 This function calls:
		_driverMalloc
		_DriverIRInit
 This function is called by:
		_main
 This function uses a non-reentrant model


 *************** function _DriverIRInit *****************
 Defined at:
		line 12 in file "../src/IR.h"
 Parameters:    Size  Location     Type
  driver          2   52[BANK0 ] PTR struct DRIVER_T
		 -> DriverHeap(10), 
 Auto vars:     Size  Location     Type
  self            2   54[BANK0 ] PTR struct DRIVERIRMEMBE
		 -> DriverHeap(10), 
 Return value:  Size  Location     Type
		None               void
 Registers used:
		wreg, fsr2l, fsr2h, status,2, status,0, cstack
 Tracked objects:
		On entry : 
		On exit  : 
		Unchanged: 
 Data sizes:     COMRAM   BANK0   BANK1   BANK2   BANK3   BANK4   BANK5   BANK6   BANK7   BANK8   BANK9  BANK10  BANK11  BANK12  BANK13  BANK14
      Params:         0       2       0       0       0       0       0       0       0       0       0       0       0       0       0       0
      Locals:         0       2       0       0       0       0       0       0       0       0       0       0       0       0       0       0
      Temps:          0       0       0       0       0       0       0       0       0       0       0       0       0       0       0       0
      Totals:         0       4       0       0       0       0       0       0       0       0       0       0       0       0       0       0
Total ram usage:        4 bytes
 Hardware stack levels used:    1
 Hardware stack levels required when called:   11
 This function calls:
		_DebugPrint
 This function is called by:
		_DriverIRAdd
 This function uses a non-reentrant model


 *************** function _DriverMotorAdd *****************
 Defined at:
		line 32 in file "../src/Motor.h"
 Parameters:    Size  Location     Type
  id              1   56[BANK0 ] unsigned char 
 Auto vars:     Size  Location     Type
  context         2   57[BANK0 ] PTR struct DRIVER_T
		 -> DriverHeap(10), 
 Return value:  Size  Location     Type
		None               void
 Registers used:
		wreg, fsr2l, fsr2h, status,2, status,0, prodl, prodh, cstack
 Tracked objects:
		On entry : 
		On exit  : 
		Unchanged: 
 Data sizes:     COMRAM   BANK0   BANK1   BANK2   BANK3   BANK4   BANK5   BANK6   BANK7   BANK8   BANK9  BANK10  BANK11  BANK12  BANK13  BANK14
      Params:         0       1       0       0       0       0       0       0       0       0       0       0       0       0       0       0
      Locals:         0       2       0       0       0       0       0       0       0       0       0       0       0       0       0       0
      Temps:          0       0       0       0       0       0       0       0       0       0       0       0       0       0       0       0
      Totals:         0       3       0       0       0       0       0       0       0       0       0       0       0       0       0       0
Total ram usage:        3 bytes
 Hardware stack levels used:    1
 Hardware stack levels required when called:   12
 This function calls:
		_driverMalloc
		_DriverMotorInit
 This function is called by:
		_main
 This function uses a non-reentrant model


 *************** function _driverMalloc *****************
 Defined at:
		line 9 in file "../src/drivers.h"
 Parameters:    Size  Location     Type
  size            2   51[BANK0 ] int 
 Auto vars:     Size  Location     Type
  temp            2   53[BANK0 ] PTR unsigned char 
		 -> DriverHeap(10), 
 Return value:  Size  Location     Type
                  2   51[BANK0 ] PTR unsigned char 
 Registers used:
		wreg, status,2, status,0
 Tracked objects:
		On entry : 
		On exit  : 
		Unchanged: 
 Data sizes:     COMRAM   BANK0   BANK1   BANK2   BANK3   BANK4   BANK5   BANK6   BANK7   BANK8   BANK9  BANK10  BANK11  BANK12  BANK13  BANK14
      Params:         0       2       0       0       0       0       0       0       0       0       0       0       0       0       0       0
      Locals:         0       2       0       0       0       0       0       0       0       0       0       0       0       0       0       0
      Temps:          0       0       0       0       0       0       0       0       0       0       0       0       0       0       0       0
      Totals:         0       4       0       0       0       0       0       0       0       0       0       0       0       0       0       0
Total ram usage:        4 bytes
 Hardware stack levels used:    1
 Hardware stack levels required when called:   10
 This function calls:
		Nothing
 This function is called by:
		_DriverColorAdd
		_DriverIRAdd
		_DriverMotorAdd
 This function uses a non-reentrant model


 *************** function _DriverMotorInit *****************
 Defined at:
		line 12 in file "../src/Motor.h"
 Parameters:    Size  Location     Type
  driver          2   52[BANK0 ] PTR struct DRIVER_T
		 -> DriverHeap(10), 
 Auto vars:     Size  Location     Type
  self            2   54[BANK0 ] PTR struct DRIVERMotorME
		 -> DriverHeap(10), 
 Return value:  Size  Location     Type
		None               void
 Registers used:
		wreg, fsr2l, fsr2h, status,2, status,0, cstack
 Tracked objects:
		On entry : 
		On exit  : 
		Unchanged: 
[...]
		_ToMainHigh_sendmsg
		_WriteTimer0
 This function is called by:
		_InterruptHandlerHigh
 This function uses a non-reentrant model


 *************** function _SleepIfOkay *****************
 Defined at:
		line 228 in file "../src/messages.c"
 Parameters:    Size  Location     Type
		None
 Auto vars:     Size  Location     Type
		None
 Return value:  Size  Location     Type
		None               void
 Registers used:
		wreg, fsr2l, fsr2h, status,2, status,0, prodl, prodh, cstack
 Tracked objects:
		On entry : 
		On exit  : 
		Unchanged: 
 Data sizes:     COMRAM   BANK0   BANK1   BANK2   BANK3   BANK4   BANK5   BANK6   BANK7   BANK8   BANK9  BANK10  BANK11  BANK12  BANK13  BANK14
      Params:         0       0       0       0       0       0       0       0       0       0       0       0       0       0       0       0
      Locals:         0       0       0       0       0       0       0       0       0       0       0       0       0       0       0       0
      Temps:          0       0       0       0       0       0       0       0       0       0       0       0       0       0       0       0
      Totals:         0       0       0       0       0       0       0       0       0       0       0       0       0       0       0       0
Total ram usage:        0 bytes
 Hardware stack levels used:    1
 Hardware stack levels required when called:    2
 This function calls:
		i2_in_low_int
		i2_in_high_int
		i2_check_msg
		_enter_sleep_mode
 This function is called by:
		_InterruptHandlerHigh
 This function uses a non-reentrant model


 *************** function _ToMainHigh_sendmsg *****************
 Defined at:
		line 126 in file "../src/messages.c"
 Parameters:    Size  Location     Type
  length          1   22[BANK0 ] unsigned char 
  msgtype         1   23[BANK0 ] unsigned char 
  data            2   24[BANK0 ] PTR void 
		 -> NULL(0), i2c_int_handler@error_buf(3), 
 Auto vars:     Size  Location     Type
		None
 Return value:  Size  Location     Type
                  1    wreg      char 
 Registers used:
		wreg, fsr1l, fsr1h, fsr2l, fsr2h, status,2, status,0, prodl, prodh, cstack
 Tracked objects:
		On entry : 
		On exit  : 
		Unchanged: 
 Data sizes:     COMRAM   BANK0   BANK1   BANK2   BANK3   BANK4   BANK5   BANK6   BANK7   BANK8   BANK9  BANK10  BANK11  BANK12  BANK13  BANK14
      Params:         0       4       0       0       0       0       0       0       0       0       0       0       0       0       0       0
      Locals:         0       0       0       0       0       0       0       0       0       0       0       0       0       0       0       0
      Temps:          0       0       0       0       0       0       0       0       0       0       0       0       0       0       0       0
      Totals:         0       4       0       0       0       0       0       0       0       0       0       0       0       0       0       0
Total ram usage:        4 bytes
 Hardware stack levels used:    1
 Hardware stack levels required when called:    2
 This function calls:
		i2_send_msg
 This function is called by:
		_i2c_int_handler
		_timer0_int_handler
 This function uses a non-reentrant model


 *************** function _enter_sleep_mode *****************
 Defined at:
		line 202 in file "../src/messages.c"
 Parameters:    Size  Location     Type
		None
 Auto vars:     Size  Location     Type
		None
 Return value:  Size  Location     Type
		None               void
 Registers used:
		None
 Tracked objects:
		On entry : 
		On exit  : 
		Unchanged: 
 Data sizes:     COMRAM   BANK0   BANK1   BANK2   BANK3   BANK4   BANK5   BANK6   BANK7   BANK8   BANK9  BANK10  BANK11  BANK12  BANK13  BANK14
      Params:         0       0       0       0       0       0       0       0       0       0       0       0       0       0       0       0
      Locals:         0       0       0       0       0       0       0       0       0       0       0       0       0       0       0       0
      Temps:          0       0       0       0       0       0       0       0       0       0       0       0       0       0       0       0
      Totals:         0       0       0       0       0       0       0       0       0       0       0       0       0       0       0       0
Total ram usage:        0 bytes
 Hardware stack levels used:    1
 This function calls:
		Nothing
 This function is called by:
		_SleepIfOkay
 This function uses a non-reentrant model


 *************** function _handle_start *****************
 Defined at:
		line 71 in file "../src/my_i2c.c"
 Parameters:    Size  Location     Type
  data_read       1    0[BANK0 ] unsigned char 
 Auto vars:     Size  Location     Type
		None
 Return value:  Size  Location     Type
		None               void
 Registers used:
		wreg, fsr2l, fsr2h, status,2, status,0
 Tracked objects:
		On entry : 
		On exit  : 
		Unchanged: 
 Data sizes:     COMRAM   BANK0   BANK1   BANK2   BANK3   BANK4   BANK5   BANK6   BANK7   BANK8   BANK9  BANK10  BANK11  BANK12  BANK13  BANK14
      Params:         0       1       0       0       0       0       0       0       0       0       0       0       0       0       0       0
      Locals:         0       0       0       0       0       0       0       0       0       0       0       0       0       0       0       0
      Temps:          0       0       0       0       0       0       0       0       0       0       0       0       0       0       0       0
      Totals:         0       1       0       0       0       0       0       0       0       0       0       0       0       0       0       0
Total ram usage:        1 bytes
 Hardware stack levels used:    1
 This function calls:
		Nothing
 This function is called by:
		_i2c_int_handler
 This function uses a non-reentrant model


 *************** function _WriteTimer0 *****************
 Defined at:
		line 17 in file "plib/Timers/t0write.c"
 Parameters:    Size  Location     Type
  timer0          2    0[BANK0 ] unsigned int 
 Auto vars:     Size  Location     Type
  timer           2    2[BANK0 ] struct Timers
 Return value:  Size  Location     Type
		None               void
 Registers used:
		None
 Tracked objects:
		On entry : 
		On exit  : 
		Unchanged: 
 Data sizes:     COMRAM   BANK0   BANK1   BANK2   BANK3   BANK4   BANK5   BANK6   BANK7   BANK8   BANK9  BANK10  BANK11  BANK12  BANK13  BANK14
      Params:         0       2       0       0       0       0       0       0       0       0       0       0       0       0       0       0
      Locals:         0       2       0       0       0       0       0       0       0       0       0       0       0       0       0       0
      Temps:          0       0       0       0       0       0       0       0       0       0       0       0       0       0       0       0
      Totals:         0       4       0       0       0       0       0       0       0       0       0       0       0       0       0       0
Total ram usage:        4 bytes
 Hardware stack levels used:    1
 This function calls:
		Nothing
 This function is called by:
		_timer0_int_handler
 This function uses a non-reentrant model


 *************** function i2_in_low_int *****************
 Defined at:
		line 30 in file "../src/interrupts.c"
 Parameters:    Size  Location     Type
		None
 Auto vars:     Size  Location     Type
		None
 Return value:  Size  Location     Type
                  2    2[BANK0 ] int 
 Registers used:
		wreg, status,2, status,0, cstack
 Tracked objects:
		On entry : 
		On exit  : 
		Unchanged: 
 Data sizes:     COMRAM   BANK0   BANK1   BANK2   BANK3   BANK4   BANK5   BANK6   BANK7   BANK8   BANK9  BANK10  BANK11  BANK12  BANK13  BANK14
      Params:         0       2       0       0       0       0       0       0       0       0       0       0       0       0       0       0
      Locals:         0       0       0       0       0       0       0       0       0       0       0       0       0       0       0       0
      Temps:          0       0       0       0       0       0       0       0       0       0       0       0       0       0       0       0
      Totals:         0       2       0       0       0       0       0       0       0       0       0       0       0       0       0       0
Total ram usage:        2 bytes
 Hardware stack levels used:    1
 Hardware stack levels required when called:    1
 This function calls:
		i2_in_high_int
 This function is called by:
		_SleepIfOkay
 This function uses a non-reentrant model


 *************** function i2_in_high_int *****************
 Defined at:
		line 22 in file "../src/interrupts.c"
 Parameters:    Size  Location     Type
		None
 Auto vars:     Size  Location     Type
		None
 Return value:  Size  Location     Type
                  2    0[BANK0 ] int 
 Registers used:
		wreg, status,2
 Tracked objects:
		On entry : 
		On exit  : 
		Unchanged: 
 Data sizes:     COMRAM   BANK0   BANK1   BANK2   BANK3   BANK4   BANK5   BANK6   BANK7   BANK8   BANK9  BANK10  BANK11  BANK12  BANK13  BANK14
      Params:         0       2       0       0       0       0       0       0       0       0       0       0       0       0       0       0
      Locals:         0       0       0       0       0       0       0       0       0       0       0       0       0       0       0       0
      Temps:          0       0       0       0       0       0       0       0       0       0       0       0       0       0       0       0
      Totals:         0       2       0       0       0       0       0       0       0       0       0       0       0       0       0       0
Total ram usage:        2 bytes
 Hardware stack levels used:    1
 This function calls:
		Nothing
 This function is called by:
		_SleepIfOkay
		i2_in_low_int
 This function uses a non-reentrant model


 *************** function i2_send_msg *****************
 Defined at:
		line 24 in file "../src/messages.c"
 Parameters:    Size  Location     Type
  send_msg        2   10[BANK0 ] PTR struct __msg_queue
		 -> FromMainHigh_MQ(54), FromMainLow_MQ(54), ToMainHigh_MQ(54), ToMainLow_MQ(54), 
  send_msg        1   12[BANK0 ] unsigned char 
  send_msg        1   13[BANK0 ] unsigned char 
  send_msg        2   14[BANK0 ] PTR void 
		 -> NULL(0), i2c_int_handler@error_buf(3), main@uc(5), 
 Auto vars:     Size  Location     Type
  send_msg        2   20[BANK0 ] PTR struct __msg
		 -> FromMainHigh_MQ(54), FromMainLow_MQ(54), ToMainHigh_MQ(54), ToMainLow_MQ(54), 
  send_msg        2   17[BANK0 ] unsigned int 
  send_msg        1   19[BANK0 ] unsigned char 
 Return value:  Size  Location     Type
                  1    wreg      char 
 Registers used:
		wreg, fsr1l, fsr1h, fsr2l, fsr2h, status,2, status,0, prodl, prodh, cstack
 Tracked objects:
		On entry : 
		On exit  : 
		Unchanged: 
 Data sizes:     COMRAM   BANK0   BANK1   BANK2   BANK3   BANK4   BANK5   BANK6   BANK7   BANK8   BANK9  BANK10  BANK11  BANK12  BANK13  BANK14
      Params:         0       6       0       0       0       0       0       0       0       0       0       0       0       0       0       0
      Locals:         0       5       0       0       0       0       0       0       0       0       0       0       0       0       0       0
      Temps:          0       1       0       0       0       0       0       0       0       0       0       0       0       0       0       0
      Totals:         0      12       0       0       0       0       0       0       0       0       0       0       0       0       0       0
Total ram usage:       12 bytes
 Hardware stack levels used:    1
 Hardware stack levels required when called:    1
 This function calls:
		i2_memcpy
 This function is called by:
		_ToMainHigh_sendmsg
 This function uses a non-reentrant model


 *************** function i2_check_msg *****************
 Defined at:
		line 222 in file "../src/messages.c"
 Parameters:    Size  Location     Type
  check_msg       2    0[BANK0 ] PTR struct __msg_queue
		 -> ToMainHigh_MQ(54), ToMainLow_MQ(54), 
 Auto vars:     Size  Location     Type
		None
 Return value:  Size  Location     Type
                  1    wreg      unsigned char 
 Registers used:
		wreg, fsr2l, fsr2h, status,2, status,0, prodl, prodh
 Tracked objects:
		On entry : 
		On exit  : 
		Unchanged: 
 Data sizes:     COMRAM   BANK0   BANK1   BANK2   BANK3   BANK4   BANK5   BANK6   BANK7   BANK8   BANK9  BANK10  BANK11  BANK12  BANK13  BANK14
      Params:         0       2       0       0       0       0       0       0       0       0       0       0       0       0       0       0
      Locals:         0       0       0       0       0       0       0       0       0       0       0       0       0       0       0       0
      Temps:          0       1       0       0       0       0       0       0       0       0       0       0       0       0       0       0
      Totals:         0       3       0       0       0       0       0       0       0       0       0       0       0       0       0       0
Total ram usage:        3 bytes
 Hardware stack levels used:    1
 This function calls:
		Nothing
 This function is called by:
		_SleepIfOkay
 This function uses a non-reentrant model


 *************** function i2_memcpy *****************
 Defined at:
		line 13 in file "/Applications/microchip/xc8/v1.12/sources/memcpy.c"
 Parameters:    Size  Location     Type
  memcpy          2    0[BANK0 ] PTR void 
		 -> FromMainHigh_MQ(54), FromMainLow_MQ(54), ToMainHigh_MQ(54), ToMainLow_MQ(54), 
		 -> main@msgbuffer(11), 
  memcpy          2    2[BANK0 ] PTR const void 
		 -> NULL(0), i2c_int_handler@error_buf(3), FromMainHigh_MQ(54), FromMainLow_MQ(54), 
		 -> ToMainHigh_MQ(54), ToMainLow_MQ(54), main@uc(5), 
  memcpy          2    4[BANK0 ] unsigned int 
 Auto vars:     Size  Location     Type
  memcpy          2    8[BANK0 ] PTR const unsigned char 
		 -> NULL(0), i2c_int_handler@error_buf(3), FromMainHigh_MQ(54), FromMainLow_MQ(54), 
		 -> ToMainHigh_MQ(54), ToMainLow_MQ(54), main@uc(5), 
  memcpy          2    6[BANK0 ] PTR unsigned char 
		 -> FromMainHigh_MQ(54), FromMainLow_MQ(54), ToMainHigh_MQ(54), ToMainLow_MQ(54), 
		 -> main@msgbuffer(11), 
 Return value:  Size  Location     Type
                  2    0[BANK0 ] PTR void 
 Registers used:
		wreg, fsr1l, fsr1h, fsr2l, fsr2h, status,2, status,0
 Tracked objects:
		On entry : 
		On exit  : 
		Unchanged: 
 Data sizes:     COMRAM   BANK0   BANK1   BANK2   BANK3   BANK4   BANK5   BANK6   BANK7   BANK8   BANK9  BANK10  BANK11  BANK12  BANK13  BANK14
      Params:         0       6       0       0       0       0       0       0       0       0       0       0       0       0       0       0
      Locals:         0       4       0       0       0       0       0       0       0       0       0       0       0       0       0       0
      Temps:          0       0       0       0       0       0       0       0       0       0       0       0       0       0       0       0
      Totals:         0      10       0       0       0       0       0       0       0       0       0       0       0       0       0       0
Total ram usage:       10 bytes
 Hardware stack levels used:    1
 This function calls:
		Nothing
 This function is called by:
		i2_send_msg
 This function uses a non-reentrant model



MODULE INFORMATION

Module		Function		Class		Link	Load	Size
../src/drivers.h
		_driverMalloc  		CODE           	1BC6	0000	44

../src/drivers.h estimated size: 44

../src/IR.h
		_DriverIRAdd   		CODE           	0ED6	0000	214
		_DriverIRPoll  		CODE           	1C1E	0000	42
		_DriverIRInit  		CODE           	19DC	0000	64

../src/IR.h estimated size: 320

/Applications/microchip/xc8/v1.12/sources/memcpy.c
		_memcpy        		CODE           	177E	0000	86

/Applications/microchip/xc8/v1.12/sources/memcpy.c estimated size: 86

plib/Timers/t0open.c
		_OpenTimer0    		CODE           	1C48	0000	42

plib/Timers/t0open.c estimated size: 42

../src/i2cMaster.c
		_I2CNak        		CODE           	1D60	0000	18
		_I2CStop       		CODE           	1DD8	0000	16
		_I2CAck        		CODE           	1D4E	0000	18
		_I2CRead       		CODE           	1C96	0000	30
		_I2CStart      		CODE           	1DC8	0000	16
		_I2CReadRequest		CODE           	0D14	0000	236
		_I2CWait       		CODE           	1CB4	0000	28
		_I2CInit       		CODE           	1DA8	0000	16
		_I2CSend       		CODE           	1CEA	0000	22

../src/i2cMaster.c estimated size: 400

plib/Timers/t1open.c
		_OpenTimer1    		CODE           	1956	0000	70

plib/Timers/t1open.c estimated size: 70

../src/user_interrupts.c
		_timer0_int_han		CODE           	18C4	0000	74
		_timer1_int_han		CODE           	1B04	0000	54

../src/user_interrupts.c estimated size: 128

plib/USART/u1open.c
		_Open1USART    		CODE           	13E4	0000	152

plib/USART/u1open.c estimated size: 152

../src/timer0_thread.c
		_timer0_lthread		CODE           	1DE8	0000	10

../src/timer0_thread.c estimated size: 10

shared
		i2_send_msg    		CODE           	0C0E	0000	262
		i2_in_high_int 		CODE           	1D28	0000	20
		__initializatio		CODE           	1878	0000	66
		i2_in_low_int  		CODE           	16C8	0000	94
		i1_memcpy      		CODE           	190E	0000	72
		i2_memcpy      		CODE           	17D4	0000	86
		i2_check_msg   		CODE           	1ACC	0000	56

shared estimated size: 656

../src/timer1_thread.c
		_timer1_lthread		CODE           	1DB8	0000	16
		_init_timer1_lt		CODE           	1D3C	0000	18

../src/timer1_thread.c estimated size: 34

../src/my_i2c.c
		_handle_start  		CODE           	12A0	0000	170
		_i2c_int_handle		CODE           	00C6	0000	1674

../src/my_i2c.c estimated size: 1844

../src/debug.c
		_DebugPrint    		CODE           	1DFA	0000	6

../src/debug.c estimated size: 6

plib/Timers/t0write.c
		_WriteTimer0   		CODE           	1D96	0000	18

plib/Timers/t0write.c estimated size: 18

plib/Timers/t1write.c
		_WriteTimer1   		CODE           	1D84	0000	18

plib/Timers/t1write.c estimated size: 18

../src/uart_thread.c
		_uart_lthread  		CODE           	182A	0000	78

../src/uart_thread.c estimated size: 78

../common/d1ktcyx.c
		_Delay1KTCYx   		CODE           	1D14	0000	20

../common/d1ktcyx.c estimated size: 20

../src/interrupts.c
		_enable_interru		CODE           	1DF2	0000	8
		_in_low_int    		CODE           	166A	0000	94
		_in_main       		CODE           	1726	0000	88
		_in_high_int   		CODE           	1D00	0000	20
		_InterruptHandl		CODE           	0018	0000	170
		_InterruptHandl		CODE           	0008	0000	5374

../src/interrupts.c estimated size: 5754

plib/Timers/t1read.c
		_ReadTimer1    		CODE           	1D72	0000	18

plib/Timers/t1read.c estimated size: 18

../src/my_uart.c
		_init_uart_recv		CODE           	1CD0	0000	26
		_uart_recv_int_		CODE           	1138	0000	182

../src/my_uart.c estimated size: 208

../src/Color.h
		_DriverColorPol		CODE           	15FE	0000	108
		_DriverColorIni		CODE           	199C	0000	64
		_DriverColorAdd		CODE           	0E00	0000	214

../src/Color.h estimated size: 386

../src/messages.c
		_ToMainHigh_sen		CODE           	1BF2	0000	44
		_ToMainHigh_rec		CODE           	1B3A	0000	48
		_block_on_To_ms		CODE           	1082	0000	182
		_check_msg     		CODE           	1A5C	0000	56
		_ToMainLow_send		CODE           	1C72	0000	36
		_ToMainLow_recv		CODE           	1B6A	0000	48
		_enter_sleep_mo		CODE           	1E00	0000	6
		_send_msg      		CODE           	11EE	0000	178
		_init_queue    		CODE           	1506	0000	134
		_init_queues   		CODE           	158C	0000	114
		_recv_msg      		CODE           	0ACE	0000	320
		_SleepIfOkay   		CODE           	134A	0000	154

../src/messages.c estimated size: 1320

plib/USART/u1read.c
		_Read1USART    		CODE           	1A94	0000	56

plib/USART/u1read.c estimated size: 56

../src/Motor.h
		_DriverMotorPol		CODE           	1B9A	0000	44
		_DriverMotorIni		CODE           	1A1C	0000	64
		_DriverMotorAdd		CODE           	0FAC	0000	214

../src/Motor.h estimated size: 322

../src/main.c
		_main          		CODE           	0750	0000	894

../src/main.c estimated size: 894

