Microchip MPLAB XC8 Compiler V1.12 ()

Linker command line:

--edf=/Applications/microchip/xc8/v1.12/dat/en_msgs.txt -cs \
  -h+dist/UseC18/production/Framework.X.production.sym -z -Q18F26J50 \
  -ol.obj -Mdist/UseC18/production/Framework.X.production.map -E1 -ver=XC8 \
  -ACODE=00h-0FFF7h -ACONST=00h-0FFF7h \
  -ASMALLCONST=0F00h-0FFFhx240,0FF00h-0FFF7h -AMEDIUMCONST=0F00h-0FFF7h \
  -ACOMRAM=01h-05Fh -AABS1=00h-0EBFh -ABIGRAM=01h-0EBFh \
  -ARAM=060h-0FFh,0100h-01FFhx13,0E00h-0EBFh -ABANK0=060h-0FFh \
  -ABANK1=0100h-01FFh -ABANK2=0200h-02FFh -ABANK3=0300h-03FFh \
  -ABANK4=0400h-04FFh -ABANK5=0500h-05FFh -ABANK6=0600h-06FFh \
  -ABANK7=0700h-07FFh -ABANK8=0800h-08FFh -ABANK9=0900h-09FFh \
  -ABANK10=0A00h-0AFFh -ABANK11=0B00h-0BFFh -ABANK12=0C00h-0CFFh \
  -ABANK13=0D00h-0DFFh -ABANK14=0E00h-0EBFh \
  -ASFR=0EC0h-0EFFh,0F00h-0F5Fh,0F60h-0FFFh \
  -preset_vec=00h,intcode=08h,intcodelo=018h,powerup,init,end_init \
  -pramtop=0F00h -psmallconst=SMALLCONST -pmediumconst=MEDIUMCONST \
  -pconst=CONST -AFARRAM=00h-00h -ACONFIG=0FFF8h-0FFFFh -pconfig=CONFIG \
  -pjflash_buffer=0F800h \
  -prdata=COMRAM,nvrram=COMRAM,nvbit=COMRAM,rbss=COMRAM,rbit=COMRAM \
  -pfarbss=FARRAM,fardata=FARRAM \
  -pintsave_regs=BIGRAM,bigbss=BIGRAM,bigdata=BIGRAM -pbss=RAM \
  -pidata=CODE,irdata=CODE,ibigdata=CODE,ifardata=CODE /tmp/cgtaU0HBV.obj \
  dist/UseC18/production/Framework.X.production.obj 

Object code version is 3.10

Machine type is 18F26J50

Call graph: (short form)




                Name                               Link     Load   Length Selector   Space Scale
/tmp/cgtaU0HBV.obj
                end_init                             C2       C2        4        C       0
                reset_vec                             0        0        4        0       0
                config                             FFF8     FFF8        8     FFF8       0
dist/UseC18/production/Framework.X.production.obj
                intcodelo                            18       18       AA        C       0
                intcode                               8        8       10        4       0
                text59                             1922     1922       56        C       0
                text58                             1BD6     1BD6       38        C       0
                text57                              E60      E60      106        C       0
                text56                             1E14     1E14       14        C       0
                text55                             1816     1816       5E        C       0
                text54                             1E5E     1E5E       12        C       0
                text53                              F66      F66       DA        C       0
                text52                             1CFC     1CFC       2C        C       0
                text51                             1EC8     1EC8        6        C       0
                text50                               C6       C6      7C4        C       0
                text49                             19C6     19C6       4A        C       0
                text48                             14A4     14A4       9A        C       0
                intcode_body                       15D6     15D6       8A        C       0
                text46                             1A58     1A58       48        C       0
                text45                             1B9E     1B9E       38        C       0
                text44                             1E4C     1E4C       12        C       0
                text43                             1E3A     1E3A       12        C       0
                text42                             1358     1358       B2        C       0
                text41                             1D7C     1D7C       24        C       0
                text40                             1C0E     1C0E       36        C       0
                text39                             12A2     12A2       B6        C       0
                text37                             1EA0     1EA0       10        C       0
                text36                             1E90     1E90       10        C       0
                text35                             1DA0     1DA0       1C        C       0
                text34                             1DD6     1DD6       16        C       0
                text33                             1978     1978       4E        C       0
                text32                             1E80     1E80       10        C       0
                text31                             18CC     18CC       56        C       0
                text30                              C0E      C0E      140        C       0
                text29                             1C74     1C74       30        C       0
                text28                              D4E      D4E      112        C       0
                text27                             1EB0     1EB0        A        C       0
                text26                             1C44     1C44       30        C       0
                text25                             1B66     1B66       38        C       0
                text24                             1E00     1E00       14        C       0
                text23                             1DEC     1DEC       14        C       0
                text22                             17B8     17B8       5E        C       0
                text21                             1874     1874       58        C       0
                text20                             11EC     11EC       B6        C       0
                text19                             1E70     1E70       10        C       0
                text18                             153E     153E       98        C       0
                text17                             1AA0     1AA0       46        C       0
                text16                             1D52     1D52       2A        C       0
                text15                             1660     1660       86        C       0
                text14                             16E6     16E6       72        C       0
                text13                             1E28     1E28       12        C       0
                text12                             1DBC     1DBC       1A        C       0
                text11                             1EC2     1EC2        6        C       0
                text10                             1B26     1B26       40        C       0
                text9                              1CD0     1CD0       2C        C       0
                text8                              1116     1116       D6        C       0
                text7                              1EBA     1EBA        8        C       0
                text6                              1AE6     1AE6       40        C       0
                text5                              140A     140A       9A        C       0
                text4                              1758     1758       60        C       0
                text3                              1D28     1D28       2A        C       0
                text2                              1CA4     1CA4       2C        C       0
                text1                              1040     1040       D6        C       0
                text0                               88A      88A      384        C       0
                cstackCOMRAM                          1        1       2F        1       1
                cstackBANK0                          A4       A4       33       60       1
                cstackBANK1                         1B2      1B2       42      100       1
                bssBANK2                            200      200       36      200       1
                bssBANK1                            100      100       B2      100       1
                dataBANK0                            D7       D7        2       60       1
                bssBANK0                             60       60       44       60       1
                bssCOMRAM                            32       32        1        1       1
                cinit                              1A10     1A10       48        C       0
                nvCOMRAM                             30       30        2        1       1
                idataBANK0                         1ECE     1ECE        2        C       0

TOTAL           Name                               Link     Load   Length     Space
        CLASS   CODE           
                end_init                             C2       C2        4         0
                intcodelo                            18       18       AA         0
                intcode                               8        8       10         0
                reset_vec                             0        0        4         0
                text59                             1922     1922       56         0
                text58                             1BD6     1BD6       38         0
                text57                              E60      E60      106         0
                text56                             1E14     1E14       14         0
                text55                             1816     1816       5E         0
                text54                             1E5E     1E5E       12         0
                text53                              F66      F66       DA         0
                text52                             1CFC     1CFC       2C         0
                text51                             1EC8     1EC8        6         0
                text50                               C6       C6      7C4         0
                text49                             19C6     19C6       4A         0
                text48                             14A4     14A4       9A         0
                intcode_body                       15D6     15D6       8A         0
                text46                             1A58     1A58       48         0
                text45                             1B9E     1B9E       38         0
                text44                             1E4C     1E4C       12         0
                text43                             1E3A     1E3A       12         0
                text42                             1358     1358       B2         0
                text41                             1D7C     1D7C       24         0
                text40                             1C0E     1C0E       36         0
                text39                             12A2     12A2       B6         0
                text37                             1EA0     1EA0       10         0
                text36                             1E90     1E90       10         0
                text35                             1DA0     1DA0       1C         0
                text34                             1DD6     1DD6       16         0
                text33                             1978     1978       4E         0
                text32                             1E80     1E80       10         0
                text31                             18CC     18CC       56         0
                text30                              C0E      C0E      140         0
                text29                             1C74     1C74       30         0
                text28                              D4E      D4E      112         0
                text27                             1EB0     1EB0        A         0
                text26                             1C44     1C44       30         0
                text25                             1B66     1B66       38         0
                text24                             1E00     1E00       14         0
                text23                             1DEC     1DEC       14         0
                text22                             17B8     17B8       5E         0
                text21                             1874     1874       58         0
                text20                             11EC     11EC       B6         0
                text19                             1E70     1E70       10         0
                text18                             153E     153E       98         0
                text17                             1AA0     1AA0       46         0
                text16                             1D52     1D52       2A         0
                text15                             1660     1660       86         0
                text14                             16E6     16E6       72         0
                text13                             1E28     1E28       12         0
                text12                             1DBC     1DBC       1A         0
                text11                             1EC2     1EC2        6         0
                text10                             1B26     1B26       40         0
                text9                              1CD0     1CD0       2C         0
                text8                              1116     1116       D6         0
                text7                              1EBA     1EBA        8         0
                text6                              1AE6     1AE6       40         0
                text5                              140A     140A       9A         0
                text4                              1758     1758       60         0
                text3                              1D28     1D28       2A         0
                text2                              1CA4     1CA4       2C         0
                text1                              1040     1040       D6         0
                text0                               88A      88A      384         0
                cinit                              1A10     1A10       48         0
                idataBANK0                         1ECE     1ECE        2         0

        CLASS   CONST          

        CLASS   SMALLCONST     

        CLASS   MEDIUMCONST    

        CLASS   COMRAM         
                cstackCOMRAM                          1        1       2F         1
                bssCOMRAM                            32       32        1         1
                nvCOMRAM                             30       30        2         1

        CLASS   ABS1           

        CLASS   BIGRAM         

        CLASS   RAM            

        CLASS   BANK0          
                cstackBANK0                          A4       A4       33         1
                dataBANK0                            D7       D7        2         1
                bssBANK0                             60       60       44         1

        CLASS   BANK1          
                cstackBANK1                         1B2      1B2       42         1
                bssBANK1                            100      100       B2         1

        CLASS   BANK2          
                bssBANK2                            200      200       36         1

        CLASS   BANK3          

        CLASS   BANK4          

        CLASS   BANK5          

        CLASS   BANK6          

        CLASS   BANK7          

        CLASS   BANK8          

        CLASS   BANK9          

        CLASS   BANK10         

        CLASS   BANK11         

        CLASS   BANK12         

        CLASS   BANK13         

        CLASS   BANK14         

        CLASS   SFR            

        CLASS   FARRAM         

        CLASS   CONFIG         
                config                             FFF8     FFF8        8         0

        CLASS   IDLOC          



SEGMENTS        Name                           Load    Length   Top    Selector   Space  Class

                reset_vec                      000000  000004  000004         0       0  CODE    
                cstackCOMRAM                   000001  000032  000033         1       1  COMRAM  
                intcode                        000008  000010  000018         4       0  CODE    
                intcodelo                      000018  001EB8  001ED0         C       0  CODE    
                bssBANK0                       000060  000079  0000D9        60       1  BANK0   
                bssBANK1                       000100  0000F4  0001F4       100       1  BANK1   
                bssBANK2                       000200  000036  000236       200       1  BANK2   
                config                         00FFF8  000008  010000      FFF8       0  CONFIG  


UNUSED ADDRESS RANGES

        Name                Unused          Largest block    Delta
        BANK0            000D9-000FF              27
        BANK1            001F4-001FF               C
        BANK10           00A00-00AFF             100
        BANK11           00B00-00BFF             100
        BANK12           00C00-00CFF             100
        BANK13           00D00-00DFF             100
        BANK14           00E00-00EBF              C0
        BANK2            00236-002FF              CA
        BANK3            00300-003FF             100
        BANK4            00400-004FF             100
        BANK5            00500-005FF             100
        BANK6            00600-006FF             100
        BANK7            00700-007FF             100
        BANK8            00800-008FF             100
        BANK9            00900-009FF             100
        BIGRAM           00033-0005F              2D
                         000D9-000FF              27
                         001F4-001FF               C
                         00236-00EBF             C8A
        CODE             00004-00007               4
                         01ED0-0FFF7            E128
        COMRAM           00033-0005F              2D
        CONST            00004-00007               4
                         01ED0-0FFF7            E128
        MEDIUMCONST      01ED0-0FFF7            E128
        RAM              000D9-000FF              27
                         001F4-001FF               C
                         00236-00EBF             100
        SFR              00EC0-00FFF              60
        SMALLCONST       01ED0-0FFF7             100

                                  Symbol Table

?_DebugPrint                    cstackBANK1   001B2
?_Delay1KTCYx                   cstackBANK1   001B2
?_DriverColorAdd                cstackBANK1   001B7
?_DriverColorInit               cstackBANK1   001B3
?_DriverIRAdd                   cstackBANK1   001B7
?_DriverIRInit                  cstackBANK1   001B3
?_DriverMotorPoll               cstackBANK1   001BC
?_I2CSend                       cstackBANK1   001B2
?_I2CWriteRequest               cstackBANK1   001B3
?_Open1USART                    cstackBANK1   001B2
?_OpenTimer0                    cstackBANK1   001B2
?_OpenTimer1                    cstackBANK1   001B2
?_ReadTimer1                    cstackCOMRAM  00001
?_ToMainHigh_recvmsg            cstackBANK1   001CA
?_ToMainHigh_sendmsg            cstackBANK0   000BA
?_ToMainLow_recvmsg             cstackBANK1   001CA
?_ToMainLow_sendmsg             cstackCOMRAM  00017
?_WriteTimer0                   cstackBANK0   000A4
?_WriteTimer1                   cstackCOMRAM  00001
?_check_msg                     cstackBANK1   001B2
?_driverMalloc                  cstackBANK1   001B2
?_handle_start                  cstackBANK0   000A4
?_in_high_int                   cstackBANK1   001B2
?_in_low_int                    cstackBANK1   001B4
?_in_main                       cstackBANK1   001B6
?_init_queue                    cstackBANK1   001B2
?_init_timer1_lthread           cstackBANK1   001B2
?_init_uart_recv                cstackBANK1   001B2
?_memcpy                        cstackBANK1   001B2
?_recv_msg                      cstackBANK1   001BC
?_send_msg                      cstackCOMRAM  0000B
?_start_i2c_slave_reply         cstackBANK1   001B2
?_timer0_lthread                cstackBANK1   001B2
?_timer1_lthread                cstackBANK1   001B2
?_uart_lthread                  cstackBANK1   001B2
?i1_memcpy                      cstackCOMRAM  00001
?i2_check_msg                   cstackBANK0   000A4
?i2_in_high_int                 cstackBANK0   000A4
?i2_in_low_int                  cstackBANK0   000A6
?i2_memcpy                      cstackBANK0   000A4
?i2_send_msg                    cstackBANK0   000AE
DebugPrint@out                  cstackBANK1   001B2
Delay1KTCYx@unit                cstackBANK1   001B2
DriverColorAdd@context          cstackBANK1   001B8
DriverColorAdd@id               cstackBANK1   001B7
DriverColorInit@driver          cstackBANK1   001B3
DriverColorInit@self            cstackBANK1   001B5
DriverColorPoll@data            cstackBANK1   001C1
DriverColorPoll@driver          cstackBANK1   001BC
DriverColorPoll@self            cstackBANK1   001BF
DriverIRAdd@context             cstackBANK1   001B8
DriverIRAdd@id                  cstackBANK1   001B7
DriverIRInit@driver             cstackBANK1   001B3
DriverIRInit@self               cstackBANK1   001B5
DriverIRPoll@driver             cstackBANK1   001BC
DriverIRPoll@self               cstackBANK1   001BF
DriverMotorPoll@driver          cstackBANK1   001BC
DriverMotorPoll@self            cstackBANK1   001BF
I2CSend@dat                     cstackBANK1   001B2
I2CWriteRequest@N               cstackBANK1   001B7
I2CWriteRequest@data            cstackBANK1   001B5
I2CWriteRequest@i               cstackBANK1   001BA
I2CWriteRequest@id              cstackBANK1   001B3
I2CWriteRequest@registerAddress cstackBANK1   001B4
Open1USART@config               cstackBANK1   001B2
Open1USART@spbrg                cstackBANK1   001B3
OpenTimer0@config               cstackBANK1   001B2
OpenTimer1@config               cstackBANK1   001B2
OpenTimer1@config1              cstackBANK1   001B3
Read1USART@data                 cstackCOMRAM  00001
ReadTimer1@timer                cstackCOMRAM  00003
ToMainHigh_recvmsg@data         cstackBANK1   001CD
ToMainHigh_recvmsg@maxlength    cstackBANK1   001CA
ToMainHigh_recvmsg@msgtype      cstackBANK1   001CB
ToMainHigh_sendmsg@data         cstackBANK0   000BC
ToMainHigh_sendmsg@length       cstackBANK0   000BA
ToMainHigh_sendmsg@msgtype      cstackBANK0   000BB
ToMainLow_recvmsg@data          cstackBANK1   001CD
ToMainLow_recvmsg@maxlength     cstackBANK1   001CA
ToMainLow_recvmsg@msgtype       cstackBANK1   001CB
ToMainLow_sendmsg@data          cstackCOMRAM  00019
ToMainLow_sendmsg@length        cstackCOMRAM  00017
ToMainLow_sendmsg@msgtype       cstackCOMRAM  00018
WriteTimer0@timer               cstackBANK0   000A6
WriteTimer0@timer0              cstackBANK0   000A4
WriteTimer1@timer               cstackCOMRAM  00003
WriteTimer1@timer1              cstackCOMRAM  00001
_ACKDT                          (abs)         07E2D
_ACKEN                          (abs)         07E2C
_BF                             (abs)         07E38
_DebugPrint                     text11        01EC2
_Delay1KTCYx                    text24        01E00
_DriverColorAdd                 text1         01040
_DriverColorInit                text6         01AE6
_DriverColorPoll                text4         01758
_DriverColorRespond             (abs)         00000
_DriverHeap                     bssBANK0      0009A
_DriverIRAdd                    text8         01116
_DriverIRInit                   text10        01B26
_DriverIRPoll                   text3         01D28
_DriverIRRespond                (abs)         00000
_DriverMotorPoll                text2         01CA4
_DriverMotorRespond             (abs)         00000
_DriverTable                    bssBANK1      00100
_FromMainHigh_MQ                bssBANK2      00200
_FromMainLow_MQ                 bssBANK1      00146
_I2CInit                        text19        01E70
_I2CSend                        text34        01DD6
_I2CStart                       text37        01EA0
_I2CStop                        text36        01E90
_I2CWait                        text35        01DA0
_I2CWriteRequest                text5         0140A
_INTCONbits                     (abs)         00FF2
_IPR1bits                       (abs)         00F9F
_InterruptHandlerHigh           intcode       00008
_InterruptHandlerLow            intcodelo     00018
_LATA                           (abs)         00F89
_LATAbits                       (abs)         00F89
_MQ_Main_Willing_to_block       bssBANK0      00062
_NumberOfDrivers                bssBANK0      00063
_OSCCON                         (abs)         00FD3
_OSCCONbits                     (abs)         00FD3
_OSCTUNEbits                    (abs)         00F9B
_Open1USART                     text18        0153E
_OpenTimer0                     text16        01D52
_OpenTimer1                     text17        01AA0
_PEN                            (abs)         07E2A
_PIE1bits                       (abs)         00F9D
_PIR1bits                       (abs)         00F9E
_PORTBbits                      (abs)         00F81
_RCEN                           (abs)         07E2B
_RCONbits                       (abs)         00FD0
_RCREG1                         (abs)         00FAF
_RCSTA1                         (abs)         00FAC
_RCSTA1bits                     (abs)         00FAC
_RCSTAbits                      (abs)         00FAC
_RSEN                           (abs)         07E29
_Read1USART                     text45        01B9E
_ReadTimer1                     text44        01E4C
_SEN                            (abs)         07E28
_SPBRG1                         (abs)         00FB0
_SPBRGH1                        (abs)         00F7F
_SSPADD                         (abs)         00FC8
_SSPBUF                         (abs)         00FC9
_SSPCON1                        (abs)         00FC6
_SSPCON1bits                    (abs)         00FC6
_SSPCON2                        (abs)         00FC5
_SSPCON2bits                    (abs)         00FC5
_SSPSTAT                        (abs)         00FC7
_SSPSTATbits                    (abs)         00FC7
_SleepIfOkay                    text48        014A4
_T0CON                          (abs)         00FD5
_T0CONbits                      (abs)         00FD5
_T1CON                          (abs)         00FCD
_T1CONbits                      (abs)         00FCD
_T1GCON                         (abs)         00F9A
_T1GCONbits                     (abs)         00F9A
_TMR0H                          (abs)         00FD7
_TMR0L                          (abs)         00FD6
_TMR1H                          (abs)         00FCF
_TMR1L                          (abs)         00FCE
_TRISA                          (abs)         00F92
_TRISC3                         (abs)         07CA3
_TRISC4                         (abs)         07CA4
_TXSTA1                         (abs)         00FAD
_TXSTA1bits                     (abs)         00FAD
_ToMainHigh_MQ                  bssBANK1      0017C
_ToMainHigh_recvmsg             text26        01C44
_ToMainHigh_sendmsg             text52        01CFC
_ToMainLow_MQ                   bssBANK0      00064
_ToMainLow_recvmsg              text29        01C74
_ToMainLow_sendmsg              text41        01D7C
_USART1_Status                  bssCOMRAM     00032
_WriteTimer0                    text54        01E5E
_WriteTimer1                    text43        01E3A
__CFG_CP0$OFF                   (abs)         00000
__CFG_CPUDIV$OSC1               (abs)         00000
__CFG_DSBOREN$OFF               (abs)         00000
__CFG_DSWDTEN$OFF               (abs)         00000
__CFG_DSWDTOSC$T1OSCREF         (abs)         00000
__CFG_DSWDTPS$G2                (abs)         00000
__CFG_FCMEN$OFF                 (abs)         00000
__CFG_IESO$ON                   (abs)         00000
__CFG_IOL1WAY$ON                (abs)         00000
__CFG_LPT1OSC$OFF               (abs)         00000
__CFG_MSSP7B_EN$MSK7            (abs)         00000
__CFG_OSC$HSPLL                 (abs)         00000
__CFG_PLLDIV$3                  (abs)         00000
__CFG_RTCOSC$T1OSCREF           (abs)         00000
__CFG_STVREN$OFF                (abs)         00000
__CFG_T1DIG$OFF                 (abs)         00000
__CFG_WDTEN$OFF                 (abs)         00000
__CFG_WDTPS$32768               (abs)         00000
__CFG_WPCFG$OFF                 (abs)         00000
__CFG_WPDIS$OFF                 (abs)         00000
__CFG_WPEND$PAGE_WPFP           (abs)         00000
__CFG_WPFP$PAGE_63              (abs)         00000
__CFG_XINST$OFF                 (abs)         00000
__HRAM                          (abs)         00000
__Habs1                         abs1          00000
__Hbank0                        bank0         00000
__Hbank1                        bank1         00000
__Hbank10                       bank10        00000
__Hbank11                       bank11        00000
__Hbank12                       bank12        00000
__Hbank13                       bank13        00000
__Hbank14                       bank14        00000
__Hbank2                        bank2         00000
__Hbank3                        bank3         00000
__Hbank4                        bank4         00000
__Hbank5                        bank5         00000
__Hbank6                        bank6         00000
__Hbank7                        bank7         00000
__Hbank8                        bank8         00000
__Hbank9                        bank9         00000
__Hbigbss                       bigbss        00000
__Hbigdata                      bigdata       00000
__Hbigram                       bigram        00000
__Hbss                          bss           00000
__HbssBANK0                     bssBANK0      00000
__HbssBANK1                     bssBANK1      00000
__HbssBANK2                     bssBANK2      00000
__HbssCOMRAM                    bssCOMRAM     00000
__Hcinit                        cinit         00000
__Hclrtext                      clrtext       00000
__Hcomram                       comram        00000
__Hconfig                       config        10000
__Hconst                        const         00000
__HcstackBANK0                  cstackBANK0   00000
__HcstackBANK1                  cstackBANK1   00000
__HcstackCOMRAM                 cstackCOMRAM  00000
__Hdata                         data          00000
__HdataBANK0                    dataBANK0     00000
__Hend_init                     end_init      000C6
__Hfarbss                       farbss        00000
__Hfardata                      fardata       00000
__Hibigdata                     ibigdata      00000
__Hidata                        idata         00000
__HidataBANK0                   idataBANK0    00000
__Hidloc                        idloc         00000
__Hifardata                     ifardata      00000
__Hinit                         init          000C2
__Hintcode                      intcode       00018
__Hintcode_body                 intcode_body  00000
__Hintcodelo                    intcodelo     000C2
__Hintentry                     intentry      00000
__Hintret                       intret        00000
__Hintsave_regs                 intsave_regs  00000
__Hirdata                       irdata        00000
__Hjflash_buffer                jflash_buffer 0F800
__Hmediumconst                  mediumconst   00000
__HnvCOMRAM                     nvCOMRAM      00000
__Hnvbit                        nvbit         00000
__Hnvrram                       nvrram        00000
__Hparam                        param0        00000
__Hparam0                       param0        00000
__Hpowerup                      powerup       000C2
__Hram                          ram           00000
__Hramtop                       ramtop        00F00
__Hrbit                         rbit          00000
__Hrbss                         rbss          00000
__Hrdata                        rdata         00000
__Hreset_vec                    reset_vec     00004
__Hsfr                          sfr           00000
__Hsmallconst                   smallconst    00000
__Hstruct                       struct        00000
__Htemp                         temp          00000
__Htext                         text          00000
__Htext0                        text0         00000
__Htext1                        text1         00000
__Htext10                       text10        00000
__Htext11                       text11        00000
__Htext12                       text12        00000
__Htext13                       text13        00000
__Htext14                       text14        00000
__Htext15                       text15        00000
__Htext16                       text16        00000
__Htext17                       text17        00000
__Htext18                       text18        00000
__Htext19                       text19        00000
__Htext2                        text2         00000
__Htext20                       text20        00000
__Htext21                       text21        00000
__Htext22                       text22        00000
__Htext23                       text23        00000
__Htext24                       text24        00000
__Htext25                       text25        00000
__Htext26                       text26        00000
__Htext27                       text27        00000
__Htext28                       text28        00000
__Htext29                       text29        00000
__Htext3                        text3         00000
__Htext30                       text30        00000
__Htext31                       text31        00000
__Htext32                       text32        00000
__Htext33                       text33        00000
__Htext34                       text34        00000
__Htext35                       text35        00000
__Htext36                       text36        00000
__Htext37                       text37        00000
__Htext39                       text39        00000
__Htext4                        text4         00000
__Htext40                       text40        00000
__Htext41                       text41        00000
__Htext42                       text42        00000
__Htext43                       text43        00000
__Htext44                       text44        00000
__Htext45                       text45        00000
__Htext46                       text46        00000
__Htext48                       text48        00000
__Htext49                       text49        00000
__Htext5                        text5         00000
__Htext50                       text50        00000
__Htext51                       text51        00000
__Htext52                       text52        00000
__Htext53                       text53        00000
__Htext54                       text54        00000
__Htext55                       text55        00000
__Htext56                       text56        00000
__Htext57                       text57        00000
__Htext58                       text58        00000
__Htext59                       text59        00000
__Htext6                        text6         00000
__Htext60                       text60        00000
__Htext7                        text7         00000
__Htext8                        text8         00000
__Htext9                        text9         00000
__LRAM                          (abs)         00001
__Labs1                         abs1          00000
__Lbank0                        bank0         00000
__Lbank1                        bank1         00000
__Lbank10                       bank10        00000
__Lbank11                       bank11        00000
__Lbank12                       bank12        00000
__Lbank13                       bank13        00000
__Lbank14                       bank14        00000
__Lbank2                        bank2         00000
__Lbank3                        bank3         00000
__Lbank4                        bank4         00000
__Lbank5                        bank5         00000
__Lbank6                        bank6         00000
__Lbank7                        bank7         00000
__Lbank8                        bank8         00000
__Lbank9                        bank9         00000
__Lbigbss                       bigbss        00000
__Lbigdata                      bigdata       00000
__Lbigram                       bigram        00000
__Lbss                          bss           00000
__LbssBANK0                     bssBANK0      00000
__LbssBANK1                     bssBANK1      00000
__LbssBANK2                     bssBANK2      00000
__LbssCOMRAM                    bssCOMRAM     00000
__Lcinit                        cinit         00000
__Lclrtext                      clrtext       00000
__Lcomram                       comram        00000
__Lconfig                       config        0FFF8
__Lconst                        const         00000
__LcstackBANK0                  cstackBANK0   00000
__LcstackBANK1                  cstackBANK1   00000
__LcstackCOMRAM                 cstackCOMRAM  00000
__Ldata                         data          00000
__LdataBANK0                    dataBANK0     00000
__Lend_init                     end_init      000C2
__Lfarbss                       farbss        00000
__Lfardata                      fardata       00000
__Libigdata                     ibigdata      00000
__Lidata                        idata         00000
__LidataBANK0                   idataBANK0    00000
__Lidloc                        idloc         00000
__Lifardata                     ifardata      00000
__Linit                         init          000C2
__Lintcode                      intcode       00008
__Lintcode_body                 intcode_body  00000
__Lintcodelo                    intcodelo     00018
__Lintentry                     intentry      00000
__Lintret                       intret        00000
__Lintsave_regs                 intsave_regs  00000
__Lirdata                       irdata        00000
__Ljflash_buffer                jflash_buffer 0F800
__Lmediumconst                  mediumconst   00000
__LnvCOMRAM                     nvCOMRAM      00000
__Lnvbit                        nvbit         00000
__Lnvrram                       nvrram        00000
__Lparam                        param0        00000
__Lparam0                       param0        00000
__Lpowerup                      powerup       000C2
__Lram                          ram           00000
__Lramtop                       ramtop        00F00
__Lrbit                         rbit          00000
__Lrbss                         rbss          00000
__Lrdata                        rdata         00000
__Lreset_vec                    reset_vec     00000
__Lsfr                          sfr           00000
__Lsmallconst                   smallconst    00000
__Lstruct                       struct        00000
__Ltemp                         temp          00000
__Ltext                         text          00000
__Ltext0                        text0         00000
__Ltext1                        text1         00000
__Ltext10                       text10        00000
__Ltext11                       text11        00000
__Ltext12                       text12        00000
__Ltext13                       text13        00000
__Ltext14                       text14        00000
__Ltext15                       text15        00000
__Ltext16                       text16        00000
__Ltext17                       text17        00000
__Ltext18                       text18        00000
__Ltext19                       text19        00000
__Ltext2                        text2         00000
__Ltext20                       text20        00000
__Ltext21                       text21        00000
__Ltext22                       text22        00000
__Ltext23                       text23        00000
__Ltext24                       text24        00000
__Ltext25                       text25        00000
__Ltext26                       text26        00000
__Ltext27                       text27        00000
__Ltext28                       text28        00000
__Ltext29                       text29        00000
__Ltext3                        text3         00000
__Ltext30                       text30        00000
__Ltext31                       text31        00000
__Ltext32                       text32        00000
__Ltext33                       text33        00000
__Ltext34                       text34        00000
__Ltext35                       text35        00000
__Ltext36                       text36        00000
__Ltext37                       text37        00000
__Ltext39                       text39        00000
__Ltext4                        text4         00000
__Ltext40                       text40        00000
__Ltext41                       text41        00000
__Ltext42                       text42        00000
__Ltext43                       text43        00000
__Ltext44                       text44        00000
__Ltext45                       text45        00000
__Ltext46                       text46        00000
__Ltext48                       text48        00000
__Ltext49                       text49        00000
__Ltext5                        text5         00000
__Ltext50                       text50        00000
__Ltext51                       text51        00000
__Ltext52                       text52        00000
__Ltext53                       text53        00000
__Ltext54                       text54        00000
__Ltext55                       text55        00000
__Ltext56                       text56        00000
__Ltext57                       text57        00000
__Ltext58                       text58        00000
__Ltext59                       text59        00000
__Ltext6                        text6         00000
__Ltext60                       text60        00000
__Ltext7                        text7         00000
__Ltext8                        text8         00000
__Ltext9                        text9         00000
__S0                            (abs)         10000
__S1                            (abs)         00236
__accesstop                     (abs)         00060
__activetblptr                  (abs)         00002
__end_of_DebugPrint             text11        01EC8
__end_of_Delay1KTCYx            text24        01E14
__end_of_DriverColorAdd         text1         01116
__end_of_DriverColorInit        text6         01B26
__end_of_DriverColorPoll        text4         017B8
__end_of_DriverIRAdd            text8         011EC
__end_of_DriverIRInit           text10        01B66
__end_of_DriverIRPoll           text3         01D52
__end_of_DriverMotorPoll        text2         01CD0
__end_of_I2CInit                text19        01E80
__end_of_I2CSend                text34        01DEC
__end_of_I2CStart               text37        01EB0
__end_of_I2CStop                text36        01EA0
__end_of_I2CWait                text35        01DBC
__end_of_I2CWriteRequest        text5         014A4
__end_of_InterruptHandlerHigh   intcode_body  01660
__end_of_InterruptHandlerLow    intcodelo     000C2
__end_of_Open1USART             text18        015D6
__end_of_OpenTimer0             text16        01D7C
__end_of_OpenTimer1             text17        01AE6
__end_of_Read1USART             text45        01BD6
__end_of_ReadTimer1             text44        01E5E
__end_of_SleepIfOkay            text48        0153E
__end_of_ToMainHigh_recvmsg     text26        01C74
__end_of_ToMainHigh_sendmsg     text52        01D28
__end_of_ToMainLow_recvmsg      text29        01CA4
__end_of_ToMainLow_sendmsg      text41        01DA0
__end_of_WriteTimer0            text54        01E70
__end_of_WriteTimer1            text43        01E4C
__end_of__initialization        cinit         01A4E
__end_of_block_on_To_msgqueues  text20        012A2
__end_of_check_msg              text25        01B9E
__end_of_driverMalloc           text9         01CFC
__end_of_enable_interrupts      text7         01EC2
__end_of_enter_sleep_mode       text51        01ECE
__end_of_handle_start           text53        01040
__end_of_i2c_int_handler        text50        0088A
__end_of_in_high_int            text23        01E00
__end_of_in_low_int             text22        01816
__end_of_in_main                text21        018CC
__end_of_init_queue             text15        016E6
__end_of_init_queues            text14        01758
__end_of_init_timer1_lthread    text13        01E3A
__end_of_init_uart_recv         text12        01DD6
__end_of_main                   text0         00C0E
__end_of_memcpy                 text31        01922
__end_of_recv_msg               text30        00D4E
__end_of_send_msg               text42        0140A
__end_of_start_i2c_slave_reply  text28        00E60
__end_of_timer0_int_handler     text49        01A10
__end_of_timer0_lthread         text27        01EBA
__end_of_timer1_int_handler     text40        01C44
__end_of_timer1_lthread         text32        01E90
__end_of_uart_lthread           text33        019C6
__end_of_uart_recv_int_handler  text39        01358
__end_ofi1_memcpy               text46        01AA0
__end_ofi2_check_msg            text58        01C0E
__end_ofi2_in_high_int          text56        01E28
__end_ofi2_in_low_int           text55        01874
__end_ofi2_memcpy               text59        01978
__end_ofi2_send_msg             text57        00F66
__initialization                cinit         01A10
__mediumconst                   mediumconst   00000
__pbssBANK0                     bssBANK0      00060
__pbssBANK1                     bssBANK1      00100
__pbssBANK2                     bssBANK2      00200
__pbssCOMRAM                    bssCOMRAM     00032
__pcinit                        cinit         01A10
__pcstackBANK0                  cstackBANK0   000A4
__pcstackBANK1                  cstackBANK1   001B2
__pcstackCOMRAM                 cstackCOMRAM  00001
__pdataBANK0                    dataBANK0     000D7
__pidataBANK0                   idataBANK0    01ECE
__pintcode                      intcode       00008
__pintcode_body                 intcode_body  015D6
__pintcodelo                    intcodelo     00018
__pnvCOMRAM                     nvCOMRAM      00030
__ptext0                        text0         0088A
__ptext1                        text1         01040
__ptext10                       text10        01B26
__ptext11                       text11        01EC2
__ptext12                       text12        01DBC
__ptext13                       text13        01E28
__ptext14                       text14        016E6
__ptext15                       text15        01660
__ptext16                       text16        01D52
__ptext17                       text17        01AA0
__ptext18                       text18        0153E
__ptext19                       text19        01E70
__ptext2                        text2         01CA4
__ptext20                       text20        011EC
__ptext21                       text21        01874
__ptext22                       text22        017B8
__ptext23                       text23        01DEC
__ptext24                       text24        01E00
__ptext25                       text25        01B66
__ptext26                       text26        01C44
__ptext27                       text27        01EB0
__ptext28                       text28        00D4E
__ptext29                       text29        01C74
__ptext3                        text3         01D28
__ptext30                       text30        00C0E
__ptext31                       text31        018CC
__ptext32                       text32        01E80
__ptext33                       text33        01978
__ptext34                       text34        01DD6
__ptext35                       text35        01DA0
__ptext36                       text36        01E90
__ptext37                       text37        01EA0
__ptext39                       text39        012A2
__ptext4                        text4         01758
__ptext40                       text40        01C0E
__ptext41                       text41        01D7C
__ptext42                       text42        01358
__ptext43                       text43        01E3A
__ptext44                       text44        01E4C
__ptext45                       text45        01B9E
__ptext46                       text46        01A58
__ptext48                       text48        014A4
__ptext49                       text49        019C6
__ptext5                        text5         0140A
__ptext50                       text50        000C6
__ptext51                       text51        01EC8
__ptext52                       text52        01CFC
__ptext53                       text53        00F66
__ptext54                       text54        01E5E
__ptext55                       text55        01816
__ptext56                       text56        01E14
__ptext57                       text57        00E60
__ptext58                       text58        01BD6
__ptext59                       text59        01922
__ptext6                        text6         01AE6
__ptext60                       text60        00000
__ptext7                        text7         01EBA
__ptext8                        text8         01116
__ptext9                        text9         01CD0
__ramtop                        ramtop        00F00
__size_of_DebugPrint            (abs)         00000
__size_of_Delay1KTCYx           (abs)         00000
__size_of_DriverColorAdd        (abs)         00000
__size_of_DriverColorInit       (abs)         00000
__size_of_DriverColorPoll       (abs)         00000
__size_of_DriverIRAdd           (abs)         00000
__size_of_DriverIRInit          (abs)         00000
__size_of_DriverIRPoll          (abs)         00000
__size_of_DriverMotorPoll       (abs)         00000
__size_of_I2CInit               (abs)         00000
__size_of_I2CSend               (abs)         00000
__size_of_I2CStart              (abs)         00000
__size_of_I2CStop               (abs)         00000
__size_of_I2CWait               (abs)         00000
__size_of_I2CWriteRequest       (abs)         00000
__size_of_InterruptHandlerHigh  (abs)         00000
__size_of_InterruptHandlerLow   (abs)         00000
__size_of_Open1USART            (abs)         00000
__size_of_OpenTimer0            (abs)         00000
__size_of_OpenTimer1            (abs)         00000
__size_of_Read1USART            (abs)         00000
__size_of_ReadTimer1            (abs)         00000
__size_of_SleepIfOkay           (abs)         00000
__size_of_ToMainHigh_recvmsg    (abs)         00000
__size_of_ToMainHigh_sendmsg    (abs)         00000
__size_of_ToMainLow_recvmsg     (abs)         00000
__size_of_ToMainLow_sendmsg     (abs)         00000
__size_of_WriteTimer0           (abs)         00000
__size_of_WriteTimer1           (abs)         00000
__size_of_block_on_To_msgqueues (abs)         00000
__size_of_check_msg             (abs)         00000
__size_of_driverMalloc          (abs)         00000
__size_of_enable_interrupts     (abs)         00000
__size_of_enter_sleep_mode      (abs)         00000
__size_of_handle_start          (abs)         00000
__size_of_i2c_int_handler       (abs)         00000
__size_of_in_high_int           (abs)         00000
__size_of_in_low_int            (abs)         00000
__size_of_in_main               (abs)         00000
__size_of_init_queue            (abs)         00000
__size_of_init_queues           (abs)         00000
__size_of_init_timer1_lthread   (abs)         00000
__size_of_init_uart_recv        (abs)         00000
__size_of_main                  (abs)         00000
__size_of_memcpy                (abs)         00000
__size_of_recv_msg              (abs)         00000
__size_of_send_msg              (abs)         00000
__size_of_start_i2c_slave_reply (abs)         00000
__size_of_timer0_int_handler    (abs)         00000
__size_of_timer0_lthread        (abs)         00000
__size_of_timer1_int_handler    (abs)         00000
__size_of_timer1_lthread        (abs)         00000
__size_of_uart_lthread          (abs)         00000
__size_of_uart_recv_int_handler (abs)         00000
__size_ofi1_memcpy              (abs)         00000
__size_ofi2_check_msg           (abs)         00000
__size_ofi2_in_high_int         (abs)         00000
__size_ofi2_in_low_int          (abs)         00000
__size_ofi2_memcpy              (abs)         00000
__size_ofi2_send_msg            (abs)         00000
__smallconst                    smallconst    00000
_block_on_To_msgqueues          text20        011EC
_check_msg                      text25        01B66
_driverMalloc                   text9         01CD0
_enable_interrupts              text7         01EBA
_enter_sleep_mode               text51        01EC8
_handle_start                   text53        00F66
_heapPointer                    dataBANK0     000D7
_i2c_int_handler                text50        000C6
_ic_ptr                         bssBANK0      00060
_in_high_int                    text23        01DEC
_in_low_int                     text22        017B8
_in_main                        text21        01874
_init_queue                     text15        01660
_init_queues                    text14        016E6
_init_timer1_lthread            text13        01E28
_init_uart_recv                 text12        01DBC
_main                           text0         0088A
_memcpy                         text31        018CC
_recv_msg                       text30        00C0E
_send_msg                       text42        01358
_start_i2c_slave_reply          text28        00D4E
_timer0_int_handler             text49        019C6
_timer0_lthread                 text27        01EB0
_timer1_int_handler             text40        01C0E
_timer1_lthread                 text32        01E80
_uart_lthread                   text33        01978
_uart_recv_int_handler          text39        012A2
_uc_ptr                         nvCOMRAM      00030
check_msg@qptr                  cstackBANK1   001B2
driverMalloc@size               cstackBANK1   001B2
driverMalloc@temp               cstackBANK1   001B4
end_of_initialization           cinit         01A4E
handle_start@data_read          cstackBANK0   000A4
i1_memcpy                       text46        01A58
i1memcpy@d                      cstackCOMRAM  00007
i1memcpy@d1                     cstackCOMRAM  00001
i1memcpy@n                      cstackCOMRAM  00005
i1memcpy@s                      cstackCOMRAM  00009
i1memcpy@s1                     cstackCOMRAM  00003
i2_check_msg                    text58        01BD6
i2_in_high_int                  text56        01E14
i2_in_low_int                   text55        01816
i2_memcpy                       text59        01922
i2_send_msg                     text57        00E60
i2c_int_handler@data_read       cstackBANK0   000C8
i2c_int_handler@data_written    cstackBANK0   000C3
i2c_int_handler@error_buf       cstackBANK0   000C0
i2c_int_handler@i2c_data        cstackBANK0   000C5
i2c_int_handler@msg_ready       cstackBANK0   000C7
i2c_int_handler@msg_to_send     cstackBANK0   000C6
i2c_int_handler@overrun_error   cstackBANK0   000C4
i2check_msg@qptr                cstackBANK0   000A4
i2memcpy@d                      cstackBANK0   000AA
i2memcpy@d1                     cstackBANK0   000A4
i2memcpy@n                      cstackBANK0   000A8
i2memcpy@s                      cstackBANK0   000AC
i2memcpy@s1                     cstackBANK0   000A6
i2send_msg@data                 cstackBANK0   000B2
i2send_msg@length               cstackBANK0   000B0
i2send_msg@msgtype              cstackBANK0   000B1
i2send_msg@qmsg                 cstackBANK0   000B8
i2send_msg@qptr                 cstackBANK0   000AE
i2send_msg@slot                 cstackBANK0   000B7
i2send_msg@tlength              cstackBANK0   000B5
init_queue@i                    cstackBANK1   001B5
init_queue@qptr                 cstackBANK1   001B2
init_timer1_lthread@tptr        cstackBANK1   001B2
init_uart_recv@uc               cstackBANK1   001B2
int_func                        intcode_body  015D6
intlevel0                       text          00000
intlevel1                       text          00000
intlevel2                       text          00000
intlevel3                       text          00000
main@ADCBufferLen               cstackBANK1   001E9
main@ADCbufferI2C               cstackBANK1   001D1
main@i_704                      cstackBANK1   001EC
main@last_reg_recvd             cstackBANK1   001D9
main@length                     cstackBANK1   001F2
main@msgbuffer                  cstackBANK1   001DA
main@msgtype                    cstackBANK1   001F3
main@t0thread_data              cstackBANK1   001E7
main@t1thread_data              cstackBANK1   001EA
main@uc                         cstackBANK1   001ED
main@uthread_data               cstackBANK1   001E5
memcpy@d                        cstackBANK1   001B8
memcpy@d1                       cstackBANK1   001B2
memcpy@n                        cstackBANK1   001B6
memcpy@s                        cstackBANK1   001BA
memcpy@s1                       cstackBANK1   001B4
recv_msg@data                   cstackBANK1   001C1
recv_msg@maxlength              cstackBANK1   001BE
recv_msg@msgtype                cstackBANK1   001BF
recv_msg@qmsg                   cstackBANK1   001C8
recv_msg@qptr                   cstackBANK1   001BC
recv_msg@slot                   cstackBANK1   001C5
recv_msg@tlength                cstackBANK1   001C6
send_msg@data                   cstackCOMRAM  0000F
send_msg@length                 cstackCOMRAM  0000D
send_msg@msgtype                cstackCOMRAM  0000E
send_msg@qmsg                   cstackCOMRAM  00015
send_msg@qptr                   cstackCOMRAM  0000B
send_msg@slot                   cstackCOMRAM  00014
send_msg@tlength                cstackCOMRAM  00012
start                           init          000C2
start_i2c_slave_reply@length    cstackBANK1   001B2
start_i2c_slave_reply@msg       cstackBANK1   001B3
start_initialization            cinit         01A10
timer0_lthread@msgbuffer        cstackBANK1   001B8
timer0_lthread@msgval           cstackBANK1   001BA
timer1_int_handler@result       cstackCOMRAM  0001D
timer1_lthread@tptr             cstackBANK1   001B2
uart_lthread@length             cstackBANK1   001B6
uart_lthread@msgbuffer          cstackBANK1   001B8
uart_lthread@msgtype            cstackBANK1   001B4


FUNCTION INFORMATION:

 *************** function _main *****************
 Defined at:
		line 125 in file "../src/main.c"
 Parameters:    Size  Location     Type
		None
 Auto vars:     Size  Location     Type
  i               1   58[BANK1 ] unsigned char 
  ic             28    0        struct __i2c_comm
  msgbuffer      11   40[BANK1 ] unsigned char [11]
  ADCbufferI2C    8   31[BANK1 ] unsigned char [8]
  uc              5   59[BANK1 ] struct __uart_comm
  t1thread_dat    2   56[BANK1 ] struct __timer1_thread_s
  t0thread_dat    2   53[BANK1 ] struct __timer0_thread_s
  uthread_data    2   51[BANK1 ] struct __uart_thread_str
  msgtype         1   65[BANK1 ] unsigned char 
  length          1   64[BANK1 ] char 
  ADCBufferLen    1   55[BANK1 ] unsigned char 
  last_reg_rec    1   39[BANK1 ] unsigned char 
  i               1    0        unsigned char 
  c               1    0        unsigned char 
 Return value:  Size  Location     Type
		None               void
 Registers used:
		wreg, fsr1l, fsr1h, fsr2l, fsr2h, status,2, status,0, pclat, tosl, prodl, prodh, cstack
 Tracked objects:
		On entry : 
		On exit  : 
		Unchanged: 
 Data sizes:     COMRAM   BANK0   BANK1   BANK2   BANK3   BANK4   BANK5   BANK6   BANK7   BANK8   BANK9  BANK10  BANK11  BANK12  BANK13  BANK14
      Params:         0       0       0       0       0       0       0       0       0       0       0       0       0       0       0       0
      Locals:         0       0      35       0       0       0       0       0       0       0       0       0       0       0       0       0
      Temps:          0       0       2       0       0       0       0       0       0       0       0       0       0       0       0       0
      Totals:         0       0      37       0       0       0       0       0       0       0       0       0       0       0       0       0
Total ram usage:       37 bytes
 Hardware stack levels required when called:   14
 This function calls:
		_init_uart_recv
		_init_timer1_lthread
		_init_queues
		_OpenTimer0
		_OpenTimer1
		_Open1USART
		_enable_interrupts
		_I2CInit
		_DriverColorAdd
		_DriverIRAdd
		_block_on_To_msgqueues
		_ToMainHigh_recvmsg
		_timer0_lthread
		_start_i2c_slave_reply
		_ToMainLow_recvmsg
		_DriverMotorPoll
		_DriverIRPoll
		_DriverColorPoll
		_timer1_lthread
		_uart_lthread
 This function is called by:
		Startup code after reset
 This function uses a non-reentrant model


 *************** function _DriverColorAdd *****************
 Defined at:
		line 34 in file "../src/Color.h"
 Parameters:    Size  Location     Type
  id              1    5[BANK1 ] unsigned char 
 Auto vars:     Size  Location     Type
  context         2    6[BANK1 ] PTR struct DRIVER_T
		 -> DriverHeap(10), 
 Return value:  Size  Location     Type
		None               void
 Registers used:
		wreg, fsr2l, fsr2h, status,2, status,0, prodl, prodh, cstack
 Tracked objects:
		On entry : 
		On exit  : 
		Unchanged: 
 Data sizes:     COMRAM   BANK0   BANK1   BANK2   BANK3   BANK4   BANK5   BANK6   BANK7   BANK8   BANK9  BANK10  BANK11  BANK12  BANK13  BANK14
      Params:         0       0       1       0       0       0       0       0       0       0       0       0       0       0       0       0
      Locals:         0       0       2       0       0       0       0       0       0       0       0       0       0       0       0       0
      Temps:          0       0       0       0       0       0       0       0       0       0       0       0       0       0       0       0
      Totals:         0       0       3       0       0       0       0       0       0       0       0       0       0       0       0       0
Total ram usage:        3 bytes
 Hardware stack levels used:    1
 Hardware stack levels required when called:   12
 This function calls:
		_driverMalloc
		_DriverColorInit
 This function is called by:
		_main
 This function uses a non-reentrant model


 *************** function _DriverMotorPoll *****************
 Defined at:
		line 24 in file "../src/Motor.h"
 Parameters:    Size  Location     Type
  driver          2   10[BANK1 ] PTR struct DRIVER_T
		 -> DriverHeap(10), 
 Auto vars:     Size  Location     Type
  self            2   13[BANK1 ] PTR struct DRIVERMotorME
		 -> DriverHeap(10), 
 Return value:  Size  Location     Type
		None               void
 Registers used:
		wreg, status,2, status,0
 Tracked objects:
		On entry : 
		On exit  : 
		Unchanged: 
 Data sizes:     COMRAM   BANK0   BANK1   BANK2   BANK3   BANK4   BANK5   BANK6   BANK7   BANK8   BANK9  BANK10  BANK11  BANK12  BANK13  BANK14
      Params:         0       0       2       0       0       0       0       0       0       0       0       0       0       0       0       0
      Locals:         0       0       2       0       0       0       0       0       0       0       0       0       0       0       0       0
      Temps:          0       0       1       0       0       0       0       0       0       0       0       0       0       0       0       0
      Totals:         0       0       5       0       0       0       0       0       0       0       0       0       0       0       0       0
Total ram usage:        5 bytes
 Hardware stack levels used:    1
 Hardware stack levels required when called:   10
 This function calls:
		Nothing
 This function is called by:
		_DriverMotorAdd
		_main
 This function uses a non-reentrant model


 *************** function _DriverIRPoll *****************
 Defined at:
		line 24 in file "../src/IR.h"
 Parameters:    Size  Location     Type
  driver          2   10[BANK1 ] PTR struct DRIVER_T
		 -> DriverHeap(10), 
 Auto vars:     Size  Location     Type
  self            2   13[BANK1 ] PTR struct DRIVERIRMEMBE
		 -> DriverHeap(10), 
 Return value:  Size  Location     Type
		None               void
 Registers used:
		wreg, status,2, status,0
 Tracked objects:
		On entry : 
		On exit  : 
		Unchanged: 
 Data sizes:     COMRAM   BANK0   BANK1   BANK2   BANK3   BANK4   BANK5   BANK6   BANK7   BANK8   BANK9  BANK10  BANK11  BANK12  BANK13  BANK14
      Params:         0       0       2       0       0       0       0       0       0       0       0       0       0       0       0       0
      Locals:         0       0       2       0       0       0       0       0       0       0       0       0       0       0       0       0
      Temps:          0       0       1       0       0       0       0       0       0       0       0       0       0       0       0       0
      Totals:         0       0       5       0       0       0       0       0       0       0       0       0       0       0       0       0
Total ram usage:        5 bytes
 Hardware stack levels used:    1
 Hardware stack levels required when called:   10
 This function calls:
		Nothing
 This function is called by:
		_DriverIRAdd
		_main
 This function uses a non-reentrant model


 *************** function _DriverColorPoll *****************
 Defined at:
		line 24 in file "../src/Color.h"
 Parameters:    Size  Location     Type
  driver          2   10[BANK1 ] PTR struct DRIVER_T
		 -> DriverHeap(10), 
 Auto vars:     Size  Location     Type
  self            2   13[BANK1 ] PTR struct DRIVERColorME
		 -> DriverHeap(10), 
  data            1   15[BANK1 ] unsigned char [1]
 Return value:  Size  Location     Type
		None               void
 Registers used:
		wreg, fsr2l, fsr2h, status,2, status,0, cstack
 Tracked objects:
		On entry : 
		On exit  : 
		Unchanged: 
 Data sizes:     COMRAM   BANK0   BANK1   BANK2   BANK3   BANK4   BANK5   BANK6   BANK7   BANK8   BANK9  BANK10  BANK11  BANK12  BANK13  BANK14
      Params:         0       0       2       0       0       0       0       0       0       0       0       0       0       0       0       0
      Locals:         0       0       3       0       0       0       0       0       0       0       0       0       0       0       0       0
      Temps:          0       0       1       0       0       0       0       0       0       0       0       0       0       0       0       0
      Totals:         0       0       6       0       0       0       0       0       0       0       0       0       0       0       0       0
Total ram usage:        6 bytes
 Hardware stack levels used:    1
 Hardware stack levels required when called:   13
 This function calls:
		_I2CWriteRequest
 This function is called by:
		_DriverColorAdd
		_main
 This function uses a non-reentrant model


 *************** function _I2CWriteRequest *****************
 Defined at:
		line 152 in file "../src/i2cMaster.c"
 Parameters:    Size  Location     Type
  id              1    1[BANK1 ] unsigned char 
  registerAddr    1    2[BANK1 ] unsigned char 
  data            2    3[BANK1 ] PTR unsigned char 
		 -> DriverColorPoll@data(1), 
  N               2    5[BANK1 ] int 
 Auto vars:     Size  Location     Type
  i               2    8[BANK1 ] int 
 Return value:  Size  Location     Type
		None               void
 Registers used:
		wreg, fsr2l, fsr2h, status,2, status,0, cstack
 Tracked objects:
		On entry : 
		On exit  : 
		Unchanged: 
 Data sizes:     COMRAM   BANK0   BANK1   BANK2   BANK3   BANK4   BANK5   BANK6   BANK7   BANK8   BANK9  BANK10  BANK11  BANK12  BANK13  BANK14
      Params:         0       0       6       0       0       0       0       0       0       0       0       0       0       0       0       0
      Locals:         0       0       2       0       0       0       0       0       0       0       0       0       0       0       0       0
      Temps:          0       0       1       0       0       0       0       0       0       0       0       0       0       0       0       0
      Totals:         0       0       9       0       0       0       0       0       0       0       0       0       0       0       0       0
Total ram usage:        9 bytes
 Hardware stack levels used:    1
 Hardware stack levels required when called:   12
 This function calls:
		_I2CStart
		_I2CSend
		_I2CStop
 This function is called by:
		_DriverColorPoll
 This function uses a non-reentrant model


 *************** function _DriverColorInit *****************
 Defined at:
		line 12 in file "../src/Color.h"
 Parameters:    Size  Location     Type
  driver          2    1[BANK1 ] PTR struct DRIVER_T
		 -> DriverHeap(10), 
 Auto vars:     Size  Location     Type
  self            2    3[BANK1 ] PTR struct DRIVERColorME
		 -> DriverHeap(10), 
 Return value:  Size  Location     Type
		None               void
 Registers used:
		wreg, fsr2l, fsr2h, status,2, status,0, cstack
 Tracked objects:
		On entry : 
		On exit  : 
		Unchanged: 
 Data sizes:     COMRAM   BANK0   BANK1   BANK2   BANK3   BANK4   BANK5   BANK6   BANK7   BANK8   BANK9  BANK10  BANK11  BANK12  BANK13  BANK14
      Params:         0       0       2       0       0       0       0       0       0       0       0       0       0       0       0       0
      Locals:         0       0       2       0       0       0       0       0       0       0       0       0       0       0       0       0
      Temps:          0       0       0       0       0       0       0       0       0       0       0       0       0       0       0       0
      Totals:         0       0       4       0       0       0       0       0       0       0       0       0       0       0       0       0
Total ram usage:        4 bytes
 Hardware stack levels used:    1
 Hardware stack levels required when called:   11
 This function calls:
		_DebugPrint
 This function is called by:
		_DriverColorAdd
 This function uses a non-reentrant model


 *************** function _enable_interrupts *****************
 Defined at:
		line 14 in file "../src/interrupts.c"
 Parameters:    Size  Location     Type
		None
 Auto vars:     Size  Location     Type
		None
 Return value:  Size  Location     Type
		None               void
 Registers used:
		None
 Tracked objects:
		On entry : 
		On exit  : 
		Unchanged: 
 Data sizes:     COMRAM   BANK0   BANK1   BANK2   BANK3   BANK4   BANK5   BANK6   BANK7   BANK8   BANK9  BANK10  BANK11  BANK12  BANK13  BANK14
      Params:         0       0       0       0       0       0       0       0       0       0       0       0       0       0       0       0
      Locals:         0       0       0       0       0       0       0       0       0       0       0       0       0       0       0       0
      Temps:          0       0       0       0       0       0       0       0       0       0       0       0       0       0       0       0
      Totals:         0       0       0       0       0       0       0       0       0       0       0       0       0       0       0       0
Total ram usage:        0 bytes
 Hardware stack levels used:    1
 Hardware stack levels required when called:   10
 This function calls:
		Nothing
 This function is called by:
		_main
 This function uses a non-reentrant model


 *************** function _DriverIRAdd *****************
 Defined at:
		line 32 in file "../src/IR.h"
 Parameters:    Size  Location     Type
  id              1    5[BANK1 ] unsigned char 
 Auto vars:     Size  Location     Type
  context         2    6[BANK1 ] PTR struct DRIVER_T
		 -> DriverHeap(10), 
 Return value:  Size  Location     Type
		None               void
 Registers used:
		wreg, fsr2l, fsr2h, status,2, status,0, prodl, prodh, cstack
 Tracked objects:
		On entry : 
		On exit  : 
		Unchanged: 
 Data sizes:     COMRAM   BANK0   BANK1   BANK2   BANK3   BANK4   BANK5   BANK6   BANK7   BANK8   BANK9  BANK10  BANK11  BANK12  BANK13  BANK14
      Params:         0       0       1       0       0       0       0       0       0       0       0       0       0       0       0       0
      Locals:         0       0       2       0       0       0       0       0       0       0       0       0       0       0       0       0
      Temps:          0       0       0       0       0       0       0       0       0       0       0       0       0       0       0       0
      Totals:         0       0       3       0       0       0       0       0       0       0       0       0       0       0       0       0
Total ram usage:        3 bytes
 Hardware stack levels used:    1
 Hardware stack levels required when called:   12
 This function calls:
		_driverMalloc
		_DriverIRInit
 This function is called by:
		_main
 This function uses a non-reentrant model


 *************** function _driverMalloc *****************
 Defined at:
		line 9 in file "../src/drivers.h"
 Parameters:    Size  Location     Type
  size            2    0[BANK1 ] int 
 Auto vars:     Size  Location     Type
  temp            2    2[BANK1 ] PTR unsigned char 
		 -> DriverHeap(10), 
 Return value:  Size  Location     Type
                  2    0[BANK1 ] PTR unsigned char 
 Registers used:
		wreg, status,2, status,0
 Tracked objects:
		On entry : 
		On exit  : 
		Unchanged: 
 Data sizes:     COMRAM   BANK0   BANK1   BANK2   BANK3   BANK4   BANK5   BANK6   BANK7   BANK8   BANK9  BANK10  BANK11  BANK12  BANK13  BANK14
      Params:         0       0       2       0       0       0       0       0       0       0       0       0       0       0       0       0
      Locals:         0       0       2       0       0       0       0       0       0       0       0       0       0       0       0       0
      Temps:          0       0       0       0       0       0       0       0       0       0       0       0       0       0       0       0
      Totals:         0       0       4       0       0       0       0       0       0       0       0       0       0       0       0       0
Total ram usage:        4 bytes
 Hardware stack levels used:    1
 Hardware stack levels required when called:   10
 This function calls:
		Nothing
 This function is called by:
		_DriverColorAdd
		_DriverIRAdd
		_DriverMotorAdd
 This function uses a non-reentrant model


 *************** function _DriverIRInit *****************
 Defined at:
		line 12 in file "../src/IR.h"
 Parameters:    Size  Location     Type
  driver          2    1[BANK1 ] PTR struct DRIVER_T
		 -> DriverHeap(10), 
 Auto vars:     Size  Location     Type
  self            2    3[BANK1 ] PTR struct DRIVERIRMEMBE
		 -> DriverHeap(10), 
 Return value:  Size  Location     Type
		None               void
 Registers used:
		wreg, fsr2l, fsr2h, status,2, status,0, cstack
 Tracked objects:
		On entry : 
		On exit  : 
		Unchanged: 
 Data sizes:     COMRAM   BANK0   BANK1   BANK2   BANK3   BANK4   BANK5   BANK6   BANK7   BANK8   BANK9  BANK10  BANK11  BANK12  BANK13  BANK14
      Params:         0       0       2       0       0       0       0       0       0       0       0       0       0       0       0       0
      Locals:         0       0       2       0       0       0       0       0       0       0       0       0       0       0       0       0
      Temps:          0       0       0       0       0       0       0       0       0       0       0       0       0       0       0       0
      Totals:         0       0       4       0       0       0       0       0       0       0       0       0       0       0       0       0
Total ram usage:        4 bytes
 Hardware stack levels used:    1
 Hardware stack levels required when called:   11
 This function calls:
		_DebugPrint
 This function is called by:
		_DriverIRAdd
 This function uses a non-reentrant model


 *************** function _DebugPrint *****************
 Defined at:
		line 3 in file "../src/debug.c"
 Parameters:    Size  Location     Type
  out             1    0[BANK1 ] unsigned char 
 Auto vars:     Size  Location     Type
		None
 Return value:  Size  Location     Type
		None               void
 Registers used:
		None
 Tracked objects:
		On entry : 
		On exit  : 
		Unchanged: 
 Data sizes:     COMRAM   BANK0   BANK1   BANK2   BANK3   BANK4   BANK5   BANK6   BANK7   BANK8   BANK9  BANK10  BANK11  BANK12  BANK13  BANK14
      Params:         0       0       1       0       0       0       0       0       0       0       0       0       0       0       0       0
      Locals:         0       0       0       0       0       0       0       0       0       0       0       0       0       0       0       0
      Temps:          0       0       0       0       0       0       0       0       0       0       0       0       0       0       0       0
      Totals:         0       0       1       0       0       0       0       0       0       0       0       0       0       0       0       0
Total ram usage:        1 bytes
 Hardware stack levels used:    1
 Hardware stack levels required when called:   10
 This function calls:
		Nothing
 This function is called by:
		_DriverColorInit
		_DriverIRInit
		_DriverMotorInit
 This function uses a non-reentrant model


 *************** function _init_uart_recv *****************
 Defined at:
		line 40 in file "../src/my_uart.c"
 Parameters:    Size  Location     Type
  uc              2    0[BANK1 ] PTR struct __uart_comm
		 -> main@uc(5), 
 Auto vars:     Size  Location     Type
		None
 Return value:  Size  Location     Type
		None               void
 Registers used:
		wreg, fsr2l, fsr2h, status,2, status,0
 Tracked objects:
		On entry : 
		On exit  : 
		Unchanged: 
 Data sizes:     COMRAM   BANK0   BANK1   BANK2   BANK3   BANK4   BANK5   BANK6   BANK7   BANK8   BANK9  BANK10  BANK11  BANK12  BANK13  BANK14
      Params:         0       0       2       0       0       0       0       0       0       0       0       0       0       0       0       0
      Locals:         0       0       0       0       0       0       0       0       0       0       0       0       0       0       0       0
      Temps:          0       0       0       0       0       0       0       0       0       0       0       0       0       0       0       0
      Totals:         0       0       2       0       0       0       0       0       0       0       0       0       0       0       0       0
Total ram usage:        2 bytes
 Hardware stack levels used:    1
 Hardware stack levels required when called:   10
 This function calls:
		Nothing
 This function is called by:
		_main
 This function uses a non-reentrant model


 *************** function _init_timer1_lthread *****************
 Defined at:
		line 6 in file "../src/timer1_thread.c"
 Parameters:    Size  Location     Type
  tptr            2    0[BANK1 ] PTR struct __timer1_thre
		 -> main@t1thread_data(2), 
 Auto vars:     Size  Location     Type
		None
 Return value:  Size  Location     Type
		None               void
 Registers used:
		wreg, fsr2l, fsr2h
 Tracked objects:
		On entry : 
		On exit  : 
		Unchanged: 
 Data sizes:     COMRAM   BANK0   BANK1   BANK2   BANK3   BANK4   BANK5   BANK6   BANK7   BANK8   BANK9  BANK10  BANK11  BANK12  BANK13  BANK14
      Params:         0       0       2       0       0       0       0       0       0       0       0       0       0       0       0       0
      Locals:         0       0       0       0       0       0       0       0       0       0       0       0       0       0       0       0
      Temps:          0       0       0       0       0       0       0       0       0       0       0       0       0       0       0       0
      Totals:         0       0       2       0       0       0       0       0       0       0       0       0       0       0       0       0
Total ram usage:        2 bytes
 Hardware stack levels used:    1
 Hardware stack levels required when called:   10
 This function calls:
		Nothing
 This function is called by:
[...]


 *************** function _i2c_int_handler *****************
 Defined at:
		line 100 in file "../src/my_i2c.c"
 Parameters:    Size  Location     Type
		None
 Auto vars:     Size  Location     Type
  error_buf       3   28[BANK0 ] unsigned char [3]
  data_read       1   36[BANK0 ] unsigned char 
  msg_ready       1   35[BANK0 ] unsigned char 
  msg_to_send     1   34[BANK0 ] unsigned char 
  i2c_data        1   33[BANK0 ] unsigned char 
  overrun_erro    1   32[BANK0 ] unsigned char 
  data_written    1   31[BANK0 ] unsigned char 
 Return value:  Size  Location     Type
		None               void
 Registers used:
		wreg, fsr1l, fsr1h, fsr2l, fsr2h, status,2, status,0, prodl, prodh, cstack
 Tracked objects:
		On entry : 
		On exit  : 
		Unchanged: 
 Data sizes:     COMRAM   BANK0   BANK1   BANK2   BANK3   BANK4   BANK5   BANK6   BANK7   BANK8   BANK9  BANK10  BANK11  BANK12  BANK13  BANK14
      Params:         0       0       0       0       0       0       0       0       0       0       0       0       0       0       0       0
      Locals:         0       9       0       0       0       0       0       0       0       0       0       0       0       0       0       0
      Temps:          0       2       0       0       0       0       0       0       0       0       0       0       0       0       0       0
      Totals:         0      11       0       0       0       0       0       0       0       0       0       0       0       0       0       0
Total ram usage:       11 bytes
 Hardware stack levels used:    1
 Hardware stack levels required when called:    3
 This function calls:
		_handle_start
		_ToMainHigh_sendmsg
 This function is called by:
		_InterruptHandlerHigh
 This function uses a non-reentrant model


 *************** function _enter_sleep_mode *****************
 Defined at:
		line 202 in file "../src/messages.c"
 Parameters:    Size  Location     Type
		None
 Auto vars:     Size  Location     Type
		None
 Return value:  Size  Location     Type
		None               void
 Registers used:
		None
 Tracked objects:
		On entry : 
		On exit  : 
		Unchanged: 
 Data sizes:     COMRAM   BANK0   BANK1   BANK2   BANK3   BANK4   BANK5   BANK6   BANK7   BANK8   BANK9  BANK10  BANK11  BANK12  BANK13  BANK14
      Params:         0       0       0       0       0       0       0       0       0       0       0       0       0       0       0       0
      Locals:         0       0       0       0       0       0       0       0       0       0       0       0       0       0       0       0
      Temps:          0       0       0       0       0       0       0       0       0       0       0       0       0       0       0       0
      Totals:         0       0       0       0       0       0       0       0       0       0       0       0       0       0       0       0
Total ram usage:        0 bytes
 Hardware stack levels used:    1
 This function calls:
		Nothing
 This function is called by:
		_SleepIfOkay
 This function uses a non-reentrant model


 *************** function _ToMainHigh_sendmsg *****************
 Defined at:
		line 126 in file "../src/messages.c"
 Parameters:    Size  Location     Type
  length          1   22[BANK0 ] unsigned char 
  msgtype         1   23[BANK0 ] unsigned char 
  data            2   24[BANK0 ] PTR void 
		 -> NULL(0), i2c_int_handler@error_buf(3), 
 Auto vars:     Size  Location     Type
		None
 Return value:  Size  Location     Type
                  1    wreg      char 
 Registers used:
		wreg, fsr1l, fsr1h, fsr2l, fsr2h, status,2, status,0, prodl, prodh, cstack
 Tracked objects:
		On entry : 
		On exit  : 
		Unchanged: 
 Data sizes:     COMRAM   BANK0   BANK1   BANK2   BANK3   BANK4   BANK5   BANK6   BANK7   BANK8   BANK9  BANK10  BANK11  BANK12  BANK13  BANK14
      Params:         0       4       0       0       0       0       0       0       0       0       0       0       0       0       0       0
      Locals:         0       0       0       0       0       0       0       0       0       0       0       0       0       0       0       0
      Temps:          0       0       0       0       0       0       0       0       0       0       0       0       0       0       0       0
      Totals:         0       4       0       0       0       0       0       0       0       0       0       0       0       0       0       0
Total ram usage:        4 bytes
 Hardware stack levels used:    1
 Hardware stack levels required when called:    2
 This function calls:
		i2_send_msg
 This function is called by:
		_i2c_int_handler
		_timer0_int_handler
 This function uses a non-reentrant model


 *************** function _handle_start *****************
 Defined at:
		line 71 in file "../src/my_i2c.c"
 Parameters:    Size  Location     Type
  data_read       1    0[BANK0 ] unsigned char 
 Auto vars:     Size  Location     Type
		None
 Return value:  Size  Location     Type
		None               void
 Registers used:
		wreg, fsr2l, fsr2h, status,2, status,0
 Tracked objects:
		On entry : 
		On exit  : 
		Unchanged: 
 Data sizes:     COMRAM   BANK0   BANK1   BANK2   BANK3   BANK4   BANK5   BANK6   BANK7   BANK8   BANK9  BANK10  BANK11  BANK12  BANK13  BANK14
      Params:         0       1       0       0       0       0       0       0       0       0       0       0       0       0       0       0
      Locals:         0       0       0       0       0       0       0       0       0       0       0       0       0       0       0       0
      Temps:          0       0       0       0       0       0       0       0       0       0       0       0       0       0       0       0
      Totals:         0       1       0       0       0       0       0       0       0       0       0       0       0       0       0       0
Total ram usage:        1 bytes
 Hardware stack levels used:    1
 This function calls:
		Nothing
 This function is called by:
		_i2c_int_handler
 This function uses a non-reentrant model


 *************** function _WriteTimer0 *****************
 Defined at:
		line 17 in file "plib/Timers/t0write.c"
 Parameters:    Size  Location     Type
  timer0          2    0[BANK0 ] unsigned int 
 Auto vars:     Size  Location     Type
  timer           2    2[BANK0 ] struct Timers
 Return value:  Size  Location     Type
		None               void
 Registers used:
		None
 Tracked objects:
		On entry : 
		On exit  : 
		Unchanged: 
 Data sizes:     COMRAM   BANK0   BANK1   BANK2   BANK3   BANK4   BANK5   BANK6   BANK7   BANK8   BANK9  BANK10  BANK11  BANK12  BANK13  BANK14
      Params:         0       2       0       0       0       0       0       0       0       0       0       0       0       0       0       0
      Locals:         0       2       0       0       0       0       0       0       0       0       0       0       0       0       0       0
      Temps:          0       0       0       0       0       0       0       0       0       0       0       0       0       0       0       0
      Totals:         0       4       0       0       0       0       0       0       0       0       0       0       0       0       0       0
Total ram usage:        4 bytes
 Hardware stack levels used:    1
 This function calls:
		Nothing
 This function is called by:
		_timer0_int_handler
 This function uses a non-reentrant model


 *************** function i2_in_low_int *****************
 Defined at:
		line 30 in file "../src/interrupts.c"
 Parameters:    Size  Location     Type
		None
 Auto vars:     Size  Location     Type
		None
 Return value:  Size  Location     Type
                  2    2[BANK0 ] int 
 Registers used:
		wreg, status,2, status,0, cstack
 Tracked objects:
		On entry : 
		On exit  : 
		Unchanged: 
 Data sizes:     COMRAM   BANK0   BANK1   BANK2   BANK3   BANK4   BANK5   BANK6   BANK7   BANK8   BANK9  BANK10  BANK11  BANK12  BANK13  BANK14
      Params:         0       2       0       0       0       0       0       0       0       0       0       0       0       0       0       0
      Locals:         0       0       0       0       0       0       0       0       0       0       0       0       0       0       0       0
      Temps:          0       0       0       0       0       0       0       0       0       0       0       0       0       0       0       0
      Totals:         0       2       0       0       0       0       0       0       0       0       0       0       0       0       0       0
Total ram usage:        2 bytes
 Hardware stack levels used:    1
 Hardware stack levels required when called:    1
 This function calls:
		i2_in_high_int
 This function is called by:
		_SleepIfOkay
 This function uses a non-reentrant model


 *************** function i2_in_high_int *****************
 Defined at:
		line 22 in file "../src/interrupts.c"
 Parameters:    Size  Location     Type
		None
 Auto vars:     Size  Location     Type
		None
 Return value:  Size  Location     Type
                  2    0[BANK0 ] int 
 Registers used:
		wreg, status,2
 Tracked objects:
		On entry : 
		On exit  : 
		Unchanged: 
 Data sizes:     COMRAM   BANK0   BANK1   BANK2   BANK3   BANK4   BANK5   BANK6   BANK7   BANK8   BANK9  BANK10  BANK11  BANK12  BANK13  BANK14
      Params:         0       2       0       0       0       0       0       0       0       0       0       0       0       0       0       0
      Locals:         0       0       0       0       0       0       0       0       0       0       0       0       0       0       0       0
      Temps:          0       0       0       0       0       0       0       0       0       0       0       0       0       0       0       0
      Totals:         0       2       0       0       0       0       0       0       0       0       0       0       0       0       0       0
Total ram usage:        2 bytes
 Hardware stack levels used:    1
 This function calls:
		Nothing
 This function is called by:
		_SleepIfOkay
		i2_in_low_int
 This function uses a non-reentrant model


 *************** function i2_send_msg *****************
 Defined at:
		line 24 in file "../src/messages.c"
 Parameters:    Size  Location     Type
  send_msg        2   10[BANK0 ] PTR struct __msg_queue
		 -> FromMainHigh_MQ(54), FromMainLow_MQ(54), ToMainHigh_MQ(54), ToMainLow_MQ(54), 
  send_msg        1   12[BANK0 ] unsigned char 
  send_msg        1   13[BANK0 ] unsigned char 
  send_msg        2   14[BANK0 ] PTR void 
		 -> NULL(0), i2c_int_handler@error_buf(3), main@uc(5), 
 Auto vars:     Size  Location     Type
  send_msg        2   20[BANK0 ] PTR struct __msg
		 -> FromMainHigh_MQ(54), FromMainLow_MQ(54), ToMainHigh_MQ(54), ToMainLow_MQ(54), 
  send_msg        2   17[BANK0 ] unsigned int 
  send_msg        1   19[BANK0 ] unsigned char 
 Return value:  Size  Location     Type
                  1    wreg      char 
 Registers used:
		wreg, fsr1l, fsr1h, fsr2l, fsr2h, status,2, status,0, prodl, prodh, cstack
 Tracked objects:
		On entry : 
		On exit  : 
		Unchanged: 
 Data sizes:     COMRAM   BANK0   BANK1   BANK2   BANK3   BANK4   BANK5   BANK6   BANK7   BANK8   BANK9  BANK10  BANK11  BANK12  BANK13  BANK14
      Params:         0       6       0       0       0       0       0       0       0       0       0       0       0       0       0       0
      Locals:         0       5       0       0       0       0       0       0       0       0       0       0       0       0       0       0
      Temps:          0       1       0       0       0       0       0       0       0       0       0       0       0       0       0       0
      Totals:         0      12       0       0       0       0       0       0       0       0       0       0       0       0       0       0
Total ram usage:       12 bytes
 Hardware stack levels used:    1
 Hardware stack levels required when called:    1
 This function calls:
		i2_memcpy
 This function is called by:
		_ToMainHigh_sendmsg
 This function uses a non-reentrant model


 *************** function i2_check_msg *****************
 Defined at:
		line 222 in file "../src/messages.c"
 Parameters:    Size  Location     Type
  check_msg       2    0[BANK0 ] PTR struct __msg_queue
		 -> ToMainHigh_MQ(54), ToMainLow_MQ(54), 
 Auto vars:     Size  Location     Type
		None
 Return value:  Size  Location     Type
                  1    wreg      unsigned char 
 Registers used:
		wreg, fsr2l, fsr2h, status,2, status,0, prodl, prodh
 Tracked objects:
		On entry : 
		On exit  : 
		Unchanged: 
 Data sizes:     COMRAM   BANK0   BANK1   BANK2   BANK3   BANK4   BANK5   BANK6   BANK7   BANK8   BANK9  BANK10  BANK11  BANK12  BANK13  BANK14
      Params:         0       2       0       0       0       0       0       0       0       0       0       0       0       0       0       0
      Locals:         0       0       0       0       0       0       0       0       0       0       0       0       0       0       0       0
      Temps:          0       1       0       0       0       0       0       0       0       0       0       0       0       0       0       0
      Totals:         0       3       0       0       0       0       0       0       0       0       0       0       0       0       0       0
Total ram usage:        3 bytes
 Hardware stack levels used:    1
 This function calls:
		Nothing
 This function is called by:
		_SleepIfOkay
 This function uses a non-reentrant model


 *************** function i2_memcpy *****************
 Defined at:
		line 13 in file "/Applications/microchip/xc8/v1.12/sources/memcpy.c"
 Parameters:    Size  Location     Type
  memcpy          2    0[BANK0 ] PTR void 
		 -> FromMainHigh_MQ(54), FromMainLow_MQ(54), ToMainHigh_MQ(54), ToMainLow_MQ(54), 
		 -> main@msgbuffer(11), 
  memcpy          2    2[BANK0 ] PTR const void 
		 -> NULL(0), i2c_int_handler@error_buf(3), FromMainHigh_MQ(54), FromMainLow_MQ(54), 
		 -> ToMainHigh_MQ(54), ToMainLow_MQ(54), main@uc(5), 
  memcpy          2    4[BANK0 ] unsigned int 
 Auto vars:     Size  Location     Type
  memcpy          2    8[BANK0 ] PTR const unsigned char 
		 -> NULL(0), i2c_int_handler@error_buf(3), FromMainHigh_MQ(54), FromMainLow_MQ(54), 
		 -> ToMainHigh_MQ(54), ToMainLow_MQ(54), main@uc(5), 
  memcpy          2    6[BANK0 ] PTR unsigned char 
		 -> FromMainHigh_MQ(54), FromMainLow_MQ(54), ToMainHigh_MQ(54), ToMainLow_MQ(54), 
		 -> main@msgbuffer(11), 
 Return value:  Size  Location     Type
                  2    0[BANK0 ] PTR void 
 Registers used:
		wreg, fsr1l, fsr1h, fsr2l, fsr2h, status,2, status,0
 Tracked objects:
		On entry : 
		On exit  : 
		Unchanged: 
 Data sizes:     COMRAM   BANK0   BANK1   BANK2   BANK3   BANK4   BANK5   BANK6   BANK7   BANK8   BANK9  BANK10  BANK11  BANK12  BANK13  BANK14
      Params:         0       6       0       0       0       0       0       0       0       0       0       0       0       0       0       0
      Locals:         0       4       0       0       0       0       0       0       0       0       0       0       0       0       0       0
      Temps:          0       0       0       0       0       0       0       0       0       0       0       0       0       0       0       0
      Totals:         0      10       0       0       0       0       0       0       0       0       0       0       0       0       0       0
Total ram usage:       10 bytes
 Hardware stack levels used:    1
 This function calls:
		Nothing
 This function is called by:
		i2_send_msg
 This function uses a non-reentrant model



MODULE INFORMATION

Module		Function		Class		Link	Load	Size
../src/drivers.h
		_driverMalloc  		CODE           	1CD0	0000	44

../src/drivers.h estimated size: 44

../src/IR.h
		_DriverIRAdd   		CODE           	1116	0000	214
		_DriverIRPoll  		CODE           	1D28	0000	42
		_DriverIRInit  		CODE           	1B26	0000	64

../src/IR.h estimated size: 320

/Applications/microchip/xc8/v1.12/sources/memcpy.c
		_memcpy        		CODE           	18CC	0000	86

/Applications/microchip/xc8/v1.12/sources/memcpy.c estimated size: 86

plib/Timers/t0open.c
		_OpenTimer0    		CODE           	1D52	0000	42

plib/Timers/t0open.c estimated size: 42

../src/i2cMaster.c
		_I2CStop       		CODE           	1E90	0000	16
		_I2CWriteReques		CODE           	140A	0000	154
		_I2CStart      		CODE           	1EA0	0000	16
		_I2CWait       		CODE           	1DA0	0000	28
		_I2CInit       		CODE           	1E70	0000	16
		_I2CSend       		CODE           	1DD6	0000	22

../src/i2cMaster.c estimated size: 252

plib/Timers/t1open.c
		_OpenTimer1    		CODE           	1AA0	0000	70

plib/Timers/t1open.c estimated size: 70

../src/user_interrupts.c
		_timer0_int_han		CODE           	19C6	0000	74
		_timer1_int_han		CODE           	1C0E	0000	54

../src/user_interrupts.c estimated size: 128

plib/USART/u1open.c
		_Open1USART    		CODE           	153E	0000	152

plib/USART/u1open.c estimated size: 152

../src/timer0_thread.c
		_timer0_lthread		CODE           	1EB0	0000	10

../src/timer0_thread.c estimated size: 10

shared
		i2_send_msg    		CODE           	0E60	0000	262
		i2_in_high_int 		CODE           	1E14	0000	20
		__initializatio		CODE           	1A10	0000	62
		i2_in_low_int  		CODE           	1816	0000	94
		i1_memcpy      		CODE           	1A58	0000	72
		i2_memcpy      		CODE           	1922	0000	86
		i2_check_msg   		CODE           	1BD6	0000	56

shared estimated size: 652

../src/timer1_thread.c
		_timer1_lthread		CODE           	1E80	0000	16
		_init_timer1_lt		CODE           	1E28	0000	18

../src/timer1_thread.c estimated size: 34

../src/my_i2c.c
		_start_i2c_slav		CODE           	0D4E	0000	274
		_handle_start  		CODE           	0F66	0000	218
		_i2c_int_handle		CODE           	00C6	0000	1988

../src/my_i2c.c estimated size: 2480

../src/debug.c
		_DebugPrint    		CODE           	1EC2	0000	6

../src/debug.c estimated size: 6

plib/Timers/t0write.c
		_WriteTimer0   		CODE           	1E5E	0000	18

plib/Timers/t0write.c estimated size: 18

plib/Timers/t1write.c
		_WriteTimer1   		CODE           	1E3A	0000	18

plib/Timers/t1write.c estimated size: 18

../src/uart_thread.c
		_uart_lthread  		CODE           	1978	0000	78

../src/uart_thread.c estimated size: 78

../common/d1ktcyx.c
		_Delay1KTCYx   		CODE           	1E00	0000	20

../common/d1ktcyx.c estimated size: 20

../src/interrupts.c
		_enable_interru		CODE           	1EBA	0000	8
		_in_low_int    		CODE           	17B8	0000	94
		_in_main       		CODE           	1874	0000	88
		_in_high_int   		CODE           	1DEC	0000	20
		_InterruptHandl		CODE           	0018	0000	170
		_InterruptHandl		CODE           	0008	0000	5720

../src/interrupts.c estimated size: 6100

plib/Timers/t1read.c
		_ReadTimer1    		CODE           	1E4C	0000	18

plib/Timers/t1read.c estimated size: 18

../src/my_uart.c
		_init_uart_recv		CODE           	1DBC	0000	26
		_uart_recv_int_		CODE           	12A2	0000	182

../src/my_uart.c estimated size: 208

../src/Color.h
		_DriverColorPol		CODE           	1758	0000	96
		_DriverColorIni		CODE           	1AE6	0000	64
		_DriverColorAdd		CODE           	1040	0000	214

../src/Color.h estimated size: 374

../src/messages.c
		_ToMainHigh_sen		CODE           	1CFC	0000	44
		_ToMainHigh_rec		CODE           	1C44	0000	48
		_block_on_To_ms		CODE           	11EC	0000	182
		_check_msg     		CODE           	1B66	0000	56
		_ToMainLow_send		CODE           	1D7C	0000	36
		_ToMainLow_recv		CODE           	1C74	0000	48
		_enter_sleep_mo		CODE           	1EC8	0000	6
		_send_msg      		CODE           	1358	0000	178
		_init_queue    		CODE           	1660	0000	134
		_init_queues   		CODE           	16E6	0000	114
		_recv_msg      		CODE           	0C0E	0000	320
		_SleepIfOkay   		CODE           	14A4	0000	154

../src/messages.c estimated size: 1320

plib/USART/u1read.c
		_Read1USART    		CODE           	1B9E	0000	56

plib/USART/u1read.c estimated size: 56

../src/Motor.h
		_DriverMotorPol		CODE           	1CA4	0000	44

../src/Motor.h estimated size: 44

../src/main.c
		_main          		CODE           	088A	0000	900

../src/main.c estimated size: 900

