Microchip MPLAB XC8 Compiler V1.12 ()

Linker command line:

--edf=C:\Program Files (x86)\Microchip\xc8\v1.12\dat\en_msgs.txt -cs \
  -h+dist/UseC18/production\Framework.X.production.sym -z -Q18F2680 -ol.obj \
  -Mdist/UseC18/production/Framework.X.production.map -E1 -ver=XC8 \
  -ACODE=00h-0FFFFh -ACONST=00h-0FFFFh -ASMALLCONST=0D00h-0DFFhx243 \
  -AMEDIUMCONST=0D00h-0FFFFh -ACOMRAM=01h-05Fh -AABS1=00h-0CFFh \
  -ABIGRAM=01h-0CFFh -ARAM=060h-0FFh,0100h-01FFhx12 -ABANK0=060h-0FFh \
  -ABANK1=0100h-01FFh -ABANK2=0200h-02FFh -ABANK3=0300h-03FFh \
  -ABANK4=0400h-04FFh -ABANK5=0500h-05FFh -ABANK6=0600h-06FFh \
  -ABANK7=0700h-07FFh -ABANK8=0800h-08FFh -ABANK9=0900h-09FFh \
  -ABANK10=0A00h-0AFFh -ABANK11=0B00h-0BFFh -ABANK12=0C00h-0CFFh \
  -ASFR=0D00h-0DFFhx2,0F00h-0F5Fh,0F60h-0FFFh \
  -preset_vec=00h,intcode=08h,intcodelo=018h,powerup,init,end_init \
  -pramtop=0D00h -psmallconst=SMALLCONST -pmediumconst=MEDIUMCONST \
  -pconst=CONST -AFARRAM=00h-00h -ACONFIG=0300000h-030000Dh -pconfig=CONFIG \
  -AIDLOC=0200000h-0200007h -pidloc=IDLOC -AEEDATA=0F00000h-0F003FFh \
  -peeprom_data=EEDATA \
  -prdata=COMRAM,nvrram=COMRAM,nvbit=COMRAM,rbss=COMRAM,rbit=COMRAM \
  -pfarbss=FARRAM,fardata=FARRAM \
  -pintsave_regs=BIGRAM,bigbss=BIGRAM,bigdata=BIGRAM -pbss=RAM \
  -pidata=CODE,irdata=CODE,ibigdata=CODE,ifardata=CODE \
  C:\Users\Rick\AppData\Local\Temp\s5ns.obj \
  dist/UseC18/production\Framework.X.production.obj 

Object code version is 3.10

Machine type is 18F2680

Call graph: (short form)




                Name                               Link     Load   Length Selector   Space Scale
C:\Users\Rick\AppData\Local\Temp\s5ns.obj
                end_init                             C2       C2        4        C       0
                reset_vec                             0        0        4        0       0
                idloc                            200000   200000        8   200000       0
                config                           300000   300000        E   300000       0
dist/UseC18/production\Framework.X.production.obj
                intcodelo                            18       18       AA        C       0
                intcode                               8        8       10        4       0
                text50                             140A     140A       38        C       0
                text49                             15BE     15BE       14        C       0
                text48                             1158     1158       56        C       0
                text47                              71A      71A      106        C       0
                text46                             104C     104C       5E        C       0
                text45                             1608     1608       12        C       0
                text44                             14CE     14CE       2C        C       0
                text43                             1644     1644        6        C       0
                text42                              39A      39A      240        C       0
                text41                              D66      D66       9A        C       0
                text40                              F88      F88       66        C       0
                intcode_body                        E00      E00       90        C       0
                text38                             1294     1294       48        C       0
                text37                             15F6     15F6       12        C       0
                text36                             15E4     15E4       12        C       0
                text35                             13D2     13D2       38        C       0
                text34                              C16      C16       B2        C       0
                text33                             1572     1572       24        C       0
                text32                             11AE     11AE       50        C       0
                text31                              AAC      AAC       B6        C       0
                text29                              B62      B62       B4        C       0
                text28                             1102     1102       56        C       0
                text27                              5DA      5DA      140        C       0
                text26                             15AA     15AA       14        C       0
                text25                             139A     139A       38        C       0
                text24                              E90      E90       86        C       0
                text23                              CC8      CC8       9E        C       0
                text22                             1472     1472       30        C       0
                text21                             1442     1442       30        C       0
                text20                             11FE     11FE       4E        C       0
                text19                             161A     161A       10        C       0
                text18                             1634     1634        A        C       0
                text17                             1596     1596       14        C       0
                text16                              FEE      FEE       5E        C       0
                text15                             10AA     10AA       58        C       0
                text14                              820      820       E0        C       0
                text13                              F16      F16       72        C       0
                text12                             14FA     14FA       2A        C       0
                text11                             154C     154C       26        C       0
                text10                             131C     131C       40        C       0
                text9                              135C     135C       3E        C       0
                text8                              15D2     15D2       12        C       0
                text7                              163E     163E        6        C       0
                text6                              14A2     14A2       2C        C       0
                text5                              162A     162A        A        C       0
                text4                               9D6      9D6       D6        C       0
                text3                              12DC     12DC       40        C       0
                text2                               900      900       D6        C       0
                text1                              1524     1524       28        C       0
                text0                                C6       C6      2D4        C       0
                cstackCOMRAM                          1        1       2F        1       1
                cstackBANK0                          60       60       4A       60       1
                cstackBANK2                         236      236       27      200       1
                bssBANK2                            200      200       36      200       1
                bssBANK1                            100      100       E8      100       1
                dataBANK0                            B8       B8        2       60       1
                bssBANK0                             AA       AA        E       60       1
                bssCOMRAM                            30       30        3        1       1
                cinit                              124C     124C       48        C       0
                nvCOMRAM                             33       33        2        1       1
                idataBANK0                         164A     164A        2        C       0

TOTAL           Name                               Link     Load   Length     Space
        CLASS   CODE           
                end_init                             C2       C2        4         0
                intcodelo                            18       18       AA         0
                intcode                               8        8       10         0
                reset_vec                             0        0        4         0
                text50                             140A     140A       38         0
                text49                             15BE     15BE       14         0
                text48                             1158     1158       56         0
                text47                              71A      71A      106         0
                text46                             104C     104C       5E         0
                text45                             1608     1608       12         0
                text44                             14CE     14CE       2C         0
                text43                             1644     1644        6         0
                text42                              39A      39A      240         0
                text41                              D66      D66       9A         0
                text40                              F88      F88       66         0
                intcode_body                        E00      E00       90         0
                text38                             1294     1294       48         0
                text37                             15F6     15F6       12         0
                text36                             15E4     15E4       12         0
                text35                             13D2     13D2       38         0
                text34                              C16      C16       B2         0
                text33                             1572     1572       24         0
                text32                             11AE     11AE       50         0
                text31                              AAC      AAC       B6         0
                text29                              B62      B62       B4         0
                text28                             1102     1102       56         0
                text27                              5DA      5DA      140         0
                text26                             15AA     15AA       14         0
                text25                             139A     139A       38         0
                text24                              E90      E90       86         0
                text23                              CC8      CC8       9E         0
                text22                             1472     1472       30         0
                text21                             1442     1442       30         0
                text20                             11FE     11FE       4E         0
                text19                             161A     161A       10         0
                text18                             1634     1634        A         0
                text17                             1596     1596       14         0
                text16                              FEE      FEE       5E         0
                text15                             10AA     10AA       58         0
                text14                              820      820       E0         0
                text13                              F16      F16       72         0
                text12                             14FA     14FA       2A         0
                text11                             154C     154C       26         0
                text10                             131C     131C       40         0
                text9                              135C     135C       3E         0
                text8                              15D2     15D2       12         0
                text7                              163E     163E        6         0
                text6                              14A2     14A2       2C         0
                text5                              162A     162A        A         0
                text4                               9D6      9D6       D6         0
                text3                              12DC     12DC       40         0
                text2                               900      900       D6         0
                text1                              1524     1524       28         0
                text0                                C6       C6      2D4         0
                cinit                              124C     124C       48         0
                idataBANK0                         164A     164A        2         0

        CLASS   CONST          

        CLASS   SMALLCONST     

        CLASS   MEDIUMCONST    

        CLASS   COMRAM         
                cstackCOMRAM                          1        1       2F         1
                bssCOMRAM                            30       30        3         1
                nvCOMRAM                             33       33        2         1

        CLASS   ABS1           

        CLASS   BIGRAM         

        CLASS   RAM            

        CLASS   BANK0          
                cstackBANK0                          60       60       4A         1
                dataBANK0                            B8       B8        2         1
                bssBANK0                             AA       AA        E         1

        CLASS   BANK1          
                bssBANK1                            100      100       E8         1

        CLASS   BANK2          
                cstackBANK2                         236      236       27         1
                bssBANK2                            200      200       36         1

        CLASS   BANK3          

        CLASS   BANK4          

        CLASS   BANK5          

        CLASS   BANK6          

        CLASS   BANK7          

        CLASS   BANK8          

        CLASS   BANK9          

        CLASS   BANK10         

        CLASS   BANK11         

        CLASS   BANK12         

        CLASS   SFR            

        CLASS   FARRAM         

        CLASS   CONFIG         
                config                           300000   300000        E         0

        CLASS   IDLOC          
                idloc                            200000   200000        8         0

        CLASS   EEDATA         



SEGMENTS        Name                           Load    Length   Top    Selector   Space  Class

                reset_vec                      000000  000004  000004         0       0  CODE    
                cstackCOMRAM                   000001  000034  000035         1       1  COMRAM  
                intcode                        000008  000010  000018         4       0  CODE    
                intcodelo                      000018  001634  00164C         C       0  CODE    
                cstackBANK0                    000060  00005A  0000BA        60       1  BANK0   
                bssBANK1                       000100  0000E8  0001E8       100       1  BANK1   
                bssBANK2                       000200  00005D  00025D       200       1  BANK2   
                idloc                          200000  000008  200008    200000       0  IDLOC   
                config                         300000  00000E  30000E    300000       0  CONFIG  


UNUSED ADDRESS RANGES

        Name                Unused          Largest block    Delta
        BANK0            0000BA-0000FF               46
        BANK1            0001E8-0001FF               18
        BANK10           000A00-000AFF              100
        BANK11           000B00-000BFF              100
        BANK12           000C00-000CFF              100
        BANK2            00025D-0002FF               A3
        BANK3            000300-0003FF              100
        BANK4            000400-0004FF              100
        BANK5            000500-0005FF              100
        BANK6            000600-0006FF              100
        BANK7            000700-0007FF              100
        BANK8            000800-0008FF              100
        BANK9            000900-0009FF              100
        BIGRAM           000035-00005F               2B
                         0000BA-0000FF               46
                         0001E8-0001FF               18
                         00025D-000CFF              AA3
        CODE             000004-000007                4
                         00164C-00FFFF             E9B4
        COMRAM           000035-00005F               2B
        CONST            000004-000007                4
                         00164C-00FFFF             E9B4
        EEDATA           F00000-F003FF              400
        MEDIUMCONST      00164C-00FFFF             E9B4
        RAM              0000BA-0000FF               46
                         0001E8-0001FF               18
                         00025D-000CFF              100
        SFR              000D00-000FFF              100
        SMALLCONST       00164C-00FFFF              100

                                  Symbol Table

?_DebugPrint                     cstackBANK0  00008A
?_Delay1KTCYx                    cstackBANK0  00008A
?_DriverColorAdd                 cstackBANK0  00008E
?_DriverColorInit                cstackBANK0  00008A
?_DriverIRAdd                    cstackBANK0  00008F
?_DriverIRInit                   cstackBANK0  00008B
?_OpenTimer0                     cstackBANK0  00008A
?_OpenTimer1                     cstackBANK0  00008A
?_OpenUSART                      cstackBANK0  00008A
?_ReadTimer1                     cstackCOMRAM 000001
?_ToMainHigh_recvmsg             cstackBANK0  0000A2
?_ToMainHigh_sendmsg             cstackBANK0  000076
?_ToMainLow_recvmsg              cstackBANK0  0000A2
?_ToMainLow_sendmsg              cstackCOMRAM 000017
?_WriteTimer0                    cstackBANK0  000060
?_WriteTimer1                    cstackCOMRAM 000001
?_check_msg                      cstackBANK0  00008A
?_driverMalloc                   cstackBANK0  00008A
?_i2c_master_recv                cstackBANK0  00008A
?_in_high_int                    cstackBANK0  00008A
?_in_low_int                     cstackBANK0  00008C
?_in_main                        cstackBANK0  00008E
?_init_queue                     cstackBANK0  00008A
?_init_timer1_lthread            cstackBANK0  00008A
?_init_uart_snd_rcv              cstackBANK0  00008D
?_memcpy                         cstackBANK0  00008A
?_recv_msg                       cstackBANK0  000094
?_send_msg                       cstackCOMRAM 00000B
?_timer0_lthread                 cstackBANK0  00008A
?_timer1_lthread                 cstackBANK0  00008A
?_uart_lthread                   cstackBANK0  00008A
?i1_memcpy                       cstackCOMRAM 000001
?i2_check_msg                    cstackBANK0  000060
?i2_in_high_int                  cstackBANK0  000060
?i2_in_low_int                   cstackBANK0  000062
?i2_memcpy                       cstackBANK0  000060
?i2_send_msg                     cstackBANK0  00006A
DebugPrint@out                   cstackBANK0  00008A
Delay1KTCYx@unit                 cstackBANK0  00008A
DriverColorAdd@context           cstackBANK0  00008F
DriverColorAdd@id                cstackBANK0  00008E
DriverColorInit@driver           cstackBANK0  00008A
DriverColorInit@self             cstackBANK0  00008C
DriverIRAdd@context              cstackBANK0  000090
DriverIRAdd@id                   cstackBANK0  00008F
DriverIRInit@driver              cstackBANK0  00008B
DriverIRInit@self                cstackBANK0  00008D
OpenTimer0@config                cstackBANK0  00008A
OpenTimer1@config                cstackBANK0  00008A
OpenUSART@config                 cstackBANK0  00008A
OpenUSART@spbrg                  cstackBANK0  00008B
ReadTimer1@timer                 cstackCOMRAM 000003
ReadUSART@data                   cstackCOMRAM 000001
ToMainHigh_recvmsg@data          cstackBANK0  0000A5
ToMainHigh_recvmsg@maxlength     cstackBANK0  0000A2
ToMainHigh_recvmsg@msgtype       cstackBANK0  0000A3
ToMainHigh_sendmsg@data          cstackBANK0  000078
ToMainHigh_sendmsg@length        cstackBANK0  000076
ToMainHigh_sendmsg@msgtype       cstackBANK0  000077
ToMainLow_recvmsg@data           cstackBANK0  0000A5
ToMainLow_recvmsg@maxlength      cstackBANK0  0000A2
ToMainLow_recvmsg@msgtype        cstackBANK0  0000A3
ToMainLow_sendmsg@data           cstackCOMRAM 000019
ToMainLow_sendmsg@length         cstackCOMRAM 000017
ToMainLow_sendmsg@msgtype        cstackCOMRAM 000018
WriteTimer0@timer                cstackBANK0  000062
WriteTimer0@timer0               cstackBANK0  000060
WriteTimer1@timer                cstackCOMRAM 000003
WriteTimer1@timer1               cstackCOMRAM 000001
_ACKDT                           (abs)        007E2D
_ACKEN                           (abs)        007E2C
_BF                              (abs)        007E38
_DebugPrint                      text7        00163E
_Delay1KTCYx                     text26       0015AA
_DriverColorAdd                  text4        0009D6
_DriverColorInit                 text5        00162A
_DriverColorPoll                 (abs)        000000
_DriverColorRespond              (abs)        000000
_DriverHeap                      bssBANK0     0000AE
_DriverIRAdd                     text2        000900
_DriverIRInit                    text3        0012DC
_DriverIRPoll                    (abs)        000000
_DriverIRRespond                 (abs)        000000
_DriverMotorPoll                 (abs)        000000
_DriverMotorRespond              (abs)        000000
_DriverTable                     bssBANK1     000100
_FromMainHigh_MQ                 bssBANK2     000200
_FromMainLow_MQ                  bssBANK1     000146
_I2CInit                         text11       00154C
_INTCONbits                      (abs)        000FF2
_IPR1bits                        (abs)        000F9F
_InterruptHandlerHigh            intcode      000008
_InterruptHandlerLow             intcodelo    000018
_LATA                            (abs)        000F89
_LATAbits                        (abs)        000F89
_LATBbits                        (abs)        000F8A
_MQ_Main_Willing_to_block        bssBANK0     0000AC
_NumberOfDrivers                 bssBANK0     0000AD
_OSCCON                          (abs)        000FD3
_OSCCONbits                      (abs)        000FD3
_OSCTUNEbits                     (abs)        000F9B
_OpenTimer0                      text12       0014FA
_OpenTimer1                      text9        00135C
_OpenUSART                       text29       000B62
_PEN                             (abs)        007E2A
_PIE1bits                        (abs)        000F9D
_PIR1bits                        (abs)        000F9E
_RCEN                            (abs)        007E2B
_RCONbits                        (abs)        000FD0
_RCREG                           (abs)        000FAE
_RCSTA                           (abs)        000FAB
_RCSTAbits                       (abs)        000FAB
_RSEN                            (abs)        007E29
_ReadTimer1                      text36       0015E4
_ReadUSART                       text35       0013D2
_SEN                             (abs)        007E28
_SPBRG                           (abs)        000FAF
_SPBRGH                          (abs)        000FB0
_SSPADD                          (abs)        000FC8
_SSPBUF                          (abs)        000FC9
_SSPCON1                         (abs)        000FC6
_SSPCON1bits                     (abs)        000FC6
_SSPCON2                         (abs)        000FC5
_SSPCON2bits                     (abs)        000FC5
_SSPIF                           (abs)        007CF3
_SSPSTAT                         (abs)        000FC7
_SSPSTATbits                     (abs)        000FC7
_SleepIfOkay                     text41       000D66
_T0CON                           (abs)        000FD5
_T0CONbits                       (abs)        000FD5
_T1CON                           (abs)        000FCD
_T1CONbits                       (abs)        000FCD
_TMR0H                           (abs)        000FD7
_TMR0L                           (abs)        000FD6
_TMR1H                           (abs)        000FCF
_TMR1L                           (abs)        000FCE
_TRISA                           (abs)        000F92
_TRISC3                          (abs)        007CA3
_TRISC4                          (abs)        007CA4
_TRISCbits                       (abs)        000F94
_TXREG                           (abs)        000FAD
_TXSTA                           (abs)        000FAC
_TXSTAbits                       (abs)        000FAC
_ToMainHigh_MQ                   bssBANK1     00017C
_ToMainHigh_recvmsg              text21       001442
_ToMainHigh_sendmsg              text44       0014CE
_ToMainLow_MQ                    bssBANK1     0001B2
_ToMainLow_recvmsg               text22       001472
_ToMainLow_sendmsg               text33       001572
_USART_Status                    bssCOMRAM    000032
_WriteTimer0                     text45       001608
_WriteTimer1                     text37       0015F6
__CFG_BBSIZ$1024                 (abs)        000000
__CFG_BOREN$OFF                  (abs)        000000
__CFG_BORV$3                     (abs)        000000
__CFG_FCMEN$OFF                  (abs)        000000
__CFG_IESO$OFF                   (abs)        000000
__CFG_LPT1OSC$OFF                (abs)        000000
__CFG_LVP$OFF                    (abs)        000000
__CFG_MCLRE$ON                   (abs)        000000
__CFG_OSC$IRCIO67                (abs)        000000
__CFG_PBADEN$OFF                 (abs)        000000
__CFG_PWRT$OFF                   (abs)        000000
__CFG_STVREN$OFF                 (abs)        000000
__CFG_WDT$OFF                    (abs)        000000
__CFG_WDTPS$32768                (abs)        000000
__HRAM                           (abs)        000000
__Habs1                          abs1         000000
__Hbank0                         bank0        000000
__Hbank1                         bank1        000000
__Hbank10                        bank10       000000
__Hbank11                        bank11       000000
__Hbank12                        bank12       000000
__Hbank2                         bank2        000000
__Hbank3                         bank3        000000
__Hbank4                         bank4        000000
__Hbank5                         bank5        000000
__Hbank6                         bank6        000000
__Hbank7                         bank7        000000
__Hbank8                         bank8        000000
__Hbank9                         bank9        000000
__Hbigbss                        bigbss       000000
__Hbigdata                       bigdata      000000
__Hbigram                        bigram       000000
__Hbss                           bss          000000
__HbssBANK0                      bssBANK0     000000
__HbssBANK1                      bssBANK1     000000
__HbssBANK2                      bssBANK2     000000
__HbssCOMRAM                     bssCOMRAM    000000
__Hcinit                         cinit        000000
__Hclrtext                       clrtext      000000
__Hcomram                        comram       000000
__Hconfig                        config       30000E
__Hconst                         const        000000
__HcstackBANK0                   cstackBANK0  000000
__HcstackBANK2                   cstackBANK2  000000
__HcstackCOMRAM                  cstackCOMRAM 000000
__Hdata                          data         000000
__HdataBANK0                     dataBANK0    000000
__Heeprom_data                   eeprom_data  000000
__Hend_init                      end_init     0000C6
__Hfarbss                        farbss       000000
__Hfardata                       fardata      000000
__Hibigdata                      ibigdata     000000
__Hidata                         idata        000000
__HidataBANK0                    idataBANK0   000000
__Hidloc                         idloc        200008
__Hifardata                      ifardata     000000
__Hinit                          init         0000C2
__Hintcode                       intcode      000018
__Hintcode_body                  intcode_body 000000
__Hintcodelo                     intcodelo    0000C2
__Hintentry                      intentry     000000
__Hintret                        intret       000000
__Hintsave_regs                  intsave_regs 000000
__Hirdata                        irdata       000000
__Hmediumconst                   mediumconst  000000
__HnvCOMRAM                      nvCOMRAM     000000
__Hnvbit                         nvbit        000000
__Hnvrram                        nvrram       000000
__Hparam                         param0       000000
__Hparam0                        param0       000000
__Hpowerup                       powerup      0000C2
__Hram                           ram          000000
__Hramtop                        ramtop       000D00
__Hrbit                          rbit         000000
__Hrbss                          rbss         000000
__Hrdata                         rdata        000000
__Hreset_vec                     reset_vec    000004
__Hsfr                           sfr          000000
__Hsmallconst                    smallconst   000000
__Hstruct                        struct       000000
__Htemp                          temp         000000
__Htext                          text         000000
__Htext0                         text0        000000
__Htext1                         text1        000000
__Htext10                        text10       000000
__Htext11                        text11       000000
__Htext12                        text12       000000
__Htext13                        text13       000000
__Htext14                        text14       000000
__Htext15                        text15       000000
__Htext16                        text16       000000
__Htext17                        text17       000000
__Htext18                        text18       000000
__Htext19                        text19       000000
__Htext2                         text2        000000
__Htext20                        text20       000000
__Htext21                        text21       000000
__Htext22                        text22       000000
__Htext23                        text23       000000
__Htext24                        text24       000000
__Htext25                        text25       000000
__Htext26                        text26       000000
__Htext27                        text27       000000
__Htext28                        text28       000000
__Htext29                        text29       000000
__Htext3                         text3        000000
__Htext31                        text31       000000
__Htext32                        text32       000000
__Htext33                        text33       000000
__Htext34                        text34       000000
__Htext35                        text35       000000
__Htext36                        text36       000000
__Htext37                        text37       000000
__Htext38                        text38       000000
__Htext4                         text4        000000
__Htext40                        text40       000000
__Htext41                        text41       000000
__Htext42                        text42       000000
__Htext43                        text43       000000
__Htext44                        text44       000000
__Htext45                        text45       000000
__Htext46                        text46       000000
__Htext47                        text47       000000
__Htext48                        text48       000000
__Htext49                        text49       000000
__Htext5                         text5        000000
__Htext50                        text50       000000
__Htext51                        text51       000000
__Htext6                         text6        000000
__Htext7                         text7        000000
__Htext8                         text8        000000
__Htext9                         text9        000000
__LRAM                           (abs)        000001
__Labs1                          abs1         000000
__Lbank0                         bank0        000000
__Lbank1                         bank1        000000
__Lbank10                        bank10       000000
__Lbank11                        bank11       000000
__Lbank12                        bank12       000000
__Lbank2                         bank2        000000
__Lbank3                         bank3        000000
__Lbank4                         bank4        000000
__Lbank5                         bank5        000000
__Lbank6                         bank6        000000
__Lbank7                         bank7        000000
__Lbank8                         bank8        000000
__Lbank9                         bank9        000000
__Lbigbss                        bigbss       000000
__Lbigdata                       bigdata      000000
__Lbigram                        bigram       000000
__Lbss                           bss          000000
__LbssBANK0                      bssBANK0     000000
__LbssBANK1                      bssBANK1     000000
__LbssBANK2                      bssBANK2     000000
__LbssCOMRAM                     bssCOMRAM    000000
__Lcinit                         cinit        000000
__Lclrtext                       clrtext      000000
__Lcomram                        comram       000000
__Lconfig                        config       300000
__Lconst                         const        000000
__LcstackBANK0                   cstackBANK0  000000
__LcstackBANK2                   cstackBANK2  000000
__LcstackCOMRAM                  cstackCOMRAM 000000
__Ldata                          data         000000
__LdataBANK0                     dataBANK0    000000
__Leeprom_data                   eeprom_data  000000
__Lend_init                      end_init     0000C2
__Lfarbss                        farbss       000000
__Lfardata                       fardata      000000
__Libigdata                      ibigdata     000000
__Lidata                         idata        000000
__LidataBANK0                    idataBANK0   000000
__Lidloc                         idloc        200000
__Lifardata                      ifardata     000000
__Linit                          init         0000C2
__Lintcode                       intcode      000008
__Lintcode_body                  intcode_body 000000
__Lintcodelo                     intcodelo    000018
__Lintentry                      intentry     000000
__Lintret                        intret       000000
__Lintsave_regs                  intsave_regs 000000
__Lirdata                        irdata       000000
__Lmediumconst                   mediumconst  000000
__LnvCOMRAM                      nvCOMRAM     000000
__Lnvbit                         nvbit        000000
__Lnvrram                        nvrram       000000
__Lparam                         param0       000000
__Lparam0                        param0       000000
__Lpowerup                       powerup      0000C2
__Lram                           ram          000000
__Lramtop                        ramtop       000D00
__Lrbit                          rbit         000000
__Lrbss                          rbss         000000
__Lrdata                         rdata        000000
__Lreset_vec                     reset_vec    000000
__Lsfr                           sfr          000000
__Lsmallconst                    smallconst   000000
__Lstruct                        struct       000000
__Ltemp                          temp         000000
__Ltext                          text         000000
__Ltext0                         text0        000000
__Ltext1                         text1        000000
__Ltext10                        text10       000000
__Ltext11                        text11       000000
__Ltext12                        text12       000000
__Ltext13                        text13       000000
__Ltext14                        text14       000000
__Ltext15                        text15       000000
__Ltext16                        text16       000000
__Ltext17                        text17       000000
__Ltext18                        text18       000000
__Ltext19                        text19       000000
__Ltext2                         text2        000000
__Ltext20                        text20       000000
__Ltext21                        text21       000000
__Ltext22                        text22       000000
__Ltext23                        text23       000000
__Ltext24                        text24       000000
__Ltext25                        text25       000000
__Ltext26                        text26       000000
__Ltext27                        text27       000000
__Ltext28                        text28       000000
__Ltext29                        text29       000000
__Ltext3                         text3        000000
__Ltext31                        text31       000000
__Ltext32                        text32       000000
__Ltext33                        text33       000000
__Ltext34                        text34       000000
__Ltext35                        text35       000000
__Ltext36                        text36       000000
__Ltext37                        text37       000000
__Ltext38                        text38       000000
__Ltext4                         text4        000000
__Ltext40                        text40       000000
__Ltext41                        text41       000000
__Ltext42                        text42       000000
__Ltext43                        text43       000000
__Ltext44                        text44       000000
__Ltext45                        text45       000000
__Ltext46                        text46       000000
__Ltext47                        text47       000000
__Ltext48                        text48       000000
__Ltext49                        text49       000000
__Ltext5                         text5        000000
__Ltext50                        text50       000000
__Ltext51                        text51       000000
__Ltext6                         text6        000000
__Ltext7                         text7        000000
__Ltext8                         text8        000000
__Ltext9                         text9        000000
__S0                             (abs)        30000E
__S1                             (abs)        00025D
__accesstop                      (abs)        000060
__activetblptr                   (abs)        000000
__end_of_DebugPrint              text7        001644
__end_of_Delay1KTCYx             text26       0015BE
__end_of_DriverColorAdd          text4        000AAC
__end_of_DriverColorInit         text5        001634
__end_of_DriverIRAdd             text2        0009D6
__end_of_DriverIRInit            text3        00131C
__end_of_I2CInit                 text11       001572
__end_of_InterruptHandlerHigh    intcode_body 000E90
__end_of_InterruptHandlerLow     intcodelo    0000C2
__end_of_OpenTimer0              text12       001524
__end_of_OpenTimer1              text9        00139A
__end_of_OpenUSART               text29       000C16
__end_of_ReadTimer1              text36       0015F6
__end_of_ReadUSART               text35       00140A
__end_of_SleepIfOkay             text41       000E00
__end_of_ToMainHigh_recvmsg      text21       001472
__end_of_ToMainHigh_sendmsg      text44       0014FA
__end_of_ToMainLow_recvmsg       text22       0014A2
__end_of_ToMainLow_sendmsg       text33       001596
__end_of_WriteTimer0             text45       00161A
__end_of_WriteTimer1             text37       001608
__end_of__initialization         cinit        00128E
__end_of_block_on_To_msgqueues   text14       000900
__end_of_check_msg               text25       0013D2
__end_of_driverMalloc            text6        0014CE
__end_of_enable_interrupts       text1        00154C
__end_of_enter_sleep_mode        text43       00164A
__end_of_i2c_master_int_handler  text42       0005DA
__end_of_i2c_master_recv         text23       000D66
__end_of_in_high_int             text17       0015AA
__end_of_in_low_int              text16       00104C
__end_of_in_main                 text15       001102
__end_of_init_queue              text24       000F16
__end_of_init_queues             text13       000F88
__end_of_init_timer1_lthread     text8        0015E4
__end_of_init_uart_snd_rcv       text10       00135C
__end_of_main                    text0        00039A
__end_of_memcpy                  text28       001158
__end_of_recv_msg                text27       00071A
__end_of_send_msg                text34       000CC8
__end_of_timer0_int_handler      text40       000FEE
__end_of_timer0_lthread          text18       00163E
__end_of_timer1_int_handler      text32       0011FE
__end_of_timer1_lthread          text19       00162A
__end_of_uart_lthread            text20       00124C
__end_of_uart_recv_int_handler   text31       000B62
__end_ofi1_memcpy                text38       0012DC
__end_ofi2_check_msg             text50       001442
__end_ofi2_in_high_int           text49       0015D2
__end_ofi2_in_low_int            text46       0010AA
__end_ofi2_memcpy                text48       0011AE
__end_ofi2_send_msg              text47       000820
__initialization                 cinit        00124C
__mediumconst                    mediumconst  000000
__pbssBANK0                      bssBANK0     0000AA
__pbssBANK1                      bssBANK1     000100
__pbssBANK2                      bssBANK2     000200
__pbssCOMRAM                     bssCOMRAM    000030
__pcinit                         cinit        00124C
__pcstackBANK0                   cstackBANK0  000060
__pcstackBANK2                   cstackBANK2  000236
__pcstackCOMRAM                  cstackCOMRAM 000001
__pdataBANK0                     dataBANK0    0000B8
__pidataBANK0                    idataBANK0   00164A
__pintcode                       intcode      000008
__pintcode_body                  intcode_body 000E00
__pintcodelo                     intcodelo    000018
__pnvCOMRAM                      nvCOMRAM     000033
__ptext0                         text0        0000C6
__ptext1                         text1        001524
__ptext10                        text10       00131C
__ptext11                        text11       00154C
__ptext12                        text12       0014FA
__ptext13                        text13       000F16
__ptext14                        text14       000820
__ptext15                        text15       0010AA
__ptext16                        text16       000FEE
__ptext17                        text17       001596
__ptext18                        text18       001634
__ptext19                        text19       00161A
__ptext2                         text2        000900
__ptext20                        text20       0011FE
__ptext21                        text21       001442
__ptext22                        text22       001472
__ptext23                        text23       000CC8
__ptext24                        text24       000E90
__ptext25                        text25       00139A
__ptext26                        text26       0015AA
__ptext27                        text27       0005DA
__ptext28                        text28       001102
__ptext29                        text29       000B62
__ptext3                         text3        0012DC
__ptext31                        text31       000AAC
__ptext32                        text32       0011AE
__ptext33                        text33       001572
__ptext34                        text34       000C16
__ptext35                        text35       0013D2
__ptext36                        text36       0015E4
__ptext37                        text37       0015F6
__ptext38                        text38       001294
__ptext4                         text4        0009D6
__ptext40                        text40       000F88
__ptext41                        text41       000D66
__ptext42                        text42       00039A
__ptext43                        text43       001644
__ptext44                        text44       0014CE
__ptext45                        text45       001608
__ptext46                        text46       00104C
__ptext47                        text47       00071A
__ptext48                        text48       001158
__ptext49                        text49       0015BE
__ptext5                         text5        00162A
__ptext50                        text50       00140A
__ptext51                        text51       000000
__ptext6                         text6        0014A2
__ptext7                         text7        00163E
__ptext8                         text8        0015D2
__ptext9                         text9        00135C
__ramtop                         ramtop       000D00
__size_of_DebugPrint             (abs)        000000
__size_of_Delay1KTCYx            (abs)        000000
__size_of_DriverColorAdd         (abs)        000000
__size_of_DriverColorInit        (abs)        000000
__size_of_DriverIRAdd            (abs)        000000
__size_of_DriverIRInit           (abs)        000000
__size_of_I2CInit                (abs)        000000
__size_of_InterruptHandlerHigh   (abs)        000000
__size_of_InterruptHandlerLow    (abs)        000000
__size_of_OpenTimer0             (abs)        000000
__size_of_OpenTimer1             (abs)        000000
__size_of_OpenUSART              (abs)        000000
__size_of_ReadTimer1             (abs)        000000
__size_of_ReadUSART              (abs)        000000
__size_of_SleepIfOkay            (abs)        000000
__size_of_ToMainHigh_recvmsg     (abs)        000000
__size_of_ToMainHigh_sendmsg     (abs)        000000
__size_of_ToMainLow_recvmsg      (abs)        000000
__size_of_ToMainLow_sendmsg      (abs)        000000
__size_of_WriteTimer0            (abs)        000000
__size_of_WriteTimer1            (abs)        000000
__size_of_block_on_To_msgqueues  (abs)        000000
__size_of_check_msg              (abs)        000000
__size_of_driverMalloc           (abs)        000000
__size_of_enable_interrupts      (abs)        000000
__size_of_enter_sleep_mode       (abs)        000000
__size_of_i2c_master_int_handler (abs)        000000
__size_of_i2c_master_recv        (abs)        000000
__size_of_in_high_int            (abs)        000000
__size_of_in_low_int             (abs)        000000
__size_of_in_main                (abs)        000000
__size_of_init_queue             (abs)        000000
__size_of_init_queues            (abs)        000000
__size_of_init_timer1_lthread    (abs)        000000
__size_of_init_uart_snd_rcv      (abs)        000000
__size_of_main                   (abs)        000000
__size_of_memcpy                 (abs)        000000
__size_of_recv_msg               (abs)        000000
__size_of_send_msg               (abs)        000000
__size_of_timer0_int_handler     (abs)        000000
__size_of_timer0_lthread         (abs)        000000
__size_of_timer1_int_handler     (abs)        000000
__size_of_timer1_lthread         (abs)        000000
__size_of_uart_lthread           (abs)        000000
__size_of_uart_recv_int_handler  (abs)        000000
__size_ofi1_memcpy               (abs)        000000
__size_ofi2_check_msg            (abs)        000000
__size_ofi2_in_high_int          (abs)        000000
__size_ofi2_in_low_int           (abs)        000000
__size_ofi2_memcpy               (abs)        000000
__size_ofi2_send_msg             (abs)        000000
__smallconst                     smallconst   000000
_block_on_To_msgqueues           text14       000820
_check_msg                       text25       00139A
_driverMalloc                    text6        0014A2
_enable_interrupts               text1        001524
_enter_sleep_mode                text43       001644
_heapPointer                     dataBANK0    0000B8
_i2c_master_int_handler          text42       00039A
_i2c_master_recv                 text23       000CC8
_i2c_p                           bssBANK0     0000AA
_ic_ptr                          bssCOMRAM    000030
_in_high_int                     text17       001596
_in_low_int                      text16       000FEE
_in_main                         text15       0010AA
_init_queue                      text24       000E90
_init_queues                     text13       000F16
_init_timer1_lthread             text8        0015D2
_init_uart_snd_rcv               text10       00131C
_main                            text0        0000C6
_memcpy                          text28       001102
_recv_msg                        text27       0005DA
_send_msg                        text34       000C16
_timer0_int_handler              text40       000F88
_timer0_lthread                  text18       001634
_timer1_int_handler              text32       0011AE
_timer1_lthread                  text19       00161A
_uart_lthread                    text20       0011FE
_uart_recv_int_handler           text31       000AAC
_uc_ptr                          nvCOMRAM     000033
check_msg@qptr                   cstackBANK0  00008A
driverMalloc@size                cstackBANK0  00008A
driverMalloc@temp                cstackBANK0  00008C
end_of_initialization            cinit        00128E
i1_memcpy                        text38       001294
i1memcpy@d                       cstackCOMRAM 000007
i1memcpy@d1                      cstackCOMRAM 000001
i1memcpy@n                       cstackCOMRAM 000005
i1memcpy@s                       cstackCOMRAM 000009
i1memcpy@s1                      cstackCOMRAM 000003
i2_check_msg                     text50       00140A
i2_in_high_int                   text49       0015BE
i2_in_low_int                    text46       00104C
i2_memcpy                        text48       001158
i2_send_msg                      text47       00071A
i2c_master_recv@ID               cstackBANK0  00008A
i2c_master_recv@adr              cstackBANK0  00008B
i2c_master_recv@length           cstackBANK0  00008C
i2check_msg@qptr                 cstackBANK0  000060
i2memcpy@d                       cstackBANK0  000066
i2memcpy@d1                      cstackBANK0  000060
i2memcpy@n                       cstackBANK0  000064
i2memcpy@s                       cstackBANK0  000068
i2memcpy@s1                      cstackBANK0  000062
i2send_msg@data                  cstackBANK0  00006E
i2send_msg@length                cstackBANK0  00006C
i2send_msg@msgtype               cstackBANK0  00006D
i2send_msg@qmsg                  cstackBANK0  000074
i2send_msg@qptr                  cstackBANK0  00006A
i2send_msg@slot                  cstackBANK0  000073
i2send_msg@tlength               cstackBANK0  000071
init_queue@i                     cstackBANK0  00008D
init_queue@qptr                  cstackBANK0  00008A
init_timer1_lthread@tptr         cstackBANK0  00008A
init_uart_snd_rcv@uc             cstackBANK0  00008D
int_func                         intcode_body 000E00
intlevel0                        text         000000
intlevel1                        text         000000
intlevel2                        text         000000
intlevel3                        text         000000
main@last_reg_recvd              cstackBANK2  000236
main@length                      cstackBANK2  000248
main@msgbuffer                   cstackBANK2  000237
main@msgtype                     cstackBANK2  000249
main@t0thread_data               cstackBANK2  000244
main@t1thread_data               cstackBANK2  000246
main@uc                          cstackBANK2  00024A
main@uthread_data                cstackBANK2  000242
memcpy@d                         cstackBANK0  000090
memcpy@d1                        cstackBANK0  00008A
memcpy@n                         cstackBANK0  00008E
memcpy@s                         cstackBANK0  000092
memcpy@s1                        cstackBANK0  00008C
recv_msg@data                    cstackBANK0  000099
recv_msg@maxlength               cstackBANK0  000096
recv_msg@msgtype                 cstackBANK0  000097
recv_msg@qmsg                    cstackBANK0  0000A0
recv_msg@qptr                    cstackBANK0  000094
recv_msg@slot                    cstackBANK0  00009D
recv_msg@tlength                 cstackBANK0  00009E
send_msg@data                    cstackCOMRAM 00000F
send_msg@length                  cstackCOMRAM 00000D
send_msg@msgtype                 cstackCOMRAM 00000E
send_msg@qmsg                    cstackCOMRAM 000015
send_msg@qptr                    cstackCOMRAM 00000B
send_msg@slot                    cstackCOMRAM 000014
send_msg@tlength                 cstackCOMRAM 000012
start                            init         0000C2
start_initialization             cinit        00124C
timer0_lthread@msgbuffer         cstackBANK0  000090
timer0_lthread@msgval            cstackBANK0  000092
timer1_int_handler@result        cstackCOMRAM 00001D
timer1_lthread@tptr              cstackBANK0  00008A
uart_lthread@length              cstackBANK0  00008E
uart_lthread@msgbuffer           cstackBANK0  000090
uart_lthread@msgtype             cstackBANK0  00008C


FUNCTION INFORMATION:

 *************** function _main *****************
 Defined at:
		line 125 in file "../src/main.c"
 Parameters:    Size  Location     Type
		None
 Auto vars:     Size  Location     Type
  uc             19   20[BANK2 ] struct __uart_comm
  msgbuffer      11    1[BANK2 ] unsigned char [11]
  ADCbufferI2C    8    0        unsigned char [8]
  t1thread_dat    2   16[BANK2 ] struct __timer1_thread_s
  t0thread_dat    2   14[BANK2 ] struct __timer0_thread_s
  uthread_data    2   12[BANK2 ] struct __uart_thread_str
  msgtype         1   19[BANK2 ] unsigned char 
  length          1   18[BANK2 ] char 
  last_reg_rec    1    0[BANK2 ] unsigned char 
  i               1    0        unsigned char 
  c               1    0        unsigned char 
  ADCBufferLen    1    0        unsigned char 
 Return value:  Size  Location     Type
		None               void
 Registers used:
		wreg, fsr1l, fsr1h, fsr2l, fsr2h, status,2, status,0, prodl, prodh, cstack
 Tracked objects:
		On entry : 
		On exit  : 
		Unchanged: 
 Data sizes:     COMRAM   BANK0   BANK1   BANK2   BANK3   BANK4   BANK5   BANK6   BANK7   BANK8   BANK9  BANK10  BANK11  BANK12
      Params:         0       0       0       0       0       0       0       0       0       0       0       0       0       0
      Locals:         0       0       0      39       0       0       0       0       0       0       0       0       0       0
      Temps:          0       3       0       0       0       0       0       0       0       0       0       0       0       0
      Totals:         0       3       0      39       0       0       0       0       0       0       0       0       0       0
Total ram usage:       42 bytes
 Hardware stack levels required when called:   14
 This function calls:
		_init_uart_snd_rcv
		_init_timer1_lthread
		_init_queues
		_OpenTimer0
		_OpenTimer1
		_enable_interrupts
		_I2CInit
		_DriverColorAdd
		_DriverIRAdd
		_block_on_To_msgqueues
		_ToMainHigh_recvmsg
		_timer0_lthread
		_ToMainLow_recvmsg
		_i2c_master_recv
		_timer1_lthread
		_uart_lthread
 This function is called by:
		Startup code after reset
 This function uses a non-reentrant model


 *************** function _enable_interrupts *****************
 Defined at:
		line 15 in file "../src/interrupts.c"
 Parameters:    Size  Location     Type
		None
 Auto vars:     Size  Location     Type
		None
 Return value:  Size  Location     Type
		None               void
 Registers used:
		wreg, status,2, status,0
 Tracked objects:
		On entry : 
		On exit  : 
		Unchanged: 
 Data sizes:     COMRAM   BANK0   BANK1   BANK2   BANK3   BANK4   BANK5   BANK6   BANK7   BANK8   BANK9  BANK10  BANK11  BANK12
      Params:         0       0       0       0       0       0       0       0       0       0       0       0       0       0
      Locals:         0       0       0       0       0       0       0       0       0       0       0       0       0       0
      Temps:          0       1       0       0       0       0       0       0       0       0       0       0       0       0
      Totals:         0       1       0       0       0       0       0       0       0       0       0       0       0       0
Total ram usage:        1 bytes
 Hardware stack levels used:    1
 Hardware stack levels required when called:   10
 This function calls:
		Nothing
 This function is called by:
		_main
 This function uses a non-reentrant model


 *************** function _DriverIRAdd *****************
 Defined at:
		line 31 in file "../src/IR.h"
 Parameters:    Size  Location     Type
  id              1   47[BANK0 ] unsigned char 
 Auto vars:     Size  Location     Type
  context         2   48[BANK0 ] PTR struct DRIVER_T
		 -> DriverHeap(10), 
 Return value:  Size  Location     Type
		None               void
 Registers used:
		wreg, fsr2l, fsr2h, status,2, status,0, prodl, prodh, cstack
 Tracked objects:
		On entry : 
		On exit  : 
		Unchanged: 
 Data sizes:     COMRAM   BANK0   BANK1   BANK2   BANK3   BANK4   BANK5   BANK6   BANK7   BANK8   BANK9  BANK10  BANK11  BANK12
      Params:         0       1       0       0       0       0       0       0       0       0       0       0       0       0
      Locals:         0       2       0       0       0       0       0       0       0       0       0       0       0       0
      Temps:          0       0       0       0       0       0       0       0       0       0       0       0       0       0
      Totals:         0       3       0       0       0       0       0       0       0       0       0       0       0       0
Total ram usage:        3 bytes
 Hardware stack levels used:    1
 Hardware stack levels required when called:   12
 This function calls:
		_driverMalloc
		_DriverIRInit
 This function is called by:
		_main
 This function uses a non-reentrant model


 *************** function _DriverIRInit *****************
 Defined at:
		line 12 in file "../src/IR.h"
 Parameters:    Size  Location     Type
  driver          2   43[BANK0 ] PTR struct DRIVER_T
		 -> DriverHeap(10), 
 Auto vars:     Size  Location     Type
  self            2   45[BANK0 ] PTR struct DRIVERIRMEMBE
		 -> DriverHeap(10), 
 Return value:  Size  Location     Type
		None               void
 Registers used:
		wreg, fsr2l, fsr2h, status,2, status,0, cstack
 Tracked objects:
		On entry : 
		On exit  : 
		Unchanged: 
 Data sizes:     COMRAM   BANK0   BANK1   BANK2   BANK3   BANK4   BANK5   BANK6   BANK7   BANK8   BANK9  BANK10  BANK11  BANK12
      Params:         0       2       0       0       0       0       0       0       0       0       0       0       0       0
      Locals:         0       2       0       0       0       0       0       0       0       0       0       0       0       0
      Temps:          0       0       0       0       0       0       0       0       0       0       0       0       0       0
      Totals:         0       4       0       0       0       0       0       0       0       0       0       0       0       0
Total ram usage:        4 bytes
 Hardware stack levels used:    1
 Hardware stack levels required when called:   11
 This function calls:
		_DebugPrint
 This function is called by:
		_DriverIRAdd
 This function uses a non-reentrant model


 *************** function _DriverColorAdd *****************
 Defined at:
		line 32 in file "../src/Color.h"
 Parameters:    Size  Location     Type
  id              1   46[BANK0 ] unsigned char 
 Auto vars:     Size  Location     Type
  context         2   47[BANK0 ] PTR struct DRIVER_T
		 -> DriverHeap(10), 
 Return value:  Size  Location     Type
		None               void
 Registers used:
		wreg, fsr2l, fsr2h, status,2, status,0, prodl, prodh, cstack
 Tracked objects:
		On entry : 
		On exit  : 
		Unchanged: 
 Data sizes:     COMRAM   BANK0   BANK1   BANK2   BANK3   BANK4   BANK5   BANK6   BANK7   BANK8   BANK9  BANK10  BANK11  BANK12
      Params:         0       1       0       0       0       0       0       0       0       0       0       0       0       0
      Locals:         0       2       0       0       0       0       0       0       0       0       0       0       0       0
      Temps:          0       0       0       0       0       0       0       0       0       0       0       0       0       0
      Totals:         0       3       0       0       0       0       0       0       0       0       0       0       0       0
Total ram usage:        3 bytes
 Hardware stack levels used:    1
 Hardware stack levels required when called:   11
 This function calls:
		_driverMalloc
		_DriverColorInit
 This function is called by:
		_main
 This function uses a non-reentrant model


 *************** function _DriverColorInit *****************
 Defined at:
		line 12 in file "../src/Color.h"
 Parameters:    Size  Location     Type
  driver          2   42[BANK0 ] PTR struct DRIVER_T
		 -> DriverHeap(10), 
 Auto vars:     Size  Location     Type
  self            2   44[BANK0 ] PTR struct DRIVERColorME
		 -> DriverHeap(10), 
 Return value:  Size  Location     Type
		None               void
 Registers used:
		None
 Tracked objects:
		On entry : 
		On exit  : 
		Unchanged: 
 Data sizes:     COMRAM   BANK0   BANK1   BANK2   BANK3   BANK4   BANK5   BANK6   BANK7   BANK8   BANK9  BANK10  BANK11  BANK12
      Params:         0       2       0       0       0       0       0       0       0       0       0       0       0       0
      Locals:         0       2       0       0       0       0       0       0       0       0       0       0       0       0
      Temps:          0       0       0       0       0       0       0       0       0       0       0       0       0       0
      Totals:         0       4       0       0       0       0       0       0       0       0       0       0       0       0
Total ram usage:        4 bytes
 Hardware stack levels used:    1
 Hardware stack levels required when called:   10
 This function calls:
		Nothing
 This function is called by:
		_DriverColorAdd
 This function uses a non-reentrant model


 *************** function _driverMalloc *****************
 Defined at:
		line 10 in file "../src/drivers.h"
 Parameters:    Size  Location     Type
  size            2   42[BANK0 ] int 
 Auto vars:     Size  Location     Type
  temp            2   44[BANK0 ] PTR unsigned char 
		 -> DriverHeap(10), 
 Return value:  Size  Location     Type
                  2   42[BANK0 ] PTR unsigned char 
 Registers used:
		wreg, status,2, status,0
 Tracked objects:
		On entry : 
		On exit  : 
		Unchanged: 
 Data sizes:     COMRAM   BANK0   BANK1   BANK2   BANK3   BANK4   BANK5   BANK6   BANK7   BANK8   BANK9  BANK10  BANK11  BANK12
      Params:         0       2       0       0       0       0       0       0       0       0       0       0       0       0
      Locals:         0       2       0       0       0       0       0       0       0       0       0       0       0       0
      Temps:          0       0       0       0       0       0       0       0       0       0       0       0       0       0
      Totals:         0       4       0       0       0       0       0       0       0       0       0       0       0       0
Total ram usage:        4 bytes
 Hardware stack levels used:    1
 Hardware stack levels required when called:   10
 This function calls:
		Nothing
 This function is called by:
		_DriverColorAdd
		_DriverIRAdd
		_DriverMotorAdd
 This function uses a non-reentrant model


 *************** function _DebugPrint *****************
 Defined at:
		line 3 in file "../src/debug.c"
 Parameters:    Size  Location     Type
  out             1   42[BANK0 ] unsigned char 
 Auto vars:     Size  Location     Type
		None
 Return value:  Size  Location     Type
		None               void
 Registers used:
		None
 Tracked objects:
		On entry : 
		On exit  : 
		Unchanged: 
 Data sizes:     COMRAM   BANK0   BANK1   BANK2   BANK3   BANK4   BANK5   BANK6   BANK7   BANK8   BANK9  BANK10  BANK11  BANK12
      Params:         0       1       0       0       0       0       0       0       0       0       0       0       0       0
      Locals:         0       0       0       0       0       0       0       0       0       0       0       0       0       0
      Temps:          0       0       0       0       0       0       0       0       0       0       0       0       0       0
      Totals:         0       1       0       0       0       0       0       0       0       0       0       0       0       0
Total ram usage:        1 bytes
 Hardware stack levels used:    1
 Hardware stack levels required when called:   10
 This function calls:
		Nothing
 This function is called by:
		_DriverIRInit
		_DriverMotorInit
 This function uses a non-reentrant model


 *************** function _init_timer1_lthread *****************
 Defined at:
		line 6 in file "../src/timer1_thread.c"
 Parameters:    Size  Location     Type
  tptr            2   42[BANK0 ] PTR struct __timer1_thre
		 -> main@t1thread_data(2), 
 Auto vars:     Size  Location     Type
		None
 Return value:  Size  Location     Type
		None               void
 Registers used:
		wreg, fsr2l, fsr2h
 Tracked objects:
		On entry : 
		On exit  : 
		Unchanged: 
 Data sizes:     COMRAM   BANK0   BANK1   BANK2   BANK3   BANK4   BANK5   BANK6   BANK7   BANK8   BANK9  BANK10  BANK11  BANK12
      Params:         0       2       0       0       0       0       0       0       0       0       0       0       0       0
      Locals:         0       0       0       0       0       0       0       0       0       0       0       0       0       0
      Temps:          0       0       0       0       0       0       0       0       0       0       0       0       0       0
      Totals:         0       2       0       0       0       0       0       0       0       0       0       0       0       0
Total ram usage:        2 bytes
 Hardware stack levels used:    1
 Hardware stack levels required when called:   10
 This function calls:
		Nothing
 This function is called by:
		_main
 This function uses a non-reentrant model


 *************** function _OpenTimer1 *****************
 Defined at:
		line 17 in file "plib/Timers/t1open.c"
 Parameters:    Size  Location     Type
  config          1   42[BANK0 ] unsigned char 
 Auto vars:     Size  Location     Type
		None
 Return value:  Size  Location     Type
		None               void
 Registers used:
		wreg, status,2, status,0
 Tracked objects:
		On entry : 
		On exit  : 
		Unchanged: 
 Data sizes:     COMRAM   BANK0   BANK1   BANK2   BANK3   BANK4   BANK5   BANK6   BANK7   BANK8   BANK9  BANK10  BANK11  BANK12
      Params:         0       1       0       0       0       0       0       0       0       0       0       0       0       0
      Locals:         0       0       0       0       0       0       0       0       0       0       0       0       0       0
      Temps:          0       0       0       0       0       0       0       0       0       0       0       0       0       0
      Totals:         0       1       0       0       0       0       0       0       0       0       0       0       0       0
Total ram usage:        1 bytes
 Hardware stack levels used:    1
 Hardware stack levels required when called:   10
 This function calls:
		Nothing
 This function is called by:
		_main
 This function uses a non-reentrant model


 *************** function _init_uart_snd_rcv *****************
 Defined at:
		line 62 in file "../src/my_uart.c"
 Parameters:    Size  Location     Type
  uc              2   45[BANK0 ] PTR struct __uart_comm
		 -> main@uc(19), 
 Auto vars:     Size  Location     Type
		None
 Return value:  Size  Location     Type
		None               void
 Registers used:
		wreg, fsr2l, fsr2h, status,2, status,0, cstack
 Tracked objects:
		On entry : 
		On exit  : 
		Unchanged: 
 Data sizes:     COMRAM   BANK0   BANK1   BANK2   BANK3   BANK4   BANK5   BANK6   BANK7   BANK8   BANK9  BANK10  BANK11  BANK12
      Params:         0       2       0       0       0       0       0       0       0       0       0       0       0       0
      Locals:         0       0       0       0       0       0       0       0       0       0       0       0       0       0
      Temps:          0       1       0       0       0       0       0       0       0       0       0       0       0       0
      Totals:         0       3       0       0       0       0       0       0       0       0       0       0       0       0
Total ram usage:        3 bytes
 Hardware stack levels used:    1
 Hardware stack levels required when called:   11
 This function calls:
		_OpenUSART
 This function is called by:
		_main
 This function uses a non-reentrant model


 *************** function _I2CInit *****************
 Defined at:
		line 142 in file "../src/i2cMaster.c"
 Parameters:    Size  Location     Type
		None
 Auto vars:     Size  Location     Type
		None
 Return value:  Size  Location     Type
		None               void
 Registers used:
		wreg, fsr2l, fsr2h, status,2, status,0
 Tracked objects:
		On entry : 
		On exit  : 
		Unchanged: 
 Data sizes:     COMRAM   BANK0   BANK1   BANK2   BANK3   BANK4   BANK5   BANK6   BANK7   BANK8   BANK9  BANK10  BANK11  BANK12
      Params:         0       0       0       0       0       0       0       0       0       0       0       0       0       0
      Locals:         0       0       0       0       0       0       0       0       0       0       0       0       0       0
      Temps:          0       0       0       0       0       0       0       0       0       0       0       0       0       0
      Totals:         0       0       0       0       0       0       0       0       0       0       0       0       0       0
Total ram usage:        0 bytes
 Hardware stack levels used:    1
 Hardware stack levels required when called:   10
 This function calls:
		Nothing
 This function is called by:
		_main
 This function uses a non-reentrant model


 *************** function _OpenTimer0 *****************
 Defined at:
		line 19 in file "plib/Timers/t0open.c"
 Parameters:    Size  Location     Type
  config          1   42[BANK0 ] unsigned char 
 Auto vars:     Size  Location     Type
		None
 Return value:  Size  Location     Type
		None               void
 Registers used:
		wreg, status,2, status,0
 Tracked objects:
		On entry : 
		On exit  : 
		Unchanged: 
 Data sizes:     COMRAM   BANK0   BANK1   BANK2   BANK3   BANK4   BANK5   BANK6   BANK7   BANK8   BANK9  BANK10  BANK11  BANK12
      Params:         0       1       0       0       0       0       0       0       0       0       0       0       0       0
      Locals:         0       0       0       0       0       0       0       0       0       0       0       0       0       0
      Temps:          0       0       0       0       0       0       0       0       0       0       0       0       0       0
      Totals:         0       1       0       0       0       0       0       0       0       0       0       0       0       0
Total ram usage:        1 bytes
 Hardware stack levels used:    1
 Hardware stack levels required when called:   10
 This function calls:
		Nothing
 This function is called by:
		_main
 This function uses a non-reentrant model


 *************** function _init_queues *****************
 Defined at:
		line 194 in file "../src/messages.c"
 Parameters:    Size  Location     Type
		None
 Auto vars:     Size  Location     Type
		None
 Return value:  Size  Location     Type
		None               void
 Registers used:
		wreg, fsr2l, fsr2h, status,2, status,0, prodl, prodh, cstack
 Tracked objects:
		On entry : 
		On exit  : 
		Unchanged: 
 Data sizes:     COMRAM   BANK0   BANK1   BANK2   BANK3   BANK4   BANK5   BANK6   BANK7   BANK8   BANK9  BANK10  BANK11  BANK12
      Params:         0       0       0       0       0       0       0       0       0       0       0       0       0       0
      Locals:         0       0       0       0       0       0       0       0       0       0       0       0       0       0
      Temps:          0       1       0       0       0       0       0       0       0       0       0       0       0       0
      Totals:         0       1       0       0       0       0       0       0       0       0       0       0       0       0
Total ram usage:        1 bytes
 Hardware stack levels used:    1
 Hardware stack levels required when called:   11
 This function calls:
		_init_queue
 This function is called by:
		_main
 This function uses a non-reentrant model


 *************** function _block_on_To_msgqueues *****************
 Defined at:
		line 258 in file "../src/messages.c"
 Parameters:    Size  Location     Type
		None
 Auto vars:     Size  Location     Type
		None
 Return value:  Size  Location     Type
		None               void
 Registers used:
		wreg, fsr2l, fsr2h, status,2, status,0, prodl, prodh, cstack
 Tracked objects:
		On entry : 
		On exit  : 
		Unchanged: 
 Data sizes:     COMRAM   BANK0   BANK1   BANK2   BANK3   BANK4   BANK5   BANK6   BANK7   BANK8   BANK9  BANK10  BANK11  BANK12
      Params:         0       0       0       0       0       0       0       0       0       0       0       0       0       0
      Locals:         0       0       0       0       0       0       0       0       0       0       0       0       0       0
      Temps:          0       1       0       0       0       0       0       0       0       0       0       0       0       0
      Totals:         0       1       0       0       0       0       0       0       0       0       0       0       0       0
Total ram usage:        1 bytes
 Hardware stack levels used:    1
 Hardware stack levels required when called:   13
 This function calls:
		_in_main
		_check_msg
		_Delay1KTCYx
 This function is called by:
		_main
 This function uses a non-reentrant model


 *************** function _in_main *****************
 Defined at:
		line 42 in file "../src/interrupts.c"
 Parameters:    Size  Location     Type
		None
 Auto vars:     Size  Location     Type
		None
 Return value:  Size  Location     Type
                  2   46[BANK0 ] int 
 Registers used:
		wreg, status,2, status,0, cstack
 Tracked objects:
		On entry : 
		On exit  : 
		Unchanged: 
 Data sizes:     COMRAM   BANK0   BANK1   BANK2   BANK3   BANK4   BANK5   BANK6   BANK7   BANK8   BANK9  BANK10  BANK11  BANK12
      Params:         0       2       0       0       0       0       0       0       0       0       0       0       0       0
      Locals:         0       0       0       0       0       0       0       0       0       0       0       0       0       0
      Temps:          0       0       0       0       0       0       0       0       0       0       0       0       0       0
      Totals:         0       2       0       0       0       0       0       0       0       0       0       0       0       0
Total ram usage:        2 bytes
 Hardware stack levels used:    1
 Hardware stack levels required when called:   12
 This function calls:
		_in_low_int
		_in_high_int
 This function is called by:
		_block_on_To_msgqueues
 This function uses a non-reentrant model


 *************** function _in_low_int *****************
 Defined at:
		line 32 in file "../src/interrupts.c"
 Parameters:    Size  Location     Type
		None
 Auto vars:     Size  Location     Type
		None
 Return value:  Size  Location     Type
                  2   44[BANK0 ] int 
 Registers used:
		wreg, status,2, status,0, cstack
 Tracked objects:
		On entry : 
		On exit  : 
		Unchanged: 
 Data sizes:     COMRAM   BANK0   BANK1   BANK2   BANK3   BANK4   BANK5   BANK6   BANK7   BANK8   BANK9  BANK10  BANK11  BANK12
      Params:         0       2       0       0       0       0       0       0       0       0       0       0       0       0
      Locals:         0       0       0       0       0       0       0       0       0       0       0       0       0       0
      Temps:          0       0       0       0       0       0       0       0       0       0       0       0       0       0
      Totals:         0       2       0       0       0       0       0       0       0       0       0       0       0       0
Total ram usage:        2 bytes
 Hardware stack levels used:    1
 Hardware stack levels required when called:   11
 This function calls:
		_in_high_int
 This function is called by:
		_in_main
 This function uses a non-reentrant model


 *************** function _in_high_int *****************
 Defined at:
		line 24 in file "../src/interrupts.c"
 Parameters:    Size  Location     Type
		None
 Auto vars:     Size  Location     Type
		None
 Return value:  Size  Location     Type
                  2   42[BANK0 ] int 
 Registers used:
		wreg, status,2
 Tracked objects:
		On entry : 
		On exit  : 
		Unchanged: 
 Data sizes:     COMRAM   BANK0   BANK1   BANK2   BANK3   BANK4   BANK5   BANK6   BANK7   BANK8   BANK9  BANK10  BANK11  BANK12
      Params:         0       2       0       0       0       0       0       0       0       0       0       0       0       0
      Locals:         0       0       0       0       0       0       0       0       0       0       0       0       0       0
      Temps:          0       0       0       0       0       0       0       0       0       0       0       0       0       0
      Totals:         0       2       0       0       0       0       0       0       0       0       0       0       0       0
Total ram usage:        2 bytes
 Hardware stack levels used:    1
 Hardware stack levels required when called:   10
 This function calls:
		Nothing
 This function is called by:
		_in_low_int
		_in_main
 This function uses a non-reentrant model


 *************** function _timer0_lthread *****************
 Defined at:
		line 9 in file "../src/timer0_thread.c"
 Parameters:    Size  Location     Type
  tptr            2   42[BANK0 ] PTR struct __timer0_thre
		 -> main@t0thread_data(2), 
  msgtype         2   44[BANK0 ] int 
  length          2   46[BANK0 ] int 
  msgbuffer       2   48[BANK0 ] PTR unsigned char 
		 -> main@msgbuffer(11), 
 Auto vars:     Size  Location     Type
  msgval          2   50[BANK0 ] PTR unsigned int 
		 -> main@msgbuffer(11), 
 Return value:  Size  Location     Type
                  2   42[BANK0 ] int 
 Registers used:
		None
 Tracked objects:
		On entry : 
		On exit  : 
		Unchanged: 
 Data sizes:     COMRAM   BANK0   BANK1   BANK2   BANK3   BANK4   BANK5   BANK6   BANK7   BANK8   BANK9  BANK10  BANK11  BANK12
      Params:         0       8       0       0       0       0       0       0       0       0       0       0       0       0
      Locals:         0       2       0       0       0       0       0       0       0       0       0       0       0       0
      Temps:          0       0       0       0       0       0       0       0       0       0       0       0       0       0
      Totals:         0      10       0       0       0       0       0       0       0       0       0       0       0       0
Total ram usage:       10 bytes
 Hardware stack levels used:    1
 Hardware stack levels required when called:   10
 This function calls:
		Nothing
 This function is called by:
		_main
 This function uses a non-reentrant model


 *************** function _timer1_lthread *****************
 Defined at:
		line 14 in file "../src/timer1_thread.c"
 Parameters:    Size  Location     Type
  tptr            2   42[BANK0 ] PTR struct __timer1_thre
		 -> main@t1thread_data(2), 
  msgtype         2   44[BANK0 ] int 
  length          2   46[BANK0 ] int 
  msgbuffer       2   48[BANK0 ] PTR unsigned char 
		 -> main@msgbuffer(11), 
 Auto vars:     Size  Location     Type
  retval          1    0        char 
 Return value:  Size  Location     Type
                  2   42[BANK0 ] int 
 Registers used:
		wreg, fsr2l, fsr2h, status,2, status,0
[...]
 This function calls:
		_i2c_master_int_handler
		_timer0_int_handler
		_SleepIfOkay
 This function is called by:
		Interrupt level 2
 This function uses a non-reentrant model


 *************** function _timer0_int_handler *****************
 Defined at:
		line 16 in file "../src/user_interrupts.c"
 Parameters:    Size  Location     Type
		None
 Auto vars:     Size  Location     Type
  msgtype         2    0        int 
  length          2    0        int 
  val             2    0        unsigned int 
 Return value:  Size  Location     Type
		None               void
 Registers used:
		wreg, fsr1l, fsr1h, fsr2l, fsr2h, status,2, status,0, prodl, prodh, cstack
 Tracked objects:
		On entry : 
		On exit  : 
		Unchanged: 
 Data sizes:     COMRAM   BANK0   BANK1   BANK2   BANK3   BANK4   BANK5   BANK6   BANK7   BANK8   BANK9  BANK10  BANK11  BANK12
      Params:         0       0       0       0       0       0       0       0       0       0       0       0       0       0
      Locals:         0       0       0       0       0       0       0       0       0       0       0       0       0       0
      Temps:          0       2       0       0       0       0       0       0       0       0       0       0       0       0
      Totals:         0       2       0       0       0       0       0       0       0       0       0       0       0       0
Total ram usage:        2 bytes
 Hardware stack levels used:    1
 Hardware stack levels required when called:    3
 This function calls:
		_ToMainHigh_sendmsg
		_WriteTimer0
 This function is called by:
		_InterruptHandlerHigh
 This function uses a non-reentrant model


 *************** function _SleepIfOkay *****************
 Defined at:
		line 228 in file "../src/messages.c"
 Parameters:    Size  Location     Type
		None
 Auto vars:     Size  Location     Type
		None
 Return value:  Size  Location     Type
		None               void
 Registers used:
		wreg, fsr2l, fsr2h, status,2, status,0, prodl, prodh, cstack
 Tracked objects:
		On entry : 
		On exit  : 
		Unchanged: 
 Data sizes:     COMRAM   BANK0   BANK1   BANK2   BANK3   BANK4   BANK5   BANK6   BANK7   BANK8   BANK9  BANK10  BANK11  BANK12
      Params:         0       0       0       0       0       0       0       0       0       0       0       0       0       0
      Locals:         0       0       0       0       0       0       0       0       0       0       0       0       0       0
      Temps:          0       0       0       0       0       0       0       0       0       0       0       0       0       0
      Totals:         0       0       0       0       0       0       0       0       0       0       0       0       0       0
Total ram usage:        0 bytes
 Hardware stack levels used:    1
 Hardware stack levels required when called:    2
 This function calls:
		i2_in_low_int
		i2_in_high_int
		i2_check_msg
		_enter_sleep_mode
 This function is called by:
		_InterruptHandlerHigh
 This function uses a non-reentrant model


 *************** function _i2c_master_int_handler *****************
 Defined at:
		line 82 in file "../src/i2cMaster.c"
 Parameters:    Size  Location     Type
		None
 Auto vars:     Size  Location     Type
		None
 Return value:  Size  Location     Type
		None               void
 Registers used:
		wreg, fsr2l, fsr2h, status,2, status,0, prodl, prodh
 Tracked objects:
		On entry : 
		On exit  : 
		Unchanged: 
 Data sizes:     COMRAM   BANK0   BANK1   BANK2   BANK3   BANK4   BANK5   BANK6   BANK7   BANK8   BANK9  BANK10  BANK11  BANK12
      Params:         0       0       0       0       0       0       0       0       0       0       0       0       0       0
      Locals:         0       0       0       0       0       0       0       0       0       0       0       0       0       0
      Temps:          0       1       0       0       0       0       0       0       0       0       0       0       0       0
      Totals:         0       1       0       0       0       0       0       0       0       0       0       0       0       0
Total ram usage:        1 bytes
 Hardware stack levels used:    1
 This function calls:
		Nothing
 This function is called by:
		_InterruptHandlerHigh
 This function uses a non-reentrant model


 *************** function _enter_sleep_mode *****************
 Defined at:
		line 202 in file "../src/messages.c"
 Parameters:    Size  Location     Type
		None
 Auto vars:     Size  Location     Type
		None
 Return value:  Size  Location     Type
		None               void
 Registers used:
		None
 Tracked objects:
		On entry : 
		On exit  : 
		Unchanged: 
 Data sizes:     COMRAM   BANK0   BANK1   BANK2   BANK3   BANK4   BANK5   BANK6   BANK7   BANK8   BANK9  BANK10  BANK11  BANK12
      Params:         0       0       0       0       0       0       0       0       0       0       0       0       0       0
      Locals:         0       0       0       0       0       0       0       0       0       0       0       0       0       0
      Temps:          0       0       0       0       0       0       0       0       0       0       0       0       0       0
      Totals:         0       0       0       0       0       0       0       0       0       0       0       0       0       0
Total ram usage:        0 bytes
 Hardware stack levels used:    1
 This function calls:
		Nothing
 This function is called by:
		_SleepIfOkay
 This function uses a non-reentrant model


 *************** function _ToMainHigh_sendmsg *****************
 Defined at:
		line 126 in file "../src/messages.c"
 Parameters:    Size  Location     Type
  length          1   22[BANK0 ] unsigned char 
  msgtype         1   23[BANK0 ] unsigned char 
  data            2   24[BANK0 ] PTR void 
		 -> NULL(0), i2c_int_handler@error_buf(3), 
 Auto vars:     Size  Location     Type
		None
 Return value:  Size  Location     Type
                  1    wreg      char 
 Registers used:
		wreg, fsr1l, fsr1h, fsr2l, fsr2h, status,2, status,0, prodl, prodh, cstack
 Tracked objects:
		On entry : 
		On exit  : 
		Unchanged: 
 Data sizes:     COMRAM   BANK0   BANK1   BANK2   BANK3   BANK4   BANK5   BANK6   BANK7   BANK8   BANK9  BANK10  BANK11  BANK12
      Params:         0       4       0       0       0       0       0       0       0       0       0       0       0       0
      Locals:         0       0       0       0       0       0       0       0       0       0       0       0       0       0
      Temps:          0       0       0       0       0       0       0       0       0       0       0       0       0       0
      Totals:         0       4       0       0       0       0       0       0       0       0       0       0       0       0
Total ram usage:        4 bytes
 Hardware stack levels used:    1
 Hardware stack levels required when called:    2
 This function calls:
		i2_send_msg
 This function is called by:
		_timer0_int_handler
		_i2c_int_handler
 This function uses a non-reentrant model


 *************** function _WriteTimer0 *****************
 Defined at:
		line 17 in file "plib/Timers/t0write.c"
 Parameters:    Size  Location     Type
  timer0          2    0[BANK0 ] unsigned int 
 Auto vars:     Size  Location     Type
  timer           2    2[BANK0 ] struct Timers
 Return value:  Size  Location     Type
		None               void
 Registers used:
		None
 Tracked objects:
		On entry : 
		On exit  : 
		Unchanged: 
 Data sizes:     COMRAM   BANK0   BANK1   BANK2   BANK3   BANK4   BANK5   BANK6   BANK7   BANK8   BANK9  BANK10  BANK11  BANK12
      Params:         0       2       0       0       0       0       0       0       0       0       0       0       0       0
      Locals:         0       2       0       0       0       0       0       0       0       0       0       0       0       0
      Temps:          0       0       0       0       0       0       0       0       0       0       0       0       0       0
      Totals:         0       4       0       0       0       0       0       0       0       0       0       0       0       0
Total ram usage:        4 bytes
 Hardware stack levels used:    1
 This function calls:
		Nothing
 This function is called by:
		_timer0_int_handler
 This function uses a non-reentrant model


 *************** function i2_in_low_int *****************
 Defined at:
		line 32 in file "../src/interrupts.c"
 Parameters:    Size  Location     Type
		None
 Auto vars:     Size  Location     Type
		None
 Return value:  Size  Location     Type
                  2    2[BANK0 ] int 
 Registers used:
		wreg, status,2, status,0, cstack
 Tracked objects:
		On entry : 
		On exit  : 
		Unchanged: 
 Data sizes:     COMRAM   BANK0   BANK1   BANK2   BANK3   BANK4   BANK5   BANK6   BANK7   BANK8   BANK9  BANK10  BANK11  BANK12
      Params:         0       2       0       0       0       0       0       0       0       0       0       0       0       0
      Locals:         0       0       0       0       0       0       0       0       0       0       0       0       0       0
      Temps:          0       0       0       0       0       0       0       0       0       0       0       0       0       0
      Totals:         0       2       0       0       0       0       0       0       0       0       0       0       0       0
Total ram usage:        2 bytes
 Hardware stack levels used:    1
 Hardware stack levels required when called:    1
 This function calls:
		i2_in_high_int
 This function is called by:
		_SleepIfOkay
 This function uses a non-reentrant model


 *************** function i2_send_msg *****************
 Defined at:
		line 24 in file "../src/messages.c"
 Parameters:    Size  Location     Type
  send_msg        2   10[BANK0 ] PTR struct __msg_queue
		 -> FromMainHigh_MQ(54), FromMainLow_MQ(54), ToMainHigh_MQ(54), ToMainLow_MQ(54), 
  send_msg        1   12[BANK0 ] unsigned char 
  send_msg        1   13[BANK0 ] unsigned char 
  send_msg        2   14[BANK0 ] PTR void 
		 -> NULL(0), i2c_int_handler@error_buf(3), main@uc(19), 
 Auto vars:     Size  Location     Type
  send_msg        2   20[BANK0 ] PTR struct __msg
		 -> FromMainHigh_MQ(54), FromMainLow_MQ(54), ToMainHigh_MQ(54), ToMainLow_MQ(54), 
  send_msg        2   17[BANK0 ] unsigned int 
  send_msg        1   19[BANK0 ] unsigned char 
 Return value:  Size  Location     Type
                  1    wreg      char 
 Registers used:
		wreg, fsr1l, fsr1h, fsr2l, fsr2h, status,2, status,0, prodl, prodh, cstack
 Tracked objects:
		On entry : 
		On exit  : 
		Unchanged: 
 Data sizes:     COMRAM   BANK0   BANK1   BANK2   BANK3   BANK4   BANK5   BANK6   BANK7   BANK8   BANK9  BANK10  BANK11  BANK12
      Params:         0       6       0       0       0       0       0       0       0       0       0       0       0       0
      Locals:         0       5       0       0       0       0       0       0       0       0       0       0       0       0
      Temps:          0       1       0       0       0       0       0       0       0       0       0       0       0       0
      Totals:         0      12       0       0       0       0       0       0       0       0       0       0       0       0
Total ram usage:       12 bytes
 Hardware stack levels used:    1
 Hardware stack levels required when called:    1
 This function calls:
		i2_memcpy
 This function is called by:
		_ToMainHigh_sendmsg
 This function uses a non-reentrant model


 *************** function i2_memcpy *****************
 Defined at:
		line 13 in file "C:\Program Files (x86)\Microchip\xc8\v1.12\sources\memcpy.c"
 Parameters:    Size  Location     Type
  memcpy          2    0[BANK0 ] PTR void 
		 -> FromMainHigh_MQ(54), FromMainLow_MQ(54), ToMainHigh_MQ(54), ToMainLow_MQ(54), 
		 -> main@msgbuffer(11), 
  memcpy          2    2[BANK0 ] PTR const void 
		 -> NULL(0), i2c_int_handler@error_buf(3), FromMainHigh_MQ(54), FromMainLow_MQ(54), 
		 -> ToMainHigh_MQ(54), ToMainLow_MQ(54), main@uc(19), 
  memcpy          2    4[BANK0 ] unsigned int 
 Auto vars:     Size  Location     Type
  memcpy          2    8[BANK0 ] PTR const unsigned char 
		 -> NULL(0), i2c_int_handler@error_buf(3), FromMainHigh_MQ(54), FromMainLow_MQ(54), 
		 -> ToMainHigh_MQ(54), ToMainLow_MQ(54), main@uc(19), 
  memcpy          2    6[BANK0 ] PTR unsigned char 
		 -> FromMainHigh_MQ(54), FromMainLow_MQ(54), ToMainHigh_MQ(54), ToMainLow_MQ(54), 
		 -> main@msgbuffer(11), 
 Return value:  Size  Location     Type
                  2    0[BANK0 ] PTR void 
 Registers used:
		wreg, fsr1l, fsr1h, fsr2l, fsr2h, status,2, status,0
 Tracked objects:
		On entry : 
		On exit  : 
		Unchanged: 
 Data sizes:     COMRAM   BANK0   BANK1   BANK2   BANK3   BANK4   BANK5   BANK6   BANK7   BANK8   BANK9  BANK10  BANK11  BANK12
      Params:         0       6       0       0       0       0       0       0       0       0       0       0       0       0
      Locals:         0       4       0       0       0       0       0       0       0       0       0       0       0       0
      Temps:          0       0       0       0       0       0       0       0       0       0       0       0       0       0
      Totals:         0      10       0       0       0       0       0       0       0       0       0       0       0       0
Total ram usage:       10 bytes
 Hardware stack levels used:    1
 This function calls:
		Nothing
 This function is called by:
		i2_send_msg
 This function uses a non-reentrant model


 *************** function i2_in_high_int *****************
 Defined at:
		line 24 in file "../src/interrupts.c"
 Parameters:    Size  Location     Type
		None
 Auto vars:     Size  Location     Type
		None
 Return value:  Size  Location     Type
                  2    0[BANK0 ] int 
 Registers used:
		wreg, status,2
 Tracked objects:
		On entry : 
		On exit  : 
		Unchanged: 
 Data sizes:     COMRAM   BANK0   BANK1   BANK2   BANK3   BANK4   BANK5   BANK6   BANK7   BANK8   BANK9  BANK10  BANK11  BANK12
      Params:         0       2       0       0       0       0       0       0       0       0       0       0       0       0
      Locals:         0       0       0       0       0       0       0       0       0       0       0       0       0       0
      Temps:          0       0       0       0       0       0       0       0       0       0       0       0       0       0
      Totals:         0       2       0       0       0       0       0       0       0       0       0       0       0       0
Total ram usage:        2 bytes
 Hardware stack levels used:    1
 This function calls:
		Nothing
 This function is called by:
		_SleepIfOkay
		i2_in_low_int
 This function uses a non-reentrant model


 *************** function i2_check_msg *****************
 Defined at:
		line 222 in file "../src/messages.c"
 Parameters:    Size  Location     Type
  check_msg       2    0[BANK0 ] PTR struct __msg_queue
		 -> ToMainHigh_MQ(54), ToMainLow_MQ(54), 
 Auto vars:     Size  Location     Type
		None
 Return value:  Size  Location     Type
                  1    wreg      unsigned char 
 Registers used:
		wreg, fsr2l, fsr2h, status,2, status,0, prodl, prodh
 Tracked objects:
		On entry : 
		On exit  : 
		Unchanged: 
 Data sizes:     COMRAM   BANK0   BANK1   BANK2   BANK3   BANK4   BANK5   BANK6   BANK7   BANK8   BANK9  BANK10  BANK11  BANK12
      Params:         0       2       0       0       0       0       0       0       0       0       0       0       0       0
      Locals:         0       0       0       0       0       0       0       0       0       0       0       0       0       0
      Temps:          0       1       0       0       0       0       0       0       0       0       0       0       0       0
      Totals:         0       3       0       0       0       0       0       0       0       0       0       0       0       0
Total ram usage:        3 bytes
 Hardware stack levels used:    1
 This function calls:
		Nothing
 This function is called by:
		_SleepIfOkay
 This function uses a non-reentrant model



MODULE INFORMATION

Module		Function		Class		Link	Load	Size
../src/drivers.h
		_driverMalloc  		CODE           	14A2	0000	44

../src/drivers.h estimated size: 44

../src/IR.h
		_DriverIRAdd   		CODE           	0900	0000	214
		_DriverIRInit  		CODE           	12DC	0000	64

../src/IR.h estimated size: 278

plib/Timers/t0open.c
		_OpenTimer0    		CODE           	14FA	0000	42

plib/Timers/t0open.c estimated size: 42

plib/Timers/t1open.c
		_OpenTimer1    		CODE           	135C	0000	62

plib/Timers/t1open.c estimated size: 62

../src/i2cMaster.c
		_i2c_master_rec		CODE           	0CC8	0000	158
		_i2c_master_int		CODE           	039A	0000	576
		_I2CInit       		CODE           	154C	0000	38

../src/i2cMaster.c estimated size: 772

../src/user_interrupts.c
		_timer0_int_han		CODE           	0F88	0000	102
		_timer1_int_han		CODE           	11AE	0000	80

../src/user_interrupts.c estimated size: 182

../src/timer0_thread.c
		_timer0_lthread		CODE           	1634	0000	10

../src/timer0_thread.c estimated size: 10

shared
		i2_send_msg    		CODE           	071A	0000	262
		i2_in_high_int 		CODE           	15BE	0000	20
		__initializatio		CODE           	124C	0000	66
		i2_in_low_int  		CODE           	104C	0000	94
		i1_memcpy      		CODE           	1294	0000	72
		i2_memcpy      		CODE           	1158	0000	86
		i2_check_msg   		CODE           	140A	0000	56

shared estimated size: 656

C:\Program Files (x86)\Microchip\xc8\v1.12\sources\memcpy.c
		_memcpy        		CODE           	1102	0000	86

C:\Program Files (x86)\Microchip\xc8\v1.12\sources\memcpy.c estimated size: 86

plib/USART/uopen.c
		_OpenUSART     		CODE           	0B62	0000	180

plib/USART/uopen.c estimated size: 180

../src/timer1_thread.c
		_timer1_lthread		CODE           	161A	0000	16
		_init_timer1_lt		CODE           	15D2	0000	18

../src/timer1_thread.c estimated size: 34

../src/debug.c
		_DebugPrint    		CODE           	163E	0000	6

../src/debug.c estimated size: 6

plib/Timers/t0write.c
		_WriteTimer0   		CODE           	1608	0000	18

plib/Timers/t0write.c estimated size: 18

plib/Timers/t1write.c
		_WriteTimer1   		CODE           	15F6	0000	18

plib/Timers/t1write.c estimated size: 18

../src/uart_thread.c
		_uart_lthread  		CODE           	11FE	0000	78

../src/uart_thread.c estimated size: 78

../common/d1ktcyx.c
		_Delay1KTCYx   		CODE           	15AA	0000	20

../common/d1ktcyx.c estimated size: 20

../src/interrupts.c
		_enable_interru		CODE           	1524	0000	40
		_in_low_int    		CODE           	0FEE	0000	94
		_in_main       		CODE           	10AA	0000	88
		_in_high_int   		CODE           	1596	0000	20
		_InterruptHandl		CODE           	0018	0000	170
		_InterruptHandl		CODE           	0008	0000	3720

../src/interrupts.c estimated size: 4132

plib/Timers/t1read.c
		_ReadTimer1    		CODE           	15E4	0000	18

plib/Timers/t1read.c estimated size: 18

../src/my_uart.c
		_uart_recv_int_		CODE           	0AAC	0000	182
		_init_uart_snd_		CODE           	131C	0000	64

../src/my_uart.c estimated size: 246

../src/Color.h
		_DriverColorIni		CODE           	162A	0000	10
		_DriverColorAdd		CODE           	09D6	0000	214

../src/Color.h estimated size: 224

../src/messages.c
		_ToMainHigh_sen		CODE           	14CE	0000	44
		_ToMainHigh_rec		CODE           	1442	0000	48
		_block_on_To_ms		CODE           	0820	0000	224
		_check_msg     		CODE           	139A	0000	56
		_ToMainLow_send		CODE           	1572	0000	36
		_ToMainLow_recv		CODE           	1472	0000	48
		_enter_sleep_mo		CODE           	1644	0000	6
		_send_msg      		CODE           	0C16	0000	178
		_init_queue    		CODE           	0E90	0000	134
		_init_queues   		CODE           	0F16	0000	114
		_recv_msg      		CODE           	05DA	0000	320
		_SleepIfOkay   		CODE           	0D66	0000	154

../src/messages.c estimated size: 1362

plib/USART/uread.c
		_ReadUSART     		CODE           	13D2	0000	56

plib/USART/uread.c estimated size: 56

../src/main.c
		_main          		CODE           	00C6	0000	724

../src/main.c estimated size: 724

